[0.019s] Invoking command in '/home/lin/SX_RM_Navigation/Path_Navigation/build/terrain_analysis_ext': CMAKE_PREFIX_PATH=/opt/ros/humble /usr/bin/cmake /home/lin/SX_RM_Navigation/Path_Navigation/src/terrain_analysis_ext -DCMAKE_BUILD_TYPE=Release -DAMENT_CMAKE_SYMLINK_INSTALL=1 -DCMAKE_INSTALL_PREFIX=/home/lin/SX_RM_Navigation/Path_Navigation/install/terrain_analysis_ext
[0.095s] -- The C compiler identification is GNU 11.4.0
[0.168s] -- The CXX compiler identification is GNU 11.4.0
[0.178s] -- Detecting C compiler ABI info
[0.232s] -- Detecting C compiler ABI info - done
[0.240s] -- Check for working C compiler: /usr/bin/cc - skipped
[0.241s] -- Detecting C compile features
[0.241s] -- Detecting C compile features - done
[0.244s] -- Detecting CXX compiler ABI info
[0.302s] -- Detecting CXX compiler ABI info - done
[0.306s] -- Check for working CXX compiler: /usr/bin/c++ - skipped
[0.306s] -- Detecting CXX compile features
[0.307s] -- Detecting CXX compile features - done
[0.308s] -- Found ament_cmake: 1.3.13 (/opt/ros/humble/share/ament_cmake/cmake)
[0.394s] -- Found Python3: /usr/bin/python3 (found version "3.10.12") found components: Interpreter 
[0.434s] -- Override CMake install command with custom implementation using symlinks instead of copying resources
[0.459s] -- Found rclcpp: 16.0.18 (/opt/ros/humble/share/rclcpp/cmake)
[0.494s] -- Found rosidl_generator_c: 3.1.8 (/opt/ros/humble/share/rosidl_generator_c/cmake)
[0.498s] -- Found rosidl_adapter: 3.1.8 (/opt/ros/humble/share/rosidl_adapter/cmake)
[0.507s] -- Found rosidl_generator_cpp: 3.1.8 (/opt/ros/humble/share/rosidl_generator_cpp/cmake)
[0.516s] -- Using all available rosidl_typesupport_c: rosidl_typesupport_fastrtps_c;rosidl_typesupport_introspection_c
[0.528s] -- Using all available rosidl_typesupport_cpp: rosidl_typesupport_fastrtps_cpp;rosidl_typesupport_introspection_cpp
[0.561s] -- Found rmw_implementation_cmake: 6.1.2 (/opt/ros/humble/share/rmw_implementation_cmake/cmake)
[0.563s] -- Found rmw_fastrtps_cpp: 6.2.10 (/opt/ros/humble/share/rmw_fastrtps_cpp/cmake)
[0.625s] -- Found OpenSSL: /usr/lib/x86_64-linux-gnu/libcrypto.so (found version "3.0.2")  
[0.642s] -- Found FastRTPS: /opt/ros/humble/include  
[0.674s] -- Using RMW implementation 'rmw_fastrtps_cpp' as default
[0.683s] -- Looking for pthread.h
[0.732s] -- Looking for pthread.h - found
[0.732s] -- Performing Test CMAKE_HAVE_LIBC_PTHREAD
[0.787s] -- Performing Test CMAKE_HAVE_LIBC_PTHREAD - Success
[0.788s] -- Found Threads: TRUE  
[0.821s] -- Found nav_msgs: 4.9.1 (/opt/ros/humble/share/nav_msgs/cmake)
[0.839s] -- Found sensor_msgs: 4.9.1 (/opt/ros/humble/share/sensor_msgs/cmake)
[0.852s] -- Found tf2_ros: 0.25.19 (/opt/ros/humble/share/tf2_ros/cmake)
[0.907s] -- Found tf2_geometry_msgs: 0.25.19 (/opt/ros/humble/share/tf2_geometry_msgs/cmake)
[0.915s] -- Found eigen3_cmake_module: 0.1.1 (/opt/ros/humble/share/eigen3_cmake_module/cmake)
[0.915s] -- Found Eigen3: TRUE (found version "3.4.0") 
[0.915s] -- Ensuring Eigen3 include directory is part of orocos-kdl CMake target
[0.917s] -- Found pcl_conversions: 2.4.5 (/opt/ros/humble/share/pcl_conversions/cmake)
[0.936s] -- Checking for module 'eigen3'
[0.944s] --   Found eigen3, version 3.4.0
[0.965s] -- Found Eigen: /usr/include/eigen3 (Required is at least version "3.1") 
[0.965s] -- Eigen found (include: /usr/include/eigen3, version: 3.4.0)
[0.995s] -- Checking for module 'flann'
[1.004s] --   Found flann, version 1.9.1
[1.032s] -- Found FLANN: /usr/lib/x86_64-linux-gnu/libflann_cpp.so  
[1.032s] -- FLANN found (include: /usr/include, lib: /usr/lib/x86_64-linux-gnu/libflann_cpp.so)
[1.700s] -- Checking for module 'libusb-1.0'
[1.710s] --   Found libusb-1.0, version 1.0.25
[1.736s] -- Found libusb: /usr/lib/x86_64-linux-gnu/libusb-1.0.so  
[1.737s] -- OpenNI found (version: 1.5.4.0, include: /usr/include/ni, lib: /usr/lib/libOpenNI.so;libusb::libusb)
[1.772s] -- OpenNI2 found (version: 2.2.0.33, include: /usr/include/openni2, lib: /usr/lib/x86_64-linux-gnu/libOpenNI2.so;libusb::libusb)
[1.878s] -- Eigen found (include: /usr/include/eigen3, version: 3.4.0)
[1.884s] -- OpenNI found (version: 1.5.4.0, include: /usr/include/ni, lib: /usr/lib/libOpenNI.so;libusb::libusb)
[1.890s] -- OpenNI2 found (version: 2.2.0.33, include: /usr/include/openni2, lib: /usr/lib/x86_64-linux-gnu/libOpenNI2.so;libusb::libusb)
[2.020s] -- Found Qhull version 8.0.2
[2.130s] -- OpenNI found (version: 1.5.4.0, include: /usr/include/ni, lib: /usr/lib/libOpenNI.so;libusb::libusb)
[2.250s] -- Found PCL_COMMON: /usr/lib/x86_64-linux-gnu/libpcl_common.so  
[2.251s] -- Found PCL_KDTREE: /usr/lib/x86_64-linux-gnu/libpcl_kdtree.so  
[2.251s] -- Found PCL_OCTREE: /usr/lib/x86_64-linux-gnu/libpcl_octree.so  
[2.252s] -- Found PCL_SEARCH: /usr/lib/x86_64-linux-gnu/libpcl_search.so  
[2.252s] -- Found PCL_SAMPLE_CONSENSUS: /usr/lib/x86_64-linux-gnu/libpcl_sample_consensus.so  
[2.253s] -- Found PCL_FILTERS: /usr/lib/x86_64-linux-gnu/libpcl_filters.so  
[2.253s] -- Found PCL_2D: /usr/include/pcl-1.12  
[2.254s] -- Found PCL_GEOMETRY: /usr/include/pcl-1.12  
[2.254s] -- Found PCL_IO: /usr/lib/x86_64-linux-gnu/libpcl_io.so  
[2.255s] -- Found PCL_FEATURES: /usr/lib/x86_64-linux-gnu/libpcl_features.so  
[2.256s] -- Found PCL_ML: /usr/lib/x86_64-linux-gnu/libpcl_ml.so  
[2.256s] -- Found PCL_SEGMENTATION: /usr/lib/x86_64-linux-gnu/libpcl_segmentation.so  
[2.257s] -- Found PCL_VISUALIZATION: /usr/lib/x86_64-linux-gnu/libpcl_visualization.so  
[2.258s] -- Found PCL_SURFACE: /usr/lib/x86_64-linux-gnu/libpcl_surface.so  
[2.258s] -- Found PCL_REGISTRATION: /usr/lib/x86_64-linux-gnu/libpcl_registration.so  
[2.259s] -- Found PCL_KEYPOINTS: /usr/lib/x86_64-linux-gnu/libpcl_keypoints.so  
[2.260s] -- Found PCL_TRACKING: /usr/lib/x86_64-linux-gnu/libpcl_tracking.so  
[2.260s] -- Found PCL_RECOGNITION: /usr/lib/x86_64-linux-gnu/libpcl_recognition.so  
[2.261s] -- Found PCL_STEREO: /usr/lib/x86_64-linux-gnu/libpcl_stereo.so  
[2.262s] -- Found PCL_APPS: /usr/lib/x86_64-linux-gnu/libpcl_apps.so  
[2.262s] -- Found PCL_IN_HAND_SCANNER: /usr/include/pcl-1.12  
[2.262s] -- Found PCL_MODELER: /usr/include/pcl-1.12  
[2.263s] -- Found PCL_POINT_CLOUD_EDITOR: /usr/include/pcl-1.12  
[2.263s] -- Found PCL_OUTOFCORE: /usr/lib/x86_64-linux-gnu/libpcl_outofcore.so  
[2.264s] -- Found PCL_PEOPLE: /usr/lib/x86_64-linux-gnu/libpcl_people.so  
[2.266s] -- Found pcl_ros: 2.4.5 (/opt/ros/humble/share/pcl_ros/cmake)
[2.280s] -- Found ament_lint_auto: 0.12.15 (/opt/ros/humble/share/ament_lint_auto/cmake)
[2.361s] -- Added test 'copyright' to check source files copyright and LICENSE
[2.362s] -- Added test 'cppcheck' to perform static code analysis on C / C++ code
[2.362s] -- Configured cppcheck include dirs: 
[2.362s] -- Configured cppcheck exclude dirs and/or files: 
[2.363s] -- Added test 'cpplint' to check C / C++ code against the Google style
[2.363s] -- Configured cpplint exclude dirs and/or files: 
[2.363s] -- Added test 'lint_cmake' to check CMake code style
[2.364s] -- Added test 'uncrustify' to check C / C++ code style
[2.364s] -- Configured uncrustify additional arguments: 
[2.364s] -- Added test 'xmllint' to check XML markup files
[2.365s] -- Configuring done
[2.396s] -- Generating done
[2.403s] -- Build files have been written to: /home/lin/SX_RM_Navigation/Path_Navigation/build/terrain_analysis_ext
[2.418s] Invoked command in '/home/lin/SX_RM_Navigation/Path_Navigation/build/terrain_analysis_ext' returned '0': CMAKE_PREFIX_PATH=/opt/ros/humble /usr/bin/cmake /home/lin/SX_RM_Navigation/Path_Navigation/src/terrain_analysis_ext -DCMAKE_BUILD_TYPE=Release -DAMENT_CMAKE_SYMLINK_INSTALL=1 -DCMAKE_INSTALL_PREFIX=/home/lin/SX_RM_Navigation/Path_Navigation/install/terrain_analysis_ext
[2.420s] Invoking command in '/home/lin/SX_RM_Navigation/Path_Navigation/build/terrain_analysis_ext': CMAKE_PREFIX_PATH=/opt/ros/humble /usr/bin/cmake --build /home/lin/SX_RM_Navigation/Path_Navigation/build/terrain_analysis_ext -- -j32 -l32
[2.466s] [ 50%] [32mBuilding CXX object CMakeFiles/terrainAnalysisExt.dir/src/terrainAnalysisExt.cpp.o[0m
[21.276s] [100%] [32m[1mLinking CXX executable terrainAnalysisExt[0m
[21.831s] [100%] Built target terrainAnalysisExt
[21.843s] Invoked command in '/home/lin/SX_RM_Navigation/Path_Navigation/build/terrain_analysis_ext' returned '0': CMAKE_PREFIX_PATH=/opt/ros/humble /usr/bin/cmake --build /home/lin/SX_RM_Navigation/Path_Navigation/build/terrain_analysis_ext -- -j32 -l32
[21.844s] Invoking command in '/home/lin/SX_RM_Navigation/Path_Navigation/build/terrain_analysis_ext': CMAKE_PREFIX_PATH=/opt/ros/humble /usr/bin/cmake --install /home/lin/SX_RM_Navigation/Path_Navigation/build/terrain_analysis_ext
[21.850s] -- Install configuration: "Release"
[21.850s] -- Execute custom install script
[21.850s] -- Symlinking: /home/lin/SX_RM_Navigation/Path_Navigation/install/terrain_analysis_ext/lib/terrain_analysis_ext/terrainAnalysisExt
[21.859s] -- Symlinking: /home/lin/SX_RM_Navigation/Path_Navigation/install/terrain_analysis_ext/share/terrain_analysis_ext/launch/terrain_analysis_ext.launch
[21.867s] -- Symlinking: /home/lin/SX_RM_Navigation/Path_Navigation/install/terrain_analysis_ext/share/ament_index/resource_index/package_run_dependencies/terrain_analysis_ext
[21.874s] -- Symlinking: /home/lin/SX_RM_Navigation/Path_Navigation/install/terrain_analysis_ext/share/ament_index/resource_index/parent_prefix_path/terrain_analysis_ext
[21.882s] -- Symlinking: /home/lin/SX_RM_Navigation/Path_Navigation/install/terrain_analysis_ext/share/terrain_analysis_ext/environment/ament_prefix_path.sh
[21.890s] -- Symlinking: /home/lin/SX_RM_Navigation/Path_Navigation/install/terrain_analysis_ext/share/terrain_analysis_ext/environment/ament_prefix_path.dsv
[21.897s] -- Symlinking: /home/lin/SX_RM_Navigation/Path_Navigation/install/terrain_analysis_ext/share/terrain_analysis_ext/environment/path.sh
[21.904s] -- Symlinking: /home/lin/SX_RM_Navigation/Path_Navigation/install/terrain_analysis_ext/share/terrain_analysis_ext/environment/path.dsv
[21.911s] -- Symlinking: /home/lin/SX_RM_Navigation/Path_Navigation/install/terrain_analysis_ext/share/terrain_analysis_ext/local_setup.bash
[21.918s] -- Symlinking: /home/lin/SX_RM_Navigation/Path_Navigation/install/terrain_analysis_ext/share/terrain_analysis_ext/local_setup.sh
[21.925s] -- Symlinking: /home/lin/SX_RM_Navigation/Path_Navigation/install/terrain_analysis_ext/share/terrain_analysis_ext/local_setup.zsh
[21.932s] -- Symlinking: /home/lin/SX_RM_Navigation/Path_Navigation/install/terrain_analysis_ext/share/terrain_analysis_ext/local_setup.dsv
[21.939s] -- Symlinking: /home/lin/SX_RM_Navigation/Path_Navigation/install/terrain_analysis_ext/share/terrain_analysis_ext/package.dsv
[21.946s] -- Symlinking: /home/lin/SX_RM_Navigation/Path_Navigation/install/terrain_analysis_ext/share/ament_index/resource_index/packages/terrain_analysis_ext
[21.954s] -- Symlinking: /home/lin/SX_RM_Navigation/Path_Navigation/install/terrain_analysis_ext/share/terrain_analysis_ext/cmake/terrain_analysis_extConfig.cmake
[21.961s] -- Symlinking: /home/lin/SX_RM_Navigation/Path_Navigation/install/terrain_analysis_ext/share/terrain_analysis_ext/cmake/terrain_analysis_extConfig-version.cmake
[21.968s] -- Symlinking: /home/lin/SX_RM_Navigation/Path_Navigation/install/terrain_analysis_ext/share/terrain_analysis_ext/package.xml
[21.977s] Invoked command in '/home/lin/SX_RM_Navigation/Path_Navigation/build/terrain_analysis_ext' returned '0': CMAKE_PREFIX_PATH=/opt/ros/humble /usr/bin/cmake --install /home/lin/SX_RM_Navigation/Path_Navigation/build/terrain_analysis_ext
