[0.018s] Invoking command in '/home/lin/SX_RM_Navigation/Path_Navigation/build/loam_interface': CMAKE_PREFIX_PATH=/opt/ros/humble /usr/bin/cmake /home/lin/SX_RM_Navigation/Path_Navigation/src/loam_interface -DCMAKE_BUILD_TYPE=Release -DAMENT_CMAKE_SYMLINK_INSTALL=1 -DCMAKE_INSTALL_PREFIX=/home/lin/SX_RM_Navigation/Path_Navigation/install/loam_interface
[0.092s] -- The C compiler identification is GNU 11.4.0
[0.168s] -- The CXX compiler identification is GNU 11.4.0
[0.177s] -- Detecting C compiler ABI info
[0.229s] -- Detecting C compiler ABI info - done
[0.234s] -- Check for working C compiler: /usr/bin/cc - skipped
[0.234s] -- Detecting C compile features
[0.235s] -- Detecting C compile features - done
[0.236s] -- Detecting CXX compiler ABI info
[0.285s] -- Detecting CXX compiler ABI info - done
[0.291s] -- Check for working CXX compiler: /usr/bin/c++ - skipped
[0.291s] -- Detecting CXX compile features
[0.291s] -- Detecting CXX compile features - done
[0.294s] -- Found ament_cmake_auto: 1.3.13 (/opt/ros/humble/share/ament_cmake_auto/cmake)
[0.406s] -- Found Python3: /usr/bin/python3 (found version "3.10.12") found components: Interpreter 
[0.447s] -- Override CMake install command with custom implementation using symlinks instead of copying resources
[0.531s] -- Found rosidl_generator_c: 3.1.8 (/opt/ros/humble/share/rosidl_generator_c/cmake)
[0.533s] -- Found rosidl_adapter: 3.1.8 (/opt/ros/humble/share/rosidl_adapter/cmake)
[0.537s] -- Found rosidl_generator_cpp: 3.1.8 (/opt/ros/humble/share/rosidl_generator_cpp/cmake)
[0.544s] -- Using all available rosidl_typesupport_c: rosidl_typesupport_fastrtps_c;rosidl_typesupport_introspection_c
[0.552s] -- Using all available rosidl_typesupport_cpp: rosidl_typesupport_fastrtps_cpp;rosidl_typesupport_introspection_cpp
[0.575s] -- Found rmw_implementation_cmake: 6.1.2 (/opt/ros/humble/share/rmw_implementation_cmake/cmake)
[0.576s] -- Found rmw_fastrtps_cpp: 6.2.10 (/opt/ros/humble/share/rmw_fastrtps_cpp/cmake)
[0.629s] -- Found OpenSSL: /usr/lib/x86_64-linux-gnu/libcrypto.so (found version "3.0.2")  
[0.651s] -- Found FastRTPS: /opt/ros/humble/include  
[0.677s] -- Using RMW implementation 'rmw_fastrtps_cpp' as default
[0.681s] -- Looking for pthread.h
[0.732s] -- Looking for pthread.h - found
[0.732s] -- Performing Test CMAKE_HAVE_LIBC_PTHREAD
[0.777s] -- Performing Test CMAKE_HAVE_LIBC_PTHREAD - Success
[0.778s] -- Found Threads: TRUE  
[0.898s] -- Found eigen3_cmake_module: 0.1.1 (/opt/ros/humble/share/eigen3_cmake_module/cmake)
[0.899s] -- Found Eigen3: TRUE (found version "3.4.0") 
[0.899s] -- Ensuring Eigen3 include directory is part of orocos-kdl CMake target
[0.941s] -- Checking for module 'eigen3'
[0.950s] --   Found eigen3, version 3.4.0
[0.970s] -- Found Eigen: /usr/include/eigen3 (Required is at least version "3.1") 
[0.970s] -- Eigen found (include: /usr/include/eigen3, version: 3.4.0)
[0.992s] -- Checking for module 'flann'
[1.001s] --   Found flann, version 1.9.1
[1.029s] -- Found FLANN: /usr/lib/x86_64-linux-gnu/libflann_cpp.so  
[1.029s] -- FLANN found (include: /usr/include, lib: /usr/lib/x86_64-linux-gnu/libflann_cpp.so)
[1.705s] -- Checking for module 'libusb-1.0'
[1.715s] --   Found libusb-1.0, version 1.0.25
[1.738s] -- Found libusb: /usr/lib/x86_64-linux-gnu/libusb-1.0.so  
[1.739s] -- OpenNI found (version: 1.5.4.0, include: /usr/include/ni, lib: /usr/lib/libOpenNI.so;libusb::libusb)
[1.778s] -- OpenNI2 found (version: 2.2.0.33, include: /usr/include/openni2, lib: /usr/lib/x86_64-linux-gnu/libOpenNI2.so;libusb::libusb)
[1.901s] -- Eigen found (include: /usr/include/eigen3, version: 3.4.0)
[1.905s] -- OpenNI found (version: 1.5.4.0, include: /usr/include/ni, lib: /usr/lib/libOpenNI.so;libusb::libusb)
[1.910s] -- OpenNI2 found (version: 2.2.0.33, include: /usr/include/openni2, lib: /usr/lib/x86_64-linux-gnu/libOpenNI2.so;libusb::libusb)
[2.023s] -- Found Qhull version 8.0.2
[2.144s] -- OpenNI found (version: 1.5.4.0, include: /usr/include/ni, lib: /usr/lib/libOpenNI.so;libusb::libusb)
[2.280s] -- Found PCL_COMMON: /usr/lib/x86_64-linux-gnu/libpcl_common.so  
[2.281s] -- Found PCL_KDTREE: /usr/lib/x86_64-linux-gnu/libpcl_kdtree.so  
[2.282s] -- Found PCL_OCTREE: /usr/lib/x86_64-linux-gnu/libpcl_octree.so  
[2.283s] -- Found PCL_SEARCH: /usr/lib/x86_64-linux-gnu/libpcl_search.so  
[2.283s] -- Found PCL_SAMPLE_CONSENSUS: /usr/lib/x86_64-linux-gnu/libpcl_sample_consensus.so  
[2.284s] -- Found PCL_FILTERS: /usr/lib/x86_64-linux-gnu/libpcl_filters.so  
[2.285s] -- Found PCL_2D: /usr/include/pcl-1.12  
[2.285s] -- Found PCL_GEOMETRY: /usr/include/pcl-1.12  
[2.286s] -- Found PCL_IO: /usr/lib/x86_64-linux-gnu/libpcl_io.so  
[2.287s] -- Found PCL_FEATURES: /usr/lib/x86_64-linux-gnu/libpcl_features.so  
[2.288s] -- Found PCL_ML: /usr/lib/x86_64-linux-gnu/libpcl_ml.so  
[2.289s] -- Found PCL_SEGMENTATION: /usr/lib/x86_64-linux-gnu/libpcl_segmentation.so  
[2.290s] -- Found PCL_VISUALIZATION: /usr/lib/x86_64-linux-gnu/libpcl_visualization.so  
[2.291s] -- Found PCL_SURFACE: /usr/lib/x86_64-linux-gnu/libpcl_surface.so  
[2.292s] -- Found PCL_REGISTRATION: /usr/lib/x86_64-linux-gnu/libpcl_registration.so  
[2.293s] -- Found PCL_KEYPOINTS: /usr/lib/x86_64-linux-gnu/libpcl_keypoints.so  
[2.294s] -- Found PCL_TRACKING: /usr/lib/x86_64-linux-gnu/libpcl_tracking.so  
[2.295s] -- Found PCL_RECOGNITION: /usr/lib/x86_64-linux-gnu/libpcl_recognition.so  
[2.296s] -- Found PCL_STEREO: /usr/lib/x86_64-linux-gnu/libpcl_stereo.so  
[2.297s] -- Found PCL_APPS: /usr/lib/x86_64-linux-gnu/libpcl_apps.so  
[2.298s] -- Found PCL_IN_HAND_SCANNER: /usr/include/pcl-1.12  
[2.298s] -- Found PCL_MODELER: /usr/include/pcl-1.12  
[2.298s] -- Found PCL_POINT_CLOUD_EDITOR: /usr/include/pcl-1.12  
[2.299s] -- Found PCL_OUTOFCORE: /usr/lib/x86_64-linux-gnu/libpcl_outofcore.so  
[2.300s] -- Found PCL_PEOPLE: /usr/lib/x86_64-linux-gnu/libpcl_people.so  
[2.317s] -- Found ament_lint_auto: 0.12.15 (/opt/ros/humble/share/ament_lint_auto/cmake)
[2.337s] [0mIn this package, headers install destination is set to `include` by ament_auto_package. It is recommended to install `include/loam_interface` instead and will be the default behavior of ament_auto_package from ROS 2 Kilted Kaiju. On distributions before Kilted, ament_auto_package behaves the same way when you use USE_SCOPED_HEADER_INSTALL_DIR option.[0m
[2.340s] -- Added test 'copyright' to check source files copyright and LICENSE
[2.341s] -- Added test 'cppcheck' to perform static code analysis on C / C++ code
[2.341s] -- Configured cppcheck include dirs: /home/lin/SX_RM_Navigation/Path_Navigation/src/loam_interface/include
[2.341s] -- Configured cppcheck exclude dirs and/or files: 
[2.342s] -- Added test 'cpplint' to check C / C++ code against the Google style
[2.342s] -- Configured cpplint exclude dirs and/or files: 
[2.342s] -- Added test 'lint_cmake' to check CMake code style
[2.342s] -- Added test 'pep257' to check Python code against some of the docstring style conventions in PEP 257
[2.343s] -- Added test 'xmllint' to check XML markup files
[2.343s] -- Added test 'clang_format' to check C / C++ code style
[2.343s] -- Added test 'black' to check Python code style
[2.345s] -- Configuring done
[2.383s] -- Generating done
[2.393s] -- Build files have been written to: /home/lin/SX_RM_Navigation/Path_Navigation/build/loam_interface
[2.419s] Invoked command in '/home/lin/SX_RM_Navigation/Path_Navigation/build/loam_interface' returned '0': CMAKE_PREFIX_PATH=/opt/ros/humble /usr/bin/cmake /home/lin/SX_RM_Navigation/Path_Navigation/src/loam_interface -DCMAKE_BUILD_TYPE=Release -DAMENT_CMAKE_SYMLINK_INSTALL=1 -DCMAKE_INSTALL_PREFIX=/home/lin/SX_RM_Navigation/Path_Navigation/install/loam_interface
[2.420s] Invoking command in '/home/lin/SX_RM_Navigation/Path_Navigation/build/loam_interface': CMAKE_PREFIX_PATH=/opt/ros/humble /usr/bin/cmake --build /home/lin/SX_RM_Navigation/Path_Navigation/build/loam_interface -- -j32 -l32
[2.454s] [ 25%] [32mBuilding CXX object CMakeFiles/loam_interface_node.dir/rclcpp_components/node_main_loam_interface_node.cpp.o[0m
[2.454s] [ 50%] [32mBuilding CXX object CMakeFiles/loam_interface.dir/src/loam_interface.cpp.o[0m
[5.932s] [ 75%] [32m[1mLinking CXX executable loam_interface_node[0m
[6.017s] [ 75%] Built target loam_interface_node
[18.782s] [100%] [32m[1mLinking CXX shared library libloam_interface.so[0m
[19.217s] [100%] Built target loam_interface
[19.230s] Invoked command in '/home/lin/SX_RM_Navigation/Path_Navigation/build/loam_interface' returned '0': CMAKE_PREFIX_PATH=/opt/ros/humble /usr/bin/cmake --build /home/lin/SX_RM_Navigation/Path_Navigation/build/loam_interface -- -j32 -l32
[19.231s] Invoking command in '/home/lin/SX_RM_Navigation/Path_Navigation/build/loam_interface': CMAKE_PREFIX_PATH=/opt/ros/humble /usr/bin/cmake --install /home/lin/SX_RM_Navigation/Path_Navigation/build/loam_interface
[19.237s] -- Install configuration: "Release"
[19.237s] -- Execute custom install script
[19.238s] -- Symlinking: /home/lin/SX_RM_Navigation/Path_Navigation/install/loam_interface/lib/loam_interface/loam_interface_node
[19.246s] -- Symlinking: /home/lin/SX_RM_Navigation/Path_Navigation/install/loam_interface/include/loam_interface/loam_interface.hpp
[19.254s] -- Symlinking: /home/lin/SX_RM_Navigation/Path_Navigation/install/loam_interface/share/loam_interface/environment/library_path.sh
[19.262s] -- Symlinking: /home/lin/SX_RM_Navigation/Path_Navigation/install/loam_interface/share/loam_interface/environment/library_path.dsv
[19.270s] -- Symlinking: /home/lin/SX_RM_Navigation/Path_Navigation/install/loam_interface/lib/libloam_interface.so
[19.278s] -- Symlinking: /home/lin/SX_RM_Navigation/Path_Navigation/install/loam_interface/share/loam_interface/launch/loam_interface_launch.py
[19.287s] -- Symlinking: /home/lin/SX_RM_Navigation/Path_Navigation/install/loam_interface/share/ament_index/resource_index/package_run_dependencies/loam_interface
[19.295s] -- Symlinking: /home/lin/SX_RM_Navigation/Path_Navigation/install/loam_interface/share/ament_index/resource_index/parent_prefix_path/loam_interface
[19.302s] -- Symlinking: /home/lin/SX_RM_Navigation/Path_Navigation/install/loam_interface/share/loam_interface/environment/ament_prefix_path.sh
[19.310s] -- Symlinking: /home/lin/SX_RM_Navigation/Path_Navigation/install/loam_interface/share/loam_interface/environment/ament_prefix_path.dsv
[19.318s] -- Symlinking: /home/lin/SX_RM_Navigation/Path_Navigation/install/loam_interface/share/loam_interface/environment/path.sh
[19.326s] -- Symlinking: /home/lin/SX_RM_Navigation/Path_Navigation/install/loam_interface/share/loam_interface/environment/path.dsv
[19.334s] -- Symlinking: /home/lin/SX_RM_Navigation/Path_Navigation/install/loam_interface/share/loam_interface/local_setup.bash
[19.342s] -- Symlinking: /home/lin/SX_RM_Navigation/Path_Navigation/install/loam_interface/share/loam_interface/local_setup.sh
[19.350s] -- Symlinking: /home/lin/SX_RM_Navigation/Path_Navigation/install/loam_interface/share/loam_interface/local_setup.zsh
[19.358s] -- Symlinking: /home/lin/SX_RM_Navigation/Path_Navigation/install/loam_interface/share/loam_interface/local_setup.dsv
[19.366s] -- Symlinking: /home/lin/SX_RM_Navigation/Path_Navigation/install/loam_interface/share/loam_interface/package.dsv
[19.374s] -- Symlinking: /home/lin/SX_RM_Navigation/Path_Navigation/install/loam_interface/share/ament_index/resource_index/packages/loam_interface
[19.382s] -- Symlinking: /home/lin/SX_RM_Navigation/Path_Navigation/install/loam_interface/share/ament_index/resource_index/rclcpp_components/loam_interface
[19.390s] -- Symlinking: /home/lin/SX_RM_Navigation/Path_Navigation/install/loam_interface/share/loam_interface/cmake/ament_cmake_export_dependencies-extras.cmake
[19.398s] -- Symlinking: /home/lin/SX_RM_Navigation/Path_Navigation/install/loam_interface/share/loam_interface/cmake/ament_cmake_export_include_directories-extras.cmake
[19.405s] -- Symlinking: /home/lin/SX_RM_Navigation/Path_Navigation/install/loam_interface/share/loam_interface/cmake/ament_cmake_export_libraries-extras.cmake
[19.413s] -- Symlinking: /home/lin/SX_RM_Navigation/Path_Navigation/install/loam_interface/share/loam_interface/cmake/loam_interfaceConfig.cmake
[19.421s] -- Symlinking: /home/lin/SX_RM_Navigation/Path_Navigation/install/loam_interface/share/loam_interface/cmake/loam_interfaceConfig-version.cmake
[19.429s] -- Symlinking: /home/lin/SX_RM_Navigation/Path_Navigation/install/loam_interface/share/loam_interface/package.xml
[19.439s] Invoked command in '/home/lin/SX_RM_Navigation/Path_Navigation/build/loam_interface' returned '0': CMAKE_PREFIX_PATH=/opt/ros/humble /usr/bin/cmake --install /home/lin/SX_RM_Navigation/Path_Navigation/build/loam_interface
