[0.019s] Invoking command in '/home/lin/SX_RM_Navigation/Path_Navigation/build/terrain_analysis': CMAKE_PREFIX_PATH=/opt/ros/humble /usr/bin/cmake /home/lin/SX_RM_Navigation/Path_Navigation/src/terrain_analysis -DCMAKE_BUILD_TYPE=Release -DAMENT_CMAKE_SYMLINK_INSTALL=1 -DCMAKE_INSTALL_PREFIX=/home/lin/SX_RM_Navigation/Path_Navigation/install/terrain_analysis
[0.099s] -- The C compiler identification is GNU 11.4.0
[0.181s] -- The CXX compiler identification is GNU 11.4.0
[0.189s] -- Detecting C compiler ABI info
[0.241s] -- Detecting C compiler ABI info - done
[0.248s] -- Check for working C compiler: /usr/bin/cc - skipped
[0.249s] -- Detecting C compile features
[0.249s] -- Detecting C compile features - done
[0.253s] -- Detecting CXX compiler ABI info
[0.304s] -- Detecting CXX compiler ABI info - done
[0.309s] -- Check for working CXX compiler: /usr/bin/c++ - skipped
[0.309s] -- Detecting CXX compile features
[0.309s] -- Detecting CXX compile features - done
[0.310s] -- Found ament_cmake: 1.3.13 (/opt/ros/humble/share/ament_cmake/cmake)
[0.393s] -- Found Python3: /usr/bin/python3 (found version "3.10.12") found components: Interpreter 
[0.435s] -- Override CMake install command with custom implementation using symlinks instead of copying resources
[0.460s] -- Found rclcpp: 16.0.18 (/opt/ros/humble/share/rclcpp/cmake)
[0.496s] -- Found rosidl_generator_c: 3.1.8 (/opt/ros/humble/share/rosidl_generator_c/cmake)
[0.500s] -- Found rosidl_adapter: 3.1.8 (/opt/ros/humble/share/rosidl_adapter/cmake)
[0.508s] -- Found rosidl_generator_cpp: 3.1.8 (/opt/ros/humble/share/rosidl_generator_cpp/cmake)
[0.519s] -- Using all available rosidl_typesupport_c: rosidl_typesupport_fastrtps_c;rosidl_typesupport_introspection_c
[0.532s] -- Using all available rosidl_typesupport_cpp: rosidl_typesupport_fastrtps_cpp;rosidl_typesupport_introspection_cpp
[0.569s] -- Found rmw_implementation_cmake: 6.1.2 (/opt/ros/humble/share/rmw_implementation_cmake/cmake)
[0.570s] -- Found rmw_fastrtps_cpp: 6.2.10 (/opt/ros/humble/share/rmw_fastrtps_cpp/cmake)
[0.634s] -- Found OpenSSL: /usr/lib/x86_64-linux-gnu/libcrypto.so (found version "3.0.2")  
[0.656s] -- Found FastRTPS: /opt/ros/humble/include  
[0.684s] -- Using RMW implementation 'rmw_fastrtps_cpp' as default
[0.691s] -- Looking for pthread.h
[0.740s] -- Looking for pthread.h - found
[0.741s] -- Performing Test CMAKE_HAVE_LIBC_PTHREAD
[0.784s] -- Performing Test CMAKE_HAVE_LIBC_PTHREAD - Success
[0.785s] -- Found Threads: TRUE  
[0.818s] -- Found nav_msgs: 4.9.1 (/opt/ros/humble/share/nav_msgs/cmake)
[0.840s] -- Found sensor_msgs: 4.9.1 (/opt/ros/humble/share/sensor_msgs/cmake)
[0.853s] -- Found tf2_ros: 0.25.19 (/opt/ros/humble/share/tf2_ros/cmake)
[0.909s] -- Found tf2_geometry_msgs: 0.25.19 (/opt/ros/humble/share/tf2_geometry_msgs/cmake)
[0.916s] -- Found eigen3_cmake_module: 0.1.1 (/opt/ros/humble/share/eigen3_cmake_module/cmake)
[0.917s] -- Found Eigen3: TRUE (found version "3.4.0") 
[0.917s] -- Ensuring Eigen3 include directory is part of orocos-kdl CMake target
[0.918s] -- Found pcl_conversions: 2.4.5 (/opt/ros/humble/share/pcl_conversions/cmake)
[0.938s] -- Checking for module 'eigen3'
[0.946s] --   Found eigen3, version 3.4.0
[0.964s] -- Found Eigen: /usr/include/eigen3 (Required is at least version "3.1") 
[0.964s] -- Eigen found (include: /usr/include/eigen3, version: 3.4.0)
[0.985s] -- Checking for module 'flann'
[0.993s] --   Found flann, version 1.9.1
[1.021s] -- Found FLANN: /usr/lib/x86_64-linux-gnu/libflann_cpp.so  
[1.021s] -- FLANN found (include: /usr/include, lib: /usr/lib/x86_64-linux-gnu/libflann_cpp.so)
[1.691s] -- Checking for module 'libusb-1.0'
[1.701s] --   Found libusb-1.0, version 1.0.25
[1.727s] -- Found libusb: /usr/lib/x86_64-linux-gnu/libusb-1.0.so  
[1.728s] -- OpenNI found (version: 1.5.4.0, include: /usr/include/ni, lib: /usr/lib/libOpenNI.so;libusb::libusb)
[1.769s] -- OpenNI2 found (version: 2.2.0.33, include: /usr/include/openni2, lib: /usr/lib/x86_64-linux-gnu/libOpenNI2.so;libusb::libusb)
[1.910s] -- Eigen found (include: /usr/include/eigen3, version: 3.4.0)
[1.916s] -- OpenNI found (version: 1.5.4.0, include: /usr/include/ni, lib: /usr/lib/libOpenNI.so;libusb::libusb)
[1.922s] -- OpenNI2 found (version: 2.2.0.33, include: /usr/include/openni2, lib: /usr/lib/x86_64-linux-gnu/libOpenNI2.so;libusb::libusb)
[2.070s] -- Found Qhull version 8.0.2
[2.204s] -- OpenNI found (version: 1.5.4.0, include: /usr/include/ni, lib: /usr/lib/libOpenNI.so;libusb::libusb)
[2.355s] -- Found PCL_COMMON: /usr/lib/x86_64-linux-gnu/libpcl_common.so  
[2.356s] -- Found PCL_KDTREE: /usr/lib/x86_64-linux-gnu/libpcl_kdtree.so  
[2.357s] -- Found PCL_OCTREE: /usr/lib/x86_64-linux-gnu/libpcl_octree.so  
[2.358s] -- Found PCL_SEARCH: /usr/lib/x86_64-linux-gnu/libpcl_search.so  
[2.359s] -- Found PCL_SAMPLE_CONSENSUS: /usr/lib/x86_64-linux-gnu/libpcl_sample_consensus.so  
[2.360s] -- Found PCL_FILTERS: /usr/lib/x86_64-linux-gnu/libpcl_filters.so  
[2.360s] -- Found PCL_2D: /usr/include/pcl-1.12  
[2.360s] -- Found PCL_GEOMETRY: /usr/include/pcl-1.12  
[2.361s] -- Found PCL_IO: /usr/lib/x86_64-linux-gnu/libpcl_io.so  
[2.363s] -- Found PCL_FEATURES: /usr/lib/x86_64-linux-gnu/libpcl_features.so  
[2.364s] -- Found PCL_ML: /usr/lib/x86_64-linux-gnu/libpcl_ml.so  
[2.365s] -- Found PCL_SEGMENTATION: /usr/lib/x86_64-linux-gnu/libpcl_segmentation.so  
[2.366s] -- Found PCL_VISUALIZATION: /usr/lib/x86_64-linux-gnu/libpcl_visualization.so  
[2.367s] -- Found PCL_SURFACE: /usr/lib/x86_64-linux-gnu/libpcl_surface.so  
[2.368s] -- Found PCL_REGISTRATION: /usr/lib/x86_64-linux-gnu/libpcl_registration.so  
[2.369s] -- Found PCL_KEYPOINTS: /usr/lib/x86_64-linux-gnu/libpcl_keypoints.so  
[2.370s] -- Found PCL_TRACKING: /usr/lib/x86_64-linux-gnu/libpcl_tracking.so  
[2.371s] -- Found PCL_RECOGNITION: /usr/lib/x86_64-linux-gnu/libpcl_recognition.so  
[2.372s] -- Found PCL_STEREO: /usr/lib/x86_64-linux-gnu/libpcl_stereo.so  
[2.373s] -- Found PCL_APPS: /usr/lib/x86_64-linux-gnu/libpcl_apps.so  
[2.374s] -- Found PCL_IN_HAND_SCANNER: /usr/include/pcl-1.12  
[2.374s] -- Found PCL_MODELER: /usr/include/pcl-1.12  
[2.374s] -- Found PCL_POINT_CLOUD_EDITOR: /usr/include/pcl-1.12  
[2.375s] -- Found PCL_OUTOFCORE: /usr/lib/x86_64-linux-gnu/libpcl_outofcore.so  
[2.376s] -- Found PCL_PEOPLE: /usr/lib/x86_64-linux-gnu/libpcl_people.so  
[2.380s] -- Found pcl_ros: 2.4.5 (/opt/ros/humble/share/pcl_ros/cmake)
[2.403s] -- Found ament_lint_auto: 0.12.15 (/opt/ros/humble/share/ament_lint_auto/cmake)
[2.460s] -- Added test 'copyright' to check source files copyright and LICENSE
[2.461s] -- Added test 'cppcheck' to perform static code analysis on C / C++ code
[2.461s] -- Configured cppcheck include dirs: 
[2.461s] -- Configured cppcheck exclude dirs and/or files: 
[2.462s] -- Added test 'cpplint' to check C / C++ code against the Google style
[2.462s] -- Configured cpplint exclude dirs and/or files: 
[2.462s] -- Added test 'lint_cmake' to check CMake code style
[2.462s] -- Added test 'uncrustify' to check C / C++ code style
[2.463s] -- Configured uncrustify additional arguments: 
[2.463s] -- Added test 'xmllint' to check XML markup files
[2.464s] -- Configuring done
[2.490s] -- Generating done
[2.497s] -- Build files have been written to: /home/lin/SX_RM_Navigation/Path_Navigation/build/terrain_analysis
[2.509s] Invoked command in '/home/lin/SX_RM_Navigation/Path_Navigation/build/terrain_analysis' returned '0': CMAKE_PREFIX_PATH=/opt/ros/humble /usr/bin/cmake /home/lin/SX_RM_Navigation/Path_Navigation/src/terrain_analysis -DCMAKE_BUILD_TYPE=Release -DAMENT_CMAKE_SYMLINK_INSTALL=1 -DCMAKE_INSTALL_PREFIX=/home/lin/SX_RM_Navigation/Path_Navigation/install/terrain_analysis
[2.510s] Invoking command in '/home/lin/SX_RM_Navigation/Path_Navigation/build/terrain_analysis': CMAKE_PREFIX_PATH=/opt/ros/humble /usr/bin/cmake --build /home/lin/SX_RM_Navigation/Path_Navigation/build/terrain_analysis -- -j32 -l32
[2.562s] [ 50%] [32mBuilding CXX object CMakeFiles/terrainAnalysis.dir/src/terrainAnalysis.cpp.o[0m
[20.943s] [100%] [32m[1mLinking CXX executable terrainAnalysis[0m
[21.539s] [100%] Built target terrainAnalysis
[21.551s] Invoked command in '/home/lin/SX_RM_Navigation/Path_Navigation/build/terrain_analysis' returned '0': CMAKE_PREFIX_PATH=/opt/ros/humble /usr/bin/cmake --build /home/lin/SX_RM_Navigation/Path_Navigation/build/terrain_analysis -- -j32 -l32
[21.552s] Invoking command in '/home/lin/SX_RM_Navigation/Path_Navigation/build/terrain_analysis': CMAKE_PREFIX_PATH=/opt/ros/humble /usr/bin/cmake --install /home/lin/SX_RM_Navigation/Path_Navigation/build/terrain_analysis
[21.558s] -- Install configuration: "Release"
[21.559s] -- Execute custom install script
[21.559s] -- Symlinking: /home/lin/SX_RM_Navigation/Path_Navigation/install/terrain_analysis/lib/terrain_analysis/terrainAnalysis
[21.569s] -- Symlinking: /home/lin/SX_RM_Navigation/Path_Navigation/install/terrain_analysis/share/terrain_analysis/launch/terrain_analysis.launch
[21.577s] -- Symlinking: /home/lin/SX_RM_Navigation/Path_Navigation/install/terrain_analysis/share/ament_index/resource_index/package_run_dependencies/terrain_analysis
[21.585s] -- Symlinking: /home/lin/SX_RM_Navigation/Path_Navigation/install/terrain_analysis/share/ament_index/resource_index/parent_prefix_path/terrain_analysis
[21.594s] -- Symlinking: /home/lin/SX_RM_Navigation/Path_Navigation/install/terrain_analysis/share/terrain_analysis/environment/ament_prefix_path.sh
[21.603s] -- Symlinking: /home/lin/SX_RM_Navigation/Path_Navigation/install/terrain_analysis/share/terrain_analysis/environment/ament_prefix_path.dsv
[21.612s] -- Symlinking: /home/lin/SX_RM_Navigation/Path_Navigation/install/terrain_analysis/share/terrain_analysis/environment/path.sh
[21.619s] -- Symlinking: /home/lin/SX_RM_Navigation/Path_Navigation/install/terrain_analysis/share/terrain_analysis/environment/path.dsv
[21.626s] -- Symlinking: /home/lin/SX_RM_Navigation/Path_Navigation/install/terrain_analysis/share/terrain_analysis/local_setup.bash
[21.633s] -- Symlinking: /home/lin/SX_RM_Navigation/Path_Navigation/install/terrain_analysis/share/terrain_analysis/local_setup.sh
[21.640s] -- Symlinking: /home/lin/SX_RM_Navigation/Path_Navigation/install/terrain_analysis/share/terrain_analysis/local_setup.zsh
[21.648s] -- Symlinking: /home/lin/SX_RM_Navigation/Path_Navigation/install/terrain_analysis/share/terrain_analysis/local_setup.dsv
[21.656s] -- Symlinking: /home/lin/SX_RM_Navigation/Path_Navigation/install/terrain_analysis/share/terrain_analysis/package.dsv
[21.663s] -- Symlinking: /home/lin/SX_RM_Navigation/Path_Navigation/install/terrain_analysis/share/ament_index/resource_index/packages/terrain_analysis
[21.671s] -- Symlinking: /home/lin/SX_RM_Navigation/Path_Navigation/install/terrain_analysis/share/terrain_analysis/cmake/terrain_analysisConfig.cmake
[21.679s] -- Symlinking: /home/lin/SX_RM_Navigation/Path_Navigation/install/terrain_analysis/share/terrain_analysis/cmake/terrain_analysisConfig-version.cmake
[21.686s] -- Symlinking: /home/lin/SX_RM_Navigation/Path_Navigation/install/terrain_analysis/share/terrain_analysis/package.xml
[21.696s] Invoked command in '/home/lin/SX_RM_Navigation/Path_Navigation/build/terrain_analysis' returned '0': CMAKE_PREFIX_PATH=/opt/ros/humble /usr/bin/cmake --install /home/lin/SX_RM_Navigation/Path_Navigation/build/terrain_analysis
