[35m[1mConsolidate compiler generated dependencies of target TF_transform[0m
[ 50%] [32mBuilding CXX object CMakeFiles/TF_transform.dir/src/TF_transform.cpp.o[0m
[100%] [32m[1mLinking CXX executable TF_transform[0m
[100%] Built target TF_transform
-- Install configuration: "Release"
-- Execute custom install script
-- Up-to-date symlink: /home/lin/SX_RM_Navigation/Path_Navigation/install/TF_transform/lib/TF_transform/TF_transform
-- Up-to-date symlink: /home/lin/SX_RM_Navigation/Path_Navigation/install/TF_transform/share/ament_index/resource_index/package_run_dependencies/TF_transform
-- Up-to-date symlink: /home/lin/SX_RM_Navigation/Path_Navigation/install/TF_transform/share/ament_index/resource_index/parent_prefix_path/TF_transform
-- Up-to-date symlink: /home/lin/SX_RM_Navigation/Path_Navigation/install/TF_transform/share/TF_transform/environment/ament_prefix_path.sh
-- Up-to-date symlink: /home/lin/SX_RM_Navigation/Path_Navigation/install/TF_transform/share/TF_transform/environment/ament_prefix_path.dsv
-- Up-to-date symlink: /home/lin/SX_RM_Navigation/Path_Navigation/install/TF_transform/share/TF_transform/environment/path.sh
-- Up-to-date symlink: /home/lin/SX_RM_Navigation/Path_Navigation/install/TF_transform/share/TF_transform/environment/path.dsv
-- Up-to-date symlink: /home/lin/SX_RM_Navigation/Path_Navigation/install/TF_transform/share/TF_transform/local_setup.bash
-- Up-to-date symlink: /home/lin/SX_RM_Navigation/Path_Navigation/install/TF_transform/share/TF_transform/local_setup.sh
-- Up-to-date symlink: /home/lin/SX_RM_Navigation/Path_Navigation/install/TF_transform/share/TF_transform/local_setup.zsh
-- Up-to-date symlink: /home/lin/SX_RM_Navigation/Path_Navigation/install/TF_transform/share/TF_transform/local_setup.dsv
-- Symlinking: /home/lin/SX_RM_Navigation/Path_Navigation/install/TF_transform/share/TF_transform/package.dsv
-- Up-to-date symlink: /home/lin/SX_RM_Navigation/Path_Navigation/install/TF_transform/share/ament_index/resource_index/packages/TF_transform
-- Up-to-date symlink: /home/lin/SX_RM_Navigation/Path_Navigation/install/TF_transform/share/TF_transform/cmake/TF_transformConfig.cmake
-- Up-to-date symlink: /home/lin/SX_RM_Navigation/Path_Navigation/install/TF_transform/share/TF_transform/cmake/TF_transformConfig-version.cmake
-- Up-to-date symlink: /home/lin/SX_RM_Navigation/Path_Navigation/install/TF_transform/share/TF_transform/package.xml
