[0.018s] Invoking command in '/home/lin/SX_RM_Navigation/Path_Navigation/build/sensor_scan_generation': CMAKE_PREFIX_PATH=/opt/ros/humble /usr/bin/cmake /home/lin/SX_RM_Navigation/Path_Navigation/src/sensor_scan_generation -DCMAKE_BUILD_TYPE=Release -DAMENT_CMAKE_SYMLINK_INSTALL=1 -DCMAKE_INSTALL_PREFIX=/home/lin/SX_RM_Navigation/Path_Navigation/install/sensor_scan_generation
[0.089s] -- The C compiler identification is GNU 11.4.0
[0.170s] -- The CXX compiler identification is GNU 11.4.0
[0.178s] -- Detecting C compiler ABI info
[0.223s] -- Detecting C compiler ABI info - done
[0.229s] -- Check for working C compiler: /usr/bin/cc - skipped
[0.229s] -- Detecting C compile features
[0.229s] -- Detecting C compile features - done
[0.231s] -- Detecting CXX compiler ABI info
[0.285s] -- Detecting CXX compiler ABI info - done
[0.289s] -- Check for working CXX compiler: /usr/bin/c++ - skipped
[0.289s] -- Detecting CXX compile features
[0.290s] -- Detecting CXX compile features - done
[0.290s] -- Found ament_cmake_auto: 1.3.13 (/opt/ros/humble/share/ament_cmake_auto/cmake)
[0.403s] -- Found Python3: /usr/bin/python3 (found version "3.10.12") found components: Interpreter 
[0.460s] -- Override CMake install command with custom implementation using symlinks instead of copying resources
[0.565s] -- Found rosidl_generator_c: 3.1.8 (/opt/ros/humble/share/rosidl_generator_c/cmake)
[0.568s] -- Found rosidl_adapter: 3.1.8 (/opt/ros/humble/share/rosidl_adapter/cmake)
[0.572s] -- Found rosidl_generator_cpp: 3.1.8 (/opt/ros/humble/share/rosidl_generator_cpp/cmake)
[0.579s] -- Using all available rosidl_typesupport_c: rosidl_typesupport_fastrtps_c;rosidl_typesupport_introspection_c
[0.587s] -- Using all available rosidl_typesupport_cpp: rosidl_typesupport_fastrtps_cpp;rosidl_typesupport_introspection_cpp
[0.611s] -- Found rmw_implementation_cmake: 6.1.2 (/opt/ros/humble/share/rmw_implementation_cmake/cmake)
[0.612s] -- Found rmw_fastrtps_cpp: 6.2.10 (/opt/ros/humble/share/rmw_fastrtps_cpp/cmake)
[0.663s] -- Found OpenSSL: /usr/lib/x86_64-linux-gnu/libcrypto.so (found version "3.0.2")  
[0.684s] -- Found FastRTPS: /opt/ros/humble/include  
[0.718s] -- Using RMW implementation 'rmw_fastrtps_cpp' as default
[0.726s] -- Looking for pthread.h
[0.765s] -- Looking for pthread.h - found
[0.766s] -- Performing Test CMAKE_HAVE_LIBC_PTHREAD
[0.813s] -- Performing Test CMAKE_HAVE_LIBC_PTHREAD - Success
[0.814s] -- Found Threads: TRUE  
[0.927s] -- Checking for module 'eigen3'
[0.935s] --   Found eigen3, version 3.4.0
[0.955s] -- Found Eigen: /usr/include/eigen3 (Required is at least version "3.1") 
[0.955s] -- Eigen found (include: /usr/include/eigen3, version: 3.4.0)
[0.985s] -- Checking for module 'flann'
[0.994s] --   Found flann, version 1.9.1
[1.022s] -- Found FLANN: /usr/lib/x86_64-linux-gnu/libflann_cpp.so  
[1.022s] -- FLANN found (include: /usr/include, lib: /usr/lib/x86_64-linux-gnu/libflann_cpp.so)
[1.682s] -- Checking for module 'libusb-1.0'
[1.691s] --   Found libusb-1.0, version 1.0.25
[1.717s] -- Found libusb: /usr/lib/x86_64-linux-gnu/libusb-1.0.so  
[1.718s] -- OpenNI found (version: 1.5.4.0, include: /usr/include/ni, lib: /usr/lib/libOpenNI.so;libusb::libusb)
[1.756s] -- OpenNI2 found (version: 2.2.0.33, include: /usr/include/openni2, lib: /usr/lib/x86_64-linux-gnu/libOpenNI2.so;libusb::libusb)
[1.866s] -- Eigen found (include: /usr/include/eigen3, version: 3.4.0)
[1.871s] -- OpenNI found (version: 1.5.4.0, include: /usr/include/ni, lib: /usr/lib/libOpenNI.so;libusb::libusb)
[1.876s] -- OpenNI2 found (version: 2.2.0.33, include: /usr/include/openni2, lib: /usr/lib/x86_64-linux-gnu/libOpenNI2.so;libusb::libusb)
[2.027s] -- Found Qhull version 8.0.2
[2.178s] -- OpenNI found (version: 1.5.4.0, include: /usr/include/ni, lib: /usr/lib/libOpenNI.so;libusb::libusb)
[2.312s] -- Found PCL_COMMON: /usr/lib/x86_64-linux-gnu/libpcl_common.so  
[2.312s] -- Found PCL_KDTREE: /usr/lib/x86_64-linux-gnu/libpcl_kdtree.so  
[2.313s] -- Found PCL_OCTREE: /usr/lib/x86_64-linux-gnu/libpcl_octree.so  
[2.314s] -- Found PCL_SEARCH: /usr/lib/x86_64-linux-gnu/libpcl_search.so  
[2.314s] -- Found PCL_SAMPLE_CONSENSUS: /usr/lib/x86_64-linux-gnu/libpcl_sample_consensus.so  
[2.315s] -- Found PCL_FILTERS: /usr/lib/x86_64-linux-gnu/libpcl_filters.so  
[2.315s] -- Found PCL_2D: /usr/include/pcl-1.12  
[2.315s] -- Found PCL_GEOMETRY: /usr/include/pcl-1.12  
[2.316s] -- Found PCL_IO: /usr/lib/x86_64-linux-gnu/libpcl_io.so  
[2.317s] -- Found PCL_FEATURES: /usr/lib/x86_64-linux-gnu/libpcl_features.so  
[2.317s] -- Found PCL_ML: /usr/lib/x86_64-linux-gnu/libpcl_ml.so  
[2.318s] -- Found PCL_SEGMENTATION: /usr/lib/x86_64-linux-gnu/libpcl_segmentation.so  
[2.319s] -- Found PCL_VISUALIZATION: /usr/lib/x86_64-linux-gnu/libpcl_visualization.so  
[2.319s] -- Found PCL_SURFACE: /usr/lib/x86_64-linux-gnu/libpcl_surface.so  
[2.320s] -- Found PCL_REGISTRATION: /usr/lib/x86_64-linux-gnu/libpcl_registration.so  
[2.321s] -- Found PCL_KEYPOINTS: /usr/lib/x86_64-linux-gnu/libpcl_keypoints.so  
[2.321s] -- Found PCL_TRACKING: /usr/lib/x86_64-linux-gnu/libpcl_tracking.so  
[2.322s] -- Found PCL_RECOGNITION: /usr/lib/x86_64-linux-gnu/libpcl_recognition.so  
[2.323s] -- Found PCL_STEREO: /usr/lib/x86_64-linux-gnu/libpcl_stereo.so  
[2.323s] -- Found PCL_APPS: /usr/lib/x86_64-linux-gnu/libpcl_apps.so  
[2.324s] -- Found PCL_IN_HAND_SCANNER: /usr/include/pcl-1.12  
[2.324s] -- Found PCL_MODELER: /usr/include/pcl-1.12  
[2.324s] -- Found PCL_POINT_CLOUD_EDITOR: /usr/include/pcl-1.12  
[2.325s] -- Found PCL_OUTOFCORE: /usr/lib/x86_64-linux-gnu/libpcl_outofcore.so  
[2.326s] -- Found PCL_PEOPLE: /usr/lib/x86_64-linux-gnu/libpcl_people.so  
[2.343s] -- Found eigen3_cmake_module: 0.1.1 (/opt/ros/humble/share/eigen3_cmake_module/cmake)
[2.344s] -- Found Eigen3: TRUE (found version "3.4.0") 
[2.344s] -- Ensuring Eigen3 include directory is part of orocos-kdl CMake target
[2.399s] -- Found ament_lint_auto: 0.12.15 (/opt/ros/humble/share/ament_lint_auto/cmake)
[2.413s] [0mIn this package, headers install destination is set to `include` by ament_auto_package. It is recommended to install `include/sensor_scan_generation` instead and will be the default behavior of ament_auto_package from ROS 2 Kilted Kaiju. On distributions before Kilted, ament_auto_package behaves the same way when you use USE_SCOPED_HEADER_INSTALL_DIR option.[0m
[2.417s] -- Added test 'copyright' to check source files copyright and LICENSE
[2.417s] -- Added test 'cppcheck' to perform static code analysis on C / C++ code
[2.417s] -- Configured cppcheck include dirs: /home/lin/SX_RM_Navigation/Path_Navigation/src/sensor_scan_generation/include
[2.417s] -- Configured cppcheck exclude dirs and/or files: 
[2.417s] -- Added test 'cpplint' to check C / C++ code against the Google style
[2.417s] -- Configured cpplint exclude dirs and/or files: 
[2.417s] -- Added test 'lint_cmake' to check CMake code style
[2.418s] -- Added test 'pep257' to check Python code against some of the docstring style conventions in PEP 257
[2.418s] -- Added test 'xmllint' to check XML markup files
[2.419s] -- Added test 'clang_format' to check C / C++ code style
[2.419s] -- Added test 'black' to check Python code style
[2.421s] -- Configuring done
[2.448s] -- Generating done
[2.455s] -- Build files have been written to: /home/lin/SX_RM_Navigation/Path_Navigation/build/sensor_scan_generation
[2.475s] Invoked command in '/home/lin/SX_RM_Navigation/Path_Navigation/build/sensor_scan_generation' returned '0': CMAKE_PREFIX_PATH=/opt/ros/humble /usr/bin/cmake /home/lin/SX_RM_Navigation/Path_Navigation/src/sensor_scan_generation -DCMAKE_BUILD_TYPE=Release -DAMENT_CMAKE_SYMLINK_INSTALL=1 -DCMAKE_INSTALL_PREFIX=/home/lin/SX_RM_Navigation/Path_Navigation/install/sensor_scan_generation
[2.477s] Invoking command in '/home/lin/SX_RM_Navigation/Path_Navigation/build/sensor_scan_generation': CMAKE_PREFIX_PATH=/opt/ros/humble /usr/bin/cmake --build /home/lin/SX_RM_Navigation/Path_Navigation/build/sensor_scan_generation -- -j32 -l32
[2.515s] [ 25%] [32mBuilding CXX object CMakeFiles/sensor_scan_generation_node.dir/rclcpp_components/node_main_sensor_scan_generation_node.cpp.o[0m
[2.521s] [ 50%] [32mBuilding CXX object CMakeFiles/sensor_scan_generation.dir/src/sensor_scan_generation.cpp.o[0m
[6.569s] [ 75%] [32m[1mLinking CXX executable sensor_scan_generation_node[0m
[6.681s] [ 75%] Built target sensor_scan_generation_node
[17.803s] [100%] [32m[1mLinking CXX shared library libsensor_scan_generation.so[0m
[18.305s] [100%] Built target sensor_scan_generation
[18.317s] Invoked command in '/home/lin/SX_RM_Navigation/Path_Navigation/build/sensor_scan_generation' returned '0': CMAKE_PREFIX_PATH=/opt/ros/humble /usr/bin/cmake --build /home/lin/SX_RM_Navigation/Path_Navigation/build/sensor_scan_generation -- -j32 -l32
[18.319s] Invoking command in '/home/lin/SX_RM_Navigation/Path_Navigation/build/sensor_scan_generation': CMAKE_PREFIX_PATH=/opt/ros/humble /usr/bin/cmake --install /home/lin/SX_RM_Navigation/Path_Navigation/build/sensor_scan_generation
[18.326s] -- Install configuration: "Release"
[18.326s] -- Execute custom install script
[18.326s] -- Symlinking: /home/lin/SX_RM_Navigation/Path_Navigation/install/sensor_scan_generation/lib/sensor_scan_generation/sensor_scan_generation_node
[18.335s] -- Symlinking: /home/lin/SX_RM_Navigation/Path_Navigation/install/sensor_scan_generation/include/sensor_scan_generation/sensor_scan_generation.hpp
[18.342s] -- Symlinking: /home/lin/SX_RM_Navigation/Path_Navigation/install/sensor_scan_generation/share/sensor_scan_generation/environment/library_path.sh
[18.350s] -- Symlinking: /home/lin/SX_RM_Navigation/Path_Navigation/install/sensor_scan_generation/share/sensor_scan_generation/environment/library_path.dsv
[18.358s] -- Symlinking: /home/lin/SX_RM_Navigation/Path_Navigation/install/sensor_scan_generation/lib/libsensor_scan_generation.so
[18.366s] -- Symlinking: /home/lin/SX_RM_Navigation/Path_Navigation/install/sensor_scan_generation/share/sensor_scan_generation/launch/sensor_scan_generation.launch.py
[18.374s] -- Symlinking: /home/lin/SX_RM_Navigation/Path_Navigation/install/sensor_scan_generation/share/ament_index/resource_index/package_run_dependencies/sensor_scan_generation
[18.382s] -- Symlinking: /home/lin/SX_RM_Navigation/Path_Navigation/install/sensor_scan_generation/share/ament_index/resource_index/parent_prefix_path/sensor_scan_generation
[18.390s] -- Symlinking: /home/lin/SX_RM_Navigation/Path_Navigation/install/sensor_scan_generation/share/sensor_scan_generation/environment/ament_prefix_path.sh
[18.398s] -- Symlinking: /home/lin/SX_RM_Navigation/Path_Navigation/install/sensor_scan_generation/share/sensor_scan_generation/environment/ament_prefix_path.dsv
[18.405s] -- Symlinking: /home/lin/SX_RM_Navigation/Path_Navigation/install/sensor_scan_generation/share/sensor_scan_generation/environment/path.sh
[18.413s] -- Symlinking: /home/lin/SX_RM_Navigation/Path_Navigation/install/sensor_scan_generation/share/sensor_scan_generation/environment/path.dsv
[18.421s] -- Symlinking: /home/lin/SX_RM_Navigation/Path_Navigation/install/sensor_scan_generation/share/sensor_scan_generation/local_setup.bash
[18.429s] -- Symlinking: /home/lin/SX_RM_Navigation/Path_Navigation/install/sensor_scan_generation/share/sensor_scan_generation/local_setup.sh
[18.437s] -- Symlinking: /home/lin/SX_RM_Navigation/Path_Navigation/install/sensor_scan_generation/share/sensor_scan_generation/local_setup.zsh
[18.445s] -- Symlinking: /home/lin/SX_RM_Navigation/Path_Navigation/install/sensor_scan_generation/share/sensor_scan_generation/local_setup.dsv
[18.453s] -- Symlinking: /home/lin/SX_RM_Navigation/Path_Navigation/install/sensor_scan_generation/share/sensor_scan_generation/package.dsv
[18.461s] -- Symlinking: /home/lin/SX_RM_Navigation/Path_Navigation/install/sensor_scan_generation/share/ament_index/resource_index/packages/sensor_scan_generation
[18.469s] -- Symlinking: /home/lin/SX_RM_Navigation/Path_Navigation/install/sensor_scan_generation/share/ament_index/resource_index/rclcpp_components/sensor_scan_generation
[18.477s] -- Symlinking: /home/lin/SX_RM_Navigation/Path_Navigation/install/sensor_scan_generation/share/sensor_scan_generation/cmake/ament_cmake_export_dependencies-extras.cmake
[18.485s] -- Symlinking: /home/lin/SX_RM_Navigation/Path_Navigation/install/sensor_scan_generation/share/sensor_scan_generation/cmake/ament_cmake_export_include_directories-extras.cmake
[18.493s] -- Symlinking: /home/lin/SX_RM_Navigation/Path_Navigation/install/sensor_scan_generation/share/sensor_scan_generation/cmake/ament_cmake_export_libraries-extras.cmake
[18.500s] -- Symlinking: /home/lin/SX_RM_Navigation/Path_Navigation/install/sensor_scan_generation/share/sensor_scan_generation/cmake/sensor_scan_generationConfig.cmake
[18.508s] -- Symlinking: /home/lin/SX_RM_Navigation/Path_Navigation/install/sensor_scan_generation/share/sensor_scan_generation/cmake/sensor_scan_generationConfig-version.cmake
[18.515s] -- Symlinking: /home/lin/SX_RM_Navigation/Path_Navigation/install/sensor_scan_generation/share/sensor_scan_generation/package.xml
[18.525s] Invoked command in '/home/lin/SX_RM_Navigation/Path_Navigation/build/sensor_scan_generation' returned '0': CMAKE_PREFIX_PATH=/opt/ros/humble /usr/bin/cmake --install /home/lin/SX_RM_Navigation/Path_Navigation/build/sensor_scan_generation
