-- The C compiler identification is GNU 11.4.0
-- The CXX compiler identification is GNU 11.4.0
-- Detecting C compiler ABI info
-- Detecting C compiler ABI info - done
-- Check for working C compiler: /usr/bin/cc - skipped
-- Detecting C compile features
-- Detecting C compile features - done
-- Detecting CXX compiler ABI info
-- Detecting CXX compiler ABI info - done
-- Check for working CXX compiler: /usr/bin/c++ - skipped
-- Detecting CXX compile features
-- Detecting CXX compile features - done
-- Found ament_cmake_auto: 1.3.13 (/opt/ros/humble/share/ament_cmake_auto/cmake)
-- Found Python3: /usr/bin/python3 (found version "3.10.12") found components: Interpreter 
-- Override CMake install command with custom implementation using symlinks instead of copying resources
-- Found rosidl_generator_c: 3.1.8 (/opt/ros/humble/share/rosidl_generator_c/cmake)
-- Found rosidl_adapter: 3.1.8 (/opt/ros/humble/share/rosidl_adapter/cmake)
-- Found rosidl_generator_cpp: 3.1.8 (/opt/ros/humble/share/rosidl_generator_cpp/cmake)
-- Using all available rosidl_typesupport_c: rosidl_typesupport_fastrtps_c;rosidl_typesupport_introspection_c
-- Using all available rosidl_typesupport_cpp: rosidl_typesupport_fastrtps_cpp;rosidl_typesupport_introspection_cpp
-- Found rmw_implementation_cmake: 6.1.2 (/opt/ros/humble/share/rmw_implementation_cmake/cmake)
-- Found rmw_fastrtps_cpp: 6.2.10 (/opt/ros/humble/share/rmw_fastrtps_cpp/cmake)
-- Found OpenSSL: /usr/lib/x86_64-linux-gnu/libcrypto.so (found version "3.0.2")  
-- Found FastRTPS: /opt/ros/humble/include  
-- Using RMW implementation 'rmw_fastrtps_cpp' as default
-- Looking for pthread.h
-- Looking for pthread.h - found
-- Performing Test CMAKE_HAVE_LIBC_PTHREAD
-- Performing Test CMAKE_HAVE_LIBC_PTHREAD - Success
-- Found Threads: TRUE  
-- Found Eigen3: TRUE (found version "3.4.0") 
-- Ensuring Eigen3 include directory is part of orocos-kdl CMake target
-- Found ament_lint_auto: 0.12.15 (/opt/ros/humble/share/ament_lint_auto/cmake)
-- Added test 'copyright' to check source files copyright and LICENSE
-- Added test 'cppcheck' to perform static code analysis on C / C++ code
-- Configured cppcheck include dirs: /home/lin/SX_RM_Navigation/Path_Navigation/src/path_tracking_controller/include
-- Configured cppcheck exclude dirs and/or files: 
-- Added test 'cpplint' to check C / C++ code against the Google style
-- Configured cpplint exclude dirs and/or files: 
-- Added test 'lint_cmake' to check CMake code style
-- Added test 'xmllint' to check XML markup files
-- Added test 'clang_format' to check C / C++ code style
-- Configuring done
-- Generating done
-- Build files have been written to: /home/lin/SX_RM_Navigation/Path_Navigation/build/path_tracking_controller
[ 33%] [32mBuilding CXX object CMakeFiles/path_tracking_controller.dir/src/path_tracking_controller.cpp.o[0m
[ 66%] [32mBuilding CXX object CMakeFiles/path_tracking_controller.dir/src/pid.cpp.o[0m
[100%] [32m[1mLinking CXX shared library libpath_tracking_controller.so[0m
[100%] Built target path_tracking_controller
-- Install configuration: "Release"
-- Execute custom install script
-- Symlinking: /home/lin/SX_RM_Navigation/Path_Navigation/install/path_tracking_controller/share/path_tracking_controller//path_tracking_controller.xml
-- Symlinking: /home/lin/SX_RM_Navigation/Path_Navigation/install/path_tracking_controller/include/path_tracking_controller/path_tracking_controller.hpp
-- Symlinking: /home/lin/SX_RM_Navigation/Path_Navigation/install/path_tracking_controller/include/path_tracking_controller/pid.hpp
-- Symlinking: /home/lin/SX_RM_Navigation/Path_Navigation/install/path_tracking_controller/share/path_tracking_controller/environment/library_path.sh
-- Symlinking: /home/lin/SX_RM_Navigation/Path_Navigation/install/path_tracking_controller/share/path_tracking_controller/environment/library_path.dsv
-- Symlinking: /home/lin/SX_RM_Navigation/Path_Navigation/install/path_tracking_controller/lib/libpath_tracking_controller.so
-- Symlinking: /home/lin/SX_RM_Navigation/Path_Navigation/install/path_tracking_controller/share/ament_index/resource_index/package_run_dependencies/path_tracking_controller
-- Symlinking: /home/lin/SX_RM_Navigation/Path_Navigation/install/path_tracking_controller/share/ament_index/resource_index/parent_prefix_path/path_tracking_controller
-- Symlinking: /home/lin/SX_RM_Navigation/Path_Navigation/install/path_tracking_controller/share/path_tracking_controller/environment/ament_prefix_path.sh
-- Symlinking: /home/lin/SX_RM_Navigation/Path_Navigation/install/path_tracking_controller/share/path_tracking_controller/environment/ament_prefix_path.dsv
-- Symlinking: /home/lin/SX_RM_Navigation/Path_Navigation/install/path_tracking_controller/share/path_tracking_controller/environment/path.sh
-- Symlinking: /home/lin/SX_RM_Navigation/Path_Navigation/install/path_tracking_controller/share/path_tracking_controller/environment/path.dsv
-- Symlinking: /home/lin/SX_RM_Navigation/Path_Navigation/install/path_tracking_controller/share/path_tracking_controller/local_setup.bash
-- Symlinking: /home/lin/SX_RM_Navigation/Path_Navigation/install/path_tracking_controller/share/path_tracking_controller/local_setup.sh
-- Symlinking: /home/lin/SX_RM_Navigation/Path_Navigation/install/path_tracking_controller/share/path_tracking_controller/local_setup.zsh
-- Symlinking: /home/lin/SX_RM_Navigation/Path_Navigation/install/path_tracking_controller/share/path_tracking_controller/local_setup.dsv
-- Symlinking: /home/lin/SX_RM_Navigation/Path_Navigation/install/path_tracking_controller/share/path_tracking_controller/package.dsv
-- Symlinking: /home/lin/SX_RM_Navigation/Path_Navigation/install/path_tracking_controller/share/ament_index/resource_index/packages/path_tracking_controller
-- Symlinking: /home/lin/SX_RM_Navigation/Path_Navigation/install/path_tracking_controller/share/ament_index/resource_index/nav2_core__pluginlib__plugin/path_tracking_controller
-- Symlinking: /home/lin/SX_RM_Navigation/Path_Navigation/install/path_tracking_controller/share/path_tracking_controller/cmake/ament_cmake_export_dependencies-extras.cmake
-- Symlinking: /home/lin/SX_RM_Navigation/Path_Navigation/install/path_tracking_controller/share/path_tracking_controller/cmake/ament_cmake_export_include_directories-extras.cmake
-- Symlinking: /home/lin/SX_RM_Navigation/Path_Navigation/install/path_tracking_controller/share/path_tracking_controller/cmake/ament_cmake_export_libraries-extras.cmake
-- Symlinking: /home/lin/SX_RM_Navigation/Path_Navigation/install/path_tracking_controller/share/path_tracking_controller/cmake/path_tracking_controllerConfig.cmake
-- Symlinking: /home/lin/SX_RM_Navigation/Path_Navigation/install/path_tracking_controller/share/path_tracking_controller/cmake/path_tracking_controllerConfig-version.cmake
-- Symlinking: /home/lin/SX_RM_Navigation/Path_Navigation/install/path_tracking_controller/share/path_tracking_controller/package.xml
