[0.023s] Invoking command in '/home/lin/SX_RM_Navigation/Path_Navigation/build/terrain_analysis_ext': CMAKE_PREFIX_PATH=${CMAKE_PREFIX_PATH}:/opt/ros/humble /usr/bin/cmake --build /home/lin/SX_RM_Navigation/Path_Navigation/build/terrain_analysis_ext -- -j32 -l32
[0.058s] [35m[1mConsolidate compiler generated dependencies of target terrainAnalysisExt[0m
[0.083s] [100%] Built target terrainAnalysisExt
[0.102s] Invoked command in '/home/lin/SX_RM_Navigation/Path_Navigation/build/terrain_analysis_ext' returned '0': CMAKE_PREFIX_PATH=${CMAKE_PREFIX_PATH}:/opt/ros/humble /usr/bin/cmake --build /home/lin/SX_RM_Navigation/Path_Navigation/build/terrain_analysis_ext -- -j32 -l32
[0.103s] Invoking command in '/home/lin/SX_RM_Navigation/Path_Navigation/build/terrain_analysis_ext': CMAKE_PREFIX_PATH=${CMAKE_PREFIX_PATH}:/opt/ros/humble /usr/bin/cmake --install /home/lin/SX_RM_Navigation/Path_Navigation/build/terrain_analysis_ext
[0.110s] -- Install configuration: "Release"
[0.110s] -- Execute custom install script
[0.110s] -- Up-to-date symlink: /home/lin/SX_RM_Navigation/Path_Navigation/install/terrain_analysis_ext/lib/terrain_analysis_ext/terrainAnalysisExt
[0.110s] -- Up-to-date symlink: /home/lin/SX_RM_Navigation/Path_Navigation/install/terrain_analysis_ext/share/terrain_analysis_ext/launch/terrain_analysis_ext.launch
[0.110s] -- Up-to-date symlink: /home/lin/SX_RM_Navigation/Path_Navigation/install/terrain_analysis_ext/share/ament_index/resource_index/package_run_dependencies/terrain_analysis_ext
[0.110s] -- Up-to-date symlink: /home/lin/SX_RM_Navigation/Path_Navigation/install/terrain_analysis_ext/share/ament_index/resource_index/parent_prefix_path/terrain_analysis_ext
[0.111s] -- Up-to-date symlink: /home/lin/SX_RM_Navigation/Path_Navigation/install/terrain_analysis_ext/share/terrain_analysis_ext/environment/ament_prefix_path.sh
[0.111s] -- Up-to-date symlink: /home/lin/SX_RM_Navigation/Path_Navigation/install/terrain_analysis_ext/share/terrain_analysis_ext/environment/ament_prefix_path.dsv
[0.111s] -- Up-to-date symlink: /home/lin/SX_RM_Navigation/Path_Navigation/install/terrain_analysis_ext/share/terrain_analysis_ext/environment/path.sh
[0.111s] -- Up-to-date symlink: /home/lin/SX_RM_Navigation/Path_Navigation/install/terrain_analysis_ext/share/terrain_analysis_ext/environment/path.dsv
[0.111s] -- Up-to-date symlink: /home/lin/SX_RM_Navigation/Path_Navigation/install/terrain_analysis_ext/share/terrain_analysis_ext/local_setup.bash
[0.111s] -- Up-to-date symlink: /home/lin/SX_RM_Navigation/Path_Navigation/install/terrain_analysis_ext/share/terrain_analysis_ext/local_setup.sh
[0.113s] -- Up-to-date symlink: /home/lin/SX_RM_Navigation/Path_Navigation/install/terrain_analysis_ext/share/terrain_analysis_ext/local_setup.zsh
[0.113s] -- Up-to-date symlink: /home/lin/SX_RM_Navigation/Path_Navigation/install/terrain_analysis_ext/share/terrain_analysis_ext/local_setup.dsv
[0.113s] -- Symlinking: /home/lin/SX_RM_Navigation/Path_Navigation/install/terrain_analysis_ext/share/terrain_analysis_ext/package.dsv
[0.117s] -- Up-to-date symlink: /home/lin/SX_RM_Navigation/Path_Navigation/install/terrain_analysis_ext/share/ament_index/resource_index/packages/terrain_analysis_ext
[0.117s] -- Up-to-date symlink: /home/lin/SX_RM_Navigation/Path_Navigation/install/terrain_analysis_ext/share/terrain_analysis_ext/cmake/terrain_analysis_extConfig.cmake
[0.117s] -- Up-to-date symlink: /home/lin/SX_RM_Navigation/Path_Navigation/install/terrain_analysis_ext/share/terrain_analysis_ext/cmake/terrain_analysis_extConfig-version.cmake
[0.118s] -- Up-to-date symlink: /home/lin/SX_RM_Navigation/Path_Navigation/install/terrain_analysis_ext/share/terrain_analysis_ext/package.xml
[0.172s] Invoked command in '/home/lin/SX_RM_Navigation/Path_Navigation/build/terrain_analysis_ext' returned '0': CMAKE_PREFIX_PATH=${CMAKE_PREFIX_PATH}:/opt/ros/humble /usr/bin/cmake --install /home/lin/SX_RM_Navigation/Path_Navigation/build/terrain_analysis_ext
