[0.025s] Invoking command in '/home/lin/SX_RM_Navigation/Path_Navigation/build/path_tracking_controller': CMAKE_PREFIX_PATH=${CMAKE_PREFIX_PATH}:/opt/ros/humble /usr/bin/cmake --build /home/lin/SX_RM_Navigation/Path_Navigation/build/path_tracking_controller -- -j32 -l32
[0.059s] [35m[1mConsolidate compiler generated dependencies of target path_tracking_controller[0m
[0.080s] [100%] Built target path_tracking_controller
[0.090s] Invoked command in '/home/lin/SX_RM_Navigation/Path_Navigation/build/path_tracking_controller' returned '0': CMAKE_PREFIX_PATH=${CMAKE_PREFIX_PATH}:/opt/ros/humble /usr/bin/cmake --build /home/lin/SX_RM_Navigation/Path_Navigation/build/path_tracking_controller -- -j32 -l32
[0.097s] Invoking command in '/home/lin/SX_RM_Navigation/Path_Navigation/build/path_tracking_controller': CMAKE_PREFIX_PATH=${CMAKE_PREFIX_PATH}:/opt/ros/humble /usr/bin/cmake --install /home/lin/SX_RM_Navigation/Path_Navigation/build/path_tracking_controller
[0.104s] -- Install configuration: "Release"
[0.105s] -- Execute custom install script
[0.106s] -- Up-to-date symlink: /home/lin/SX_RM_Navigation/Path_Navigation/install/path_tracking_controller/share/path_tracking_controller//path_tracking_controller.xml
[0.106s] -- Up-to-date symlink: /home/lin/SX_RM_Navigation/Path_Navigation/install/path_tracking_controller/include/path_tracking_controller/path_tracking_controller.hpp
[0.106s] -- Up-to-date symlink: /home/lin/SX_RM_Navigation/Path_Navigation/install/path_tracking_controller/include/path_tracking_controller/pid.hpp
[0.109s] -- Up-to-date symlink: /home/lin/SX_RM_Navigation/Path_Navigation/install/path_tracking_controller/share/path_tracking_controller/environment/library_path.sh
[0.110s] -- Up-to-date symlink: /home/lin/SX_RM_Navigation/Path_Navigation/install/path_tracking_controller/share/path_tracking_controller/environment/library_path.dsv
[0.110s] -- Up-to-date symlink: /home/lin/SX_RM_Navigation/Path_Navigation/install/path_tracking_controller/lib/libpath_tracking_controller.so
[0.110s] -- Up-to-date symlink: /home/lin/SX_RM_Navigation/Path_Navigation/install/path_tracking_controller/share/ament_index/resource_index/package_run_dependencies/path_tracking_controller
[0.110s] -- Up-to-date symlink: /home/lin/SX_RM_Navigation/Path_Navigation/install/path_tracking_controller/share/ament_index/resource_index/parent_prefix_path/path_tracking_controller
[0.110s] -- Up-to-date symlink: /home/lin/SX_RM_Navigation/Path_Navigation/install/path_tracking_controller/share/path_tracking_controller/environment/ament_prefix_path.sh
[0.111s] -- Up-to-date symlink: /home/lin/SX_RM_Navigation/Path_Navigation/install/path_tracking_controller/share/path_tracking_controller/environment/ament_prefix_path.dsv
[0.111s] -- Up-to-date symlink: /home/lin/SX_RM_Navigation/Path_Navigation/install/path_tracking_controller/share/path_tracking_controller/environment/path.sh
[0.111s] -- Up-to-date symlink: /home/lin/SX_RM_Navigation/Path_Navigation/install/path_tracking_controller/share/path_tracking_controller/environment/path.dsv
[0.111s] -- Up-to-date symlink: /home/lin/SX_RM_Navigation/Path_Navigation/install/path_tracking_controller/share/path_tracking_controller/local_setup.bash
[0.111s] -- Up-to-date symlink: /home/lin/SX_RM_Navigation/Path_Navigation/install/path_tracking_controller/share/path_tracking_controller/local_setup.sh
[0.111s] -- Up-to-date symlink: /home/lin/SX_RM_Navigation/Path_Navigation/install/path_tracking_controller/share/path_tracking_controller/local_setup.zsh
[0.111s] -- Up-to-date symlink: /home/lin/SX_RM_Navigation/Path_Navigation/install/path_tracking_controller/share/path_tracking_controller/local_setup.dsv
[0.111s] -- Symlinking: /home/lin/SX_RM_Navigation/Path_Navigation/install/path_tracking_controller/share/path_tracking_controller/package.dsv
[0.119s] -- Up-to-date symlink: /home/lin/SX_RM_Navigation/Path_Navigation/install/path_tracking_controller/share/ament_index/resource_index/packages/path_tracking_controller
[0.121s] -- Up-to-date symlink: /home/lin/SX_RM_Navigation/Path_Navigation/install/path_tracking_controller/share/ament_index/resource_index/nav2_core__pluginlib__plugin/path_tracking_controller
[0.122s] -- Up-to-date symlink: /home/lin/SX_RM_Navigation/Path_Navigation/install/path_tracking_controller/share/path_tracking_controller/cmake/ament_cmake_export_dependencies-extras.cmake
[0.122s] -- Up-to-date symlink: /home/lin/SX_RM_Navigation/Path_Navigation/install/path_tracking_controller/share/path_tracking_controller/cmake/ament_cmake_export_include_directories-extras.cmake
[0.122s] -- Up-to-date symlink: /home/lin/SX_RM_Navigation/Path_Navigation/install/path_tracking_controller/share/path_tracking_controller/cmake/ament_cmake_export_libraries-extras.cmake
[0.123s] -- Up-to-date symlink: /home/lin/SX_RM_Navigation/Path_Navigation/install/path_tracking_controller/share/path_tracking_controller/cmake/path_tracking_controllerConfig.cmake
[0.123s] -- Up-to-date symlink: /home/lin/SX_RM_Navigation/Path_Navigation/install/path_tracking_controller/share/path_tracking_controller/cmake/path_tracking_controllerConfig-version.cmake
[0.124s] -- Up-to-date symlink: /home/lin/SX_RM_Navigation/Path_Navigation/install/path_tracking_controller/share/path_tracking_controller/package.xml
[0.160s] Invoked command in '/home/lin/SX_RM_Navigation/Path_Navigation/build/path_tracking_controller' returned '0': CMAKE_PREFIX_PATH=${CMAKE_PREFIX_PATH}:/opt/ros/humble /usr/bin/cmake --install /home/lin/SX_RM_Navigation/Path_Navigation/build/path_tracking_controller
