[0.019s] Invoking command in '/home/lin/SX_RM_Navigation/Path_Navigation/build/robot_description': CMAKE_PREFIX_PATH=/opt/ros/humble /usr/bin/cmake /home/lin/SX_RM_Navigation/Path_Navigation/src/robot_description -DCMAKE_BUILD_TYPE=Release -DAMENT_CMAKE_SYMLINK_INSTALL=1 -DCMAKE_INSTALL_PREFIX=/home/lin/SX_RM_Navigation/Path_Navigation/install/robot_description
[0.084s] -- The C compiler identification is GNU 11.4.0
[0.163s] -- The CXX compiler identification is GNU 11.4.0
[0.172s] -- Detecting C compiler ABI info
[0.234s] -- Detecting C compiler ABI info - done
[0.238s] -- Check for working C compiler: /usr/bin/cc - skipped
[0.238s] -- Detecting C compile features
[0.238s] -- Detecting C compile features - done
[0.240s] -- Detecting CXX compiler ABI info
[0.294s] -- Detecting CXX compiler ABI info - done
[0.299s] -- Check for working CXX compiler: /usr/bin/c++ - skipped
[0.299s] -- Detecting CXX compile features
[0.299s] -- Detecting CXX compile features - done
[0.300s] -- Found ament_cmake: 1.3.13 (/opt/ros/humble/share/ament_cmake/cmake)
[0.397s] -- Found Python3: /usr/bin/python3 (found version "3.10.12") found components: Interpreter 
[0.435s] -- Override CMake install command with custom implementation using symlinks instead of copying resources
[0.493s] -- Configuring done
[0.494s] -- Generating done
[0.495s] -- Build files have been written to: /home/lin/SX_RM_Navigation/Path_Navigation/build/robot_description
[0.498s] Invoked command in '/home/lin/SX_RM_Navigation/Path_Navigation/build/robot_description' returned '0': CMAKE_PREFIX_PATH=/opt/ros/humble /usr/bin/cmake /home/lin/SX_RM_Navigation/Path_Navigation/src/robot_description -DCMAKE_BUILD_TYPE=Release -DAMENT_CMAKE_SYMLINK_INSTALL=1 -DCMAKE_INSTALL_PREFIX=/home/lin/SX_RM_Navigation/Path_Navigation/install/robot_description
[0.500s] Invoking command in '/home/lin/SX_RM_Navigation/Path_Navigation/build/robot_description': CMAKE_PREFIX_PATH=/opt/ros/humble /usr/bin/cmake --build /home/lin/SX_RM_Navigation/Path_Navigation/build/robot_description -- -j32 -l32
[0.526s] Invoked command in '/home/lin/SX_RM_Navigation/Path_Navigation/build/robot_description' returned '0': CMAKE_PREFIX_PATH=/opt/ros/humble /usr/bin/cmake --build /home/lin/SX_RM_Navigation/Path_Navigation/build/robot_description -- -j32 -l32
[0.532s] Invoking command in '/home/lin/SX_RM_Navigation/Path_Navigation/build/robot_description': CMAKE_PREFIX_PATH=/opt/ros/humble /usr/bin/cmake --install /home/lin/SX_RM_Navigation/Path_Navigation/build/robot_description
[0.537s] -- Install configuration: "Release"
[0.538s] -- Execute custom install script
[0.538s] -- Symlinking: /home/lin/SX_RM_Navigation/Path_Navigation/install/robot_description/share/robot_description//launch/robot_description_launch.py
[0.543s] -- Symlinking: /home/lin/SX_RM_Navigation/Path_Navigation/install/robot_description/share/robot_description//params/robot_description.yaml
[0.549s] -- Symlinking: /home/lin/SX_RM_Navigation/Path_Navigation/install/robot_description/share/robot_description//resource/models/depth_camera/meshes/depth_camera.dae
[0.553s] -- Symlinking: /home/lin/SX_RM_Navigation/Path_Navigation/install/robot_description/share/robot_description//resource/models/depth_camera/model.config
[0.558s] -- Symlinking: /home/lin/SX_RM_Navigation/Path_Navigation/install/robot_description/share/robot_description//resource/models/depth_camera/model.sdf
[0.564s] -- Symlinking: /home/lin/SX_RM_Navigation/Path_Navigation/install/robot_description/share/robot_description//resource/models/depth_camera/model.sdf.xmacro
[0.570s] -- Symlinking: /home/lin/SX_RM_Navigation/Path_Navigation/install/robot_description/share/robot_description//resource/models/industrial_camera/meshes/industrial_camera.dae
[0.576s] -- Symlinking: /home/lin/SX_RM_Navigation/Path_Navigation/install/robot_description/share/robot_description//resource/models/industrial_camera/model.config
[0.582s] -- Symlinking: /home/lin/SX_RM_Navigation/Path_Navigation/install/robot_description/share/robot_description//resource/models/industrial_camera/model.sdf
[0.588s] -- Symlinking: /home/lin/SX_RM_Navigation/Path_Navigation/install/robot_description/share/robot_description//resource/models/industrial_camera/model.sdf.xmacro
[0.594s] -- Symlinking: /home/lin/SX_RM_Navigation/Path_Navigation/install/robot_description/share/robot_description//resource/models/mid360/meshes/mid360.dae
[0.599s] -- Symlinking: /home/lin/SX_RM_Navigation/Path_Navigation/install/robot_description/share/robot_description//resource/models/mid360/model.config
[0.605s] -- Symlinking: /home/lin/SX_RM_Navigation/Path_Navigation/install/robot_description/share/robot_description//resource/models/mid360/model.sdf
[0.611s] -- Symlinking: /home/lin/SX_RM_Navigation/Path_Navigation/install/robot_description/share/robot_description//resource/models/mid360/model.sdf.xmacro
[0.616s] -- Symlinking: /home/lin/SX_RM_Navigation/Path_Navigation/install/robot_description/share/robot_description//resource/models/rplidar_a2/meshes/rplidar_a2.dae
[0.622s] -- Symlinking: /home/lin/SX_RM_Navigation/Path_Navigation/install/robot_description/share/robot_description//resource/models/rplidar_a2/model.config
[0.626s] -- Symlinking: /home/lin/SX_RM_Navigation/Path_Navigation/install/robot_description/share/robot_description//resource/models/rplidar_a2/model.sdf
[0.630s] -- Symlinking: /home/lin/SX_RM_Navigation/Path_Navigation/install/robot_description/share/robot_description//resource/models/rplidar_a2/model.sdf.xmacro
[0.634s] -- Symlinking: /home/lin/SX_RM_Navigation/Path_Navigation/install/robot_description/share/robot_description//resource/xmacro/experimental_robot.sdf.xmacro
[0.638s] -- Symlinking: /home/lin/SX_RM_Navigation/Path_Navigation/install/robot_description/share/robot_description//resource/xmacro/simulation_robot.sdf.xmacro
[0.642s] -- Symlinking: /home/lin/SX_RM_Navigation/Path_Navigation/install/robot_description/share/robot_description//resource/xmacro/sx_robot.sdf.xmacro
[0.649s] -- Symlinking: /home/lin/SX_RM_Navigation/Path_Navigation/install/robot_description/share/robot_description//rviz/visualize_robot.rviz
[0.655s] -- Symlinking: /home/lin/SX_RM_Navigation/Path_Navigation/install/robot_description/share/robot_description/environment/gazebo.dsv
[0.660s] -- Symlinking: /home/lin/SX_RM_Navigation/Path_Navigation/install/robot_description/share/ament_index/resource_index/package_run_dependencies/robot_description
[0.664s] -- Symlinking: /home/lin/SX_RM_Navigation/Path_Navigation/install/robot_description/share/ament_index/resource_index/parent_prefix_path/robot_description
[0.669s] -- Symlinking: /home/lin/SX_RM_Navigation/Path_Navigation/install/robot_description/share/robot_description/environment/ament_prefix_path.sh
[0.673s] -- Symlinking: /home/lin/SX_RM_Navigation/Path_Navigation/install/robot_description/share/robot_description/environment/ament_prefix_path.dsv
[0.680s] -- Symlinking: /home/lin/SX_RM_Navigation/Path_Navigation/install/robot_description/share/robot_description/environment/path.sh
[0.684s] -- Symlinking: /home/lin/SX_RM_Navigation/Path_Navigation/install/robot_description/share/robot_description/environment/path.dsv
[0.691s] -- Symlinking: /home/lin/SX_RM_Navigation/Path_Navigation/install/robot_description/share/robot_description/local_setup.bash
[0.696s] -- Symlinking: /home/lin/SX_RM_Navigation/Path_Navigation/install/robot_description/share/robot_description/local_setup.sh
[0.702s] -- Symlinking: /home/lin/SX_RM_Navigation/Path_Navigation/install/robot_description/share/robot_description/local_setup.zsh
[0.708s] -- Symlinking: /home/lin/SX_RM_Navigation/Path_Navigation/install/robot_description/share/robot_description/local_setup.dsv
[0.712s] -- Symlinking: /home/lin/SX_RM_Navigation/Path_Navigation/install/robot_description/share/robot_description/package.dsv
[0.718s] -- Symlinking: /home/lin/SX_RM_Navigation/Path_Navigation/install/robot_description/share/ament_index/resource_index/packages/robot_description
[0.723s] -- Symlinking: /home/lin/SX_RM_Navigation/Path_Navigation/install/robot_description/share/robot_description/cmake/robot_descriptionConfig.cmake
[0.727s] -- Symlinking: /home/lin/SX_RM_Navigation/Path_Navigation/install/robot_description/share/robot_description/cmake/robot_descriptionConfig-version.cmake
[0.731s] -- Symlinking: /home/lin/SX_RM_Navigation/Path_Navigation/install/robot_description/share/robot_description/package.xml
[0.739s] Invoked command in '/home/lin/SX_RM_Navigation/Path_Navigation/build/robot_description' returned '0': CMAKE_PREFIX_PATH=/opt/ros/humble /usr/bin/cmake --install /home/lin/SX_RM_Navigation/Path_Navigation/build/robot_description
