[0.014s] Invoking command in '/home/lin/SX_RM_Navigation/Path_Navigation/build/point_lio': AMENT_PREFIX_PATH=/home/lin/SX_RM_Navigation/Path_Navigation/install/livox_ros_driver2:${AMENT_PREFIX_PATH} CMAKE_PREFIX_PATH=/home/lin/SX_RM_Navigation/Path_Navigation/install/livox_ros_driver2:/opt/ros/humble LD_LIBRARY_PATH=/home/lin/SX_RM_Navigation/Path_Navigation/install/livox_ros_driver2/lib:${LD_LIBRARY_PATH} PYTHONPATH=/home/lin/SX_RM_Navigation/Path_Navigation/install/livox_ros_driver2/local/lib/python3.10/dist-packages:${PYTHONPATH} /usr/bin/cmake /home/lin/SX_RM_Navigation/Path_Navigation/src/point_lio -DCMAKE_BUILD_TYPE=Release -DAMENT_CMAKE_SYMLINK_INSTALL=1 -DCMAKE_INSTALL_PREFIX=/home/lin/SX_RM_Navigation/Path_Navigation/install/point_lio
[0.067s] -- The C compiler identification is GNU 11.4.0
[0.116s] -- The CXX compiler identification is GNU 11.4.0
[0.125s] -- Detecting C compiler ABI info
[0.204s] -- Detecting C compiler ABI info - done
[0.211s] -- Check for working C compiler: /usr/bin/cc - skipped
[0.211s] -- Detecting C compile features
[0.212s] -- Detecting C compile features - done
[0.215s] -- Detecting CXX compiler ABI info
[0.287s] -- Detecting CXX compiler ABI info - done
[0.295s] -- Check for working CXX compiler: /usr/bin/c++ - skipped
[0.295s] -- Detecting CXX compile features
[0.295s] -- Detecting CXX compile features - done
[0.302s] -- Processor number:  32
[0.302s] -- core for MP:  3
[0.309s] -- Found ament_cmake: 1.3.13 (/opt/ros/humble/share/ament_cmake/cmake)
[0.439s] -- Found Python3: /usr/bin/python3 (found version "3.10.12") found components: Interpreter 
[0.498s] -- Override CMake install command with custom implementation using symlinks instead of copying resources
[0.530s] -- Found rclcpp: 16.0.18 (/opt/ros/humble/share/rclcpp/cmake)
[0.583s] -- Found rosidl_generator_c: 3.1.8 (/opt/ros/humble/share/rosidl_generator_c/cmake)
[0.589s] -- Found rosidl_adapter: 3.1.8 (/opt/ros/humble/share/rosidl_adapter/cmake)
[0.600s] -- Found rosidl_generator_cpp: 3.1.8 (/opt/ros/humble/share/rosidl_generator_cpp/cmake)
[0.616s] -- Using all available rosidl_typesupport_c: rosidl_typesupport_fastrtps_c;rosidl_typesupport_introspection_c
[0.634s] -- Using all available rosidl_typesupport_cpp: rosidl_typesupport_fastrtps_cpp;rosidl_typesupport_introspection_cpp
[0.685s] -- Found rmw_implementation_cmake: 6.1.2 (/opt/ros/humble/share/rmw_implementation_cmake/cmake)
[0.688s] -- Found rmw_fastrtps_cpp: 6.2.10 (/opt/ros/humble/share/rmw_fastrtps_cpp/cmake)
[0.774s] -- Found OpenSSL: /usr/lib/x86_64-linux-gnu/libcrypto.so (found version "3.0.2")  
[0.802s] -- Found FastRTPS: /opt/ros/humble/include  
[0.842s] -- Using RMW implementation 'rmw_fastrtps_cpp' as default
[0.853s] -- Looking for pthread.h
[0.914s] -- Looking for pthread.h - found
[0.914s] -- Performing Test CMAKE_HAVE_LIBC_PTHREAD
[0.971s] -- Performing Test CMAKE_HAVE_LIBC_PTHREAD - Success
[0.972s] -- Found Threads: TRUE  
[1.015s] -- Found rclpy: 3.3.20 (/opt/ros/humble/share/rclpy/cmake)
[1.016s] -- Found geometry_msgs: 4.9.1 (/opt/ros/humble/share/geometry_msgs/cmake)
[1.028s] -- Found nav_msgs: 4.9.1 (/opt/ros/humble/share/nav_msgs/cmake)
[1.047s] -- Found sensor_msgs: 4.9.1 (/opt/ros/humble/share/sensor_msgs/cmake)
[1.062s] -- Found visualization_msgs: 4.9.1 (/opt/ros/humble/share/visualization_msgs/cmake)
[1.077s] -- Found pcl_ros: 2.4.5 (/opt/ros/humble/share/pcl_ros/cmake)
[1.111s] -- Checking for module 'eigen3'
[1.121s] --   Found eigen3, version 3.4.0
[1.147s] -- Found Eigen: /usr/include/eigen3 (Required is at least version "3.1") 
[1.147s] -- Eigen found (include: /usr/include/eigen3, version: 3.4.0)
[1.183s] -- Checking for module 'flann'
[1.194s] --   Found flann, version 1.9.1
[1.225s] -- Found FLANN: /usr/lib/x86_64-linux-gnu/libflann_cpp.so  
[1.225s] -- FLANN found (include: /usr/include, lib: /usr/lib/x86_64-linux-gnu/libflann_cpp.so)
[1.984s] -- Checking for module 'libusb-1.0'
[1.995s] --   Found libusb-1.0, version 1.0.25
[2.024s] -- Found libusb: /usr/lib/x86_64-linux-gnu/libusb-1.0.so  
[2.025s] -- OpenNI found (version: 1.5.4.0, include: /usr/include/ni, lib: /usr/lib/libOpenNI.so;libusb::libusb)
[2.068s] -- OpenNI2 found (version: 2.2.0.33, include: /usr/include/openni2, lib: /usr/lib/x86_64-linux-gnu/libOpenNI2.so;libusb::libusb)
[2.182s] -- Eigen found (include: /usr/include/eigen3, version: 3.4.0)
[2.187s] -- OpenNI found (version: 1.5.4.0, include: /usr/include/ni, lib: /usr/lib/libOpenNI.so;libusb::libusb)
[2.193s] -- OpenNI2 found (version: 2.2.0.33, include: /usr/include/openni2, lib: /usr/lib/x86_64-linux-gnu/libOpenNI2.so;libusb::libusb)
[2.301s] -- Found Qhull version 8.0.2
[2.413s] -- OpenNI found (version: 1.5.4.0, include: /usr/include/ni, lib: /usr/lib/libOpenNI.so;libusb::libusb)
[2.523s] -- Found PCL_COMMON: /usr/lib/x86_64-linux-gnu/libpcl_common.so  
[2.524s] -- Found PCL_KDTREE: /usr/lib/x86_64-linux-gnu/libpcl_kdtree.so  
[2.526s] -- Found PCL_OCTREE: /usr/lib/x86_64-linux-gnu/libpcl_octree.so  
[2.527s] -- Found PCL_SEARCH: /usr/lib/x86_64-linux-gnu/libpcl_search.so  
[2.529s] -- Found PCL_SAMPLE_CONSENSUS: /usr/lib/x86_64-linux-gnu/libpcl_sample_consensus.so  
[2.529s] -- Found PCL_FILTERS: /usr/lib/x86_64-linux-gnu/libpcl_filters.so  
[2.529s] -- Found PCL_2D: /usr/include/pcl-1.12  
[2.530s] -- Found PCL_GEOMETRY: /usr/include/pcl-1.12  
[2.531s] -- Found PCL_IO: /usr/lib/x86_64-linux-gnu/libpcl_io.so  
[2.532s] -- Found PCL_FEATURES: /usr/lib/x86_64-linux-gnu/libpcl_features.so  
[2.532s] -- Found PCL_ML: /usr/lib/x86_64-linux-gnu/libpcl_ml.so  
[2.533s] -- Found PCL_SEGMENTATION: /usr/lib/x86_64-linux-gnu/libpcl_segmentation.so  
[2.534s] -- Found PCL_VISUALIZATION: /usr/lib/x86_64-linux-gnu/libpcl_visualization.so  
[2.535s] -- Found PCL_SURFACE: /usr/lib/x86_64-linux-gnu/libpcl_surface.so  
[2.536s] -- Found PCL_REGISTRATION: /usr/lib/x86_64-linux-gnu/libpcl_registration.so  
[2.536s] -- Found PCL_KEYPOINTS: /usr/lib/x86_64-linux-gnu/libpcl_keypoints.so  
[2.538s] -- Found PCL_TRACKING: /usr/lib/x86_64-linux-gnu/libpcl_tracking.so  
[2.539s] -- Found PCL_RECOGNITION: /usr/lib/x86_64-linux-gnu/libpcl_recognition.so  
[2.540s] -- Found PCL_STEREO: /usr/lib/x86_64-linux-gnu/libpcl_stereo.so  
[2.541s] -- Found PCL_APPS: /usr/lib/x86_64-linux-gnu/libpcl_apps.so  
[2.541s] -- Found PCL_IN_HAND_SCANNER: /usr/include/pcl-1.12  
[2.541s] -- Found PCL_MODELER: /usr/include/pcl-1.12  
[2.542s] -- Found PCL_POINT_CLOUD_EDITOR: /usr/include/pcl-1.12  
[2.543s] -- Found PCL_OUTOFCORE: /usr/lib/x86_64-linux-gnu/libpcl_outofcore.so  
[2.543s] -- Found PCL_PEOPLE: /usr/lib/x86_64-linux-gnu/libpcl_people.so  
[2.571s] -- Found eigen3_cmake_module: 0.1.1 (/opt/ros/humble/share/eigen3_cmake_module/cmake)
[2.573s] -- Found Eigen3: TRUE (found version "3.4.0") 
[2.573s] -- Ensuring Eigen3 include directory is part of orocos-kdl CMake target
[2.641s] -- Found livox_ros_driver2: 1.1.0 (/home/lin/SX_RM_Navigation/Path_Navigation/install/livox_ros_driver2/share/livox_ros_driver2/cmake)
[2.940s] -- Found PythonLibs: /usr/lib/x86_64-linux-gnu/libpython3.10.so (found version "3.10.12") 
[3.016s] -- Configuring done
[3.052s] -- Generating done
[3.059s] -- Build files have been written to: /home/lin/SX_RM_Navigation/Path_Navigation/build/point_lio
[3.072s] Invoked command in '/home/lin/SX_RM_Navigation/Path_Navigation/build/point_lio' returned '0': AMENT_PREFIX_PATH=/home/lin/SX_RM_Navigation/Path_Navigation/install/livox_ros_driver2:${AMENT_PREFIX_PATH} CMAKE_PREFIX_PATH=/home/lin/SX_RM_Navigation/Path_Navigation/install/livox_ros_driver2:/opt/ros/humble LD_LIBRARY_PATH=/home/lin/SX_RM_Navigation/Path_Navigation/install/livox_ros_driver2/lib:${LD_LIBRARY_PATH} PYTHONPATH=/home/lin/SX_RM_Navigation/Path_Navigation/install/livox_ros_driver2/local/lib/python3.10/dist-packages:${PYTHONPATH} /usr/bin/cmake /home/lin/SX_RM_Navigation/Path_Navigation/src/point_lio -DCMAKE_BUILD_TYPE=Release -DAMENT_CMAKE_SYMLINK_INSTALL=1 -DCMAKE_INSTALL_PREFIX=/home/lin/SX_RM_Navigation/Path_Navigation/install/point_lio
[3.073s] Invoking command in '/home/lin/SX_RM_Navigation/Path_Navigation/build/point_lio': AMENT_PREFIX_PATH=/home/lin/SX_RM_Navigation/Path_Navigation/install/livox_ros_driver2:${AMENT_PREFIX_PATH} CMAKE_PREFIX_PATH=/home/lin/SX_RM_Navigation/Path_Navigation/install/livox_ros_driver2:/opt/ros/humble LD_LIBRARY_PATH=/home/lin/SX_RM_Navigation/Path_Navigation/install/livox_ros_driver2/lib:${LD_LIBRARY_PATH} PYTHONPATH=/home/lin/SX_RM_Navigation/Path_Navigation/install/livox_ros_driver2/local/lib/python3.10/dist-packages:${PYTHONPATH} /usr/bin/cmake --build /home/lin/SX_RM_Navigation/Path_Navigation/build/point_lio -- -j32 -l32
[3.120s] [ 85%] [32mBuilding CXX object CMakeFiles/pointlio_mapping.dir/src/li_initialization.cpp.o[0m
[3.120s] [ 85%] [32mBuilding CXX object CMakeFiles/pointlio_mapping.dir/src/IMU_Processing.cpp.o[0m
[3.120s] [ 85%] [32mBuilding CXX object CMakeFiles/pointlio_mapping.dir/src/parameters.cpp.o[0m
[3.120s] [ 85%] [32mBuilding CXX object CMakeFiles/pointlio_mapping.dir/src/laserMapping.cpp.o[0m
[3.120s] [ 85%] [32mBuilding CXX object CMakeFiles/pointlio_mapping.dir/src/preprocess.cpp.o[0m
[3.120s] [ 85%] [32mBuilding CXX object CMakeFiles/pointlio_mapping.dir/src/Estimator.cpp.o[0m
[32.058s] [100%] [32m[1mLinking CXX executable pointlio_mapping[0m
[32.522s] [100%] Built target pointlio_mapping
[32.530s] Invoked command in '/home/lin/SX_RM_Navigation/Path_Navigation/build/point_lio' returned '0': AMENT_PREFIX_PATH=/home/lin/SX_RM_Navigation/Path_Navigation/install/livox_ros_driver2:${AMENT_PREFIX_PATH} CMAKE_PREFIX_PATH=/home/lin/SX_RM_Navigation/Path_Navigation/install/livox_ros_driver2:/opt/ros/humble LD_LIBRARY_PATH=/home/lin/SX_RM_Navigation/Path_Navigation/install/livox_ros_driver2/lib:${LD_LIBRARY_PATH} PYTHONPATH=/home/lin/SX_RM_Navigation/Path_Navigation/install/livox_ros_driver2/local/lib/python3.10/dist-packages:${PYTHONPATH} /usr/bin/cmake --build /home/lin/SX_RM_Navigation/Path_Navigation/build/point_lio -- -j32 -l32
[32.531s] Invoking command in '/home/lin/SX_RM_Navigation/Path_Navigation/build/point_lio': AMENT_PREFIX_PATH=/home/lin/SX_RM_Navigation/Path_Navigation/install/livox_ros_driver2:${AMENT_PREFIX_PATH} CMAKE_PREFIX_PATH=/home/lin/SX_RM_Navigation/Path_Navigation/install/livox_ros_driver2:/opt/ros/humble LD_LIBRARY_PATH=/home/lin/SX_RM_Navigation/Path_Navigation/install/livox_ros_driver2/lib:${LD_LIBRARY_PATH} PYTHONPATH=/home/lin/SX_RM_Navigation/Path_Navigation/install/livox_ros_driver2/local/lib/python3.10/dist-packages:${PYTHONPATH} /usr/bin/cmake --install /home/lin/SX_RM_Navigation/Path_Navigation/build/point_lio
[32.538s] -- Install configuration: "Release"
[32.538s] -- Execute custom install script
[32.539s] -- Symlinking: /home/lin/SX_RM_Navigation/Path_Navigation/install/point_lio/lib/point_lio/pointlio_mapping
[32.548s] -- Symlinking: /home/lin/SX_RM_Navigation/Path_Navigation/install/point_lio/share/point_lio/config/avia.yaml
[32.557s] -- Symlinking: /home/lin/SX_RM_Navigation/Path_Navigation/install/point_lio/share/point_lio/config/horizon.yaml
[32.565s] -- Symlinking: /home/lin/SX_RM_Navigation/Path_Navigation/install/point_lio/share/point_lio/config/mid360.yaml
[32.574s] -- Symlinking: /home/lin/SX_RM_Navigation/Path_Navigation/install/point_lio/share/point_lio/config/ouster64.yaml
[32.582s] -- Symlinking: /home/lin/SX_RM_Navigation/Path_Navigation/install/point_lio/share/point_lio/config/velody16.yaml
[32.590s] -- Symlinking: /home/lin/SX_RM_Navigation/Path_Navigation/install/point_lio/share/point_lio/launch/point_lio.launch.py
[32.598s] -- Symlinking: /home/lin/SX_RM_Navigation/Path_Navigation/install/point_lio/share/point_lio/rviz_cfg/.gitignore
[32.606s] -- Symlinking: /home/lin/SX_RM_Navigation/Path_Navigation/install/point_lio/share/point_lio/rviz_cfg/loam_livox.rviz
[32.614s] -- Symlinking: /home/lin/SX_RM_Navigation/Path_Navigation/install/point_lio/share/ament_index/resource_index/package_run_dependencies/point_lio
[32.623s] -- Symlinking: /home/lin/SX_RM_Navigation/Path_Navigation/install/point_lio/share/ament_index/resource_index/parent_prefix_path/point_lio
[32.629s] -- Symlinking: /home/lin/SX_RM_Navigation/Path_Navigation/install/point_lio/share/point_lio/environment/ament_prefix_path.sh
[32.636s] -- Symlinking: /home/lin/SX_RM_Navigation/Path_Navigation/install/point_lio/share/point_lio/environment/ament_prefix_path.dsv
[32.640s] -- Symlinking: /home/lin/SX_RM_Navigation/Path_Navigation/install/point_lio/share/point_lio/environment/path.sh
[32.645s] -- Symlinking: /home/lin/SX_RM_Navigation/Path_Navigation/install/point_lio/share/point_lio/environment/path.dsv
[32.650s] -- Symlinking: /home/lin/SX_RM_Navigation/Path_Navigation/install/point_lio/share/point_lio/local_setup.bash
[32.657s] -- Symlinking: /home/lin/SX_RM_Navigation/Path_Navigation/install/point_lio/share/point_lio/local_setup.sh
[32.664s] -- Symlinking: /home/lin/SX_RM_Navigation/Path_Navigation/install/point_lio/share/point_lio/local_setup.zsh
[32.672s] -- Symlinking: /home/lin/SX_RM_Navigation/Path_Navigation/install/point_lio/share/point_lio/local_setup.dsv
[32.679s] -- Symlinking: /home/lin/SX_RM_Navigation/Path_Navigation/install/point_lio/share/point_lio/package.dsv
[32.687s] -- Symlinking: /home/lin/SX_RM_Navigation/Path_Navigation/install/point_lio/share/ament_index/resource_index/packages/point_lio
[32.696s] -- Symlinking: /home/lin/SX_RM_Navigation/Path_Navigation/install/point_lio/share/point_lio/cmake/ament_cmake_export_dependencies-extras.cmake
[32.704s] -- Symlinking: /home/lin/SX_RM_Navigation/Path_Navigation/install/point_lio/share/point_lio/cmake/point_lioConfig.cmake
[32.713s] -- Symlinking: /home/lin/SX_RM_Navigation/Path_Navigation/install/point_lio/share/point_lio/cmake/point_lioConfig-version.cmake
[32.721s] -- Symlinking: /home/lin/SX_RM_Navigation/Path_Navigation/install/point_lio/share/point_lio/package.xml
[32.731s] Invoked command in '/home/lin/SX_RM_Navigation/Path_Navigation/build/point_lio' returned '0': AMENT_PREFIX_PATH=/home/lin/SX_RM_Navigation/Path_Navigation/install/livox_ros_driver2:${AMENT_PREFIX_PATH} CMAKE_PREFIX_PATH=/home/lin/SX_RM_Navigation/Path_Navigation/install/livox_ros_driver2:/opt/ros/humble LD_LIBRARY_PATH=/home/lin/SX_RM_Navigation/Path_Navigation/install/livox_ros_driver2/lib:${LD_LIBRARY_PATH} PYTHONPATH=/home/lin/SX_RM_Navigation/Path_Navigation/install/livox_ros_driver2/local/lib/python3.10/dist-packages:${PYTHONPATH} /usr/bin/cmake --install /home/lin/SX_RM_Navigation/Path_Navigation/build/point_lio
