[0.021s] Invoking command in '/home/lin/SX_RM_Navigation/Path_Navigation/build/ign_sim_pointcloud_tool': CMAKE_PREFIX_PATH=${CMAKE_PREFIX_PATH}:/opt/ros/humble /usr/bin/cmake --build /home/lin/SX_RM_Navigation/Path_Navigation/build/ign_sim_pointcloud_tool -- -j32 -l32
[0.061s] [35m[1mConsolidate compiler generated dependencies of target ign_sim_pointcloud_tool[0m
[0.063s] [35m[1mConsolidate compiler generated dependencies of target ign_sim_pointcloud_tool_node[0m
[0.079s] [ 50%] Built target ign_sim_pointcloud_tool_node
[0.083s] [100%] Built target ign_sim_pointcloud_tool
[0.104s] Invoked command in '/home/lin/SX_RM_Navigation/Path_Navigation/build/ign_sim_pointcloud_tool' returned '0': CMAKE_PREFIX_PATH=${CMAKE_PREFIX_PATH}:/opt/ros/humble /usr/bin/cmake --build /home/lin/SX_RM_Navigation/Path_Navigation/build/ign_sim_pointcloud_tool -- -j32 -l32
[0.106s] Invoking command in '/home/lin/SX_RM_Navigation/Path_Navigation/build/ign_sim_pointcloud_tool': CMAKE_PREFIX_PATH=${CMAKE_PREFIX_PATH}:/opt/ros/humble /usr/bin/cmake --install /home/lin/SX_RM_Navigation/Path_Navigation/build/ign_sim_pointcloud_tool
[0.112s] -- Install configuration: "Release"
[0.112s] -- Execute custom install script
[0.113s] -- Up-to-date symlink: /home/lin/SX_RM_Navigation/Path_Navigation/install/ign_sim_pointcloud_tool/lib/ign_sim_pointcloud_tool/ign_sim_pointcloud_tool_node
[0.113s] -- Up-to-date symlink: /home/lin/SX_RM_Navigation/Path_Navigation/install/ign_sim_pointcloud_tool/include/ign_sim_pointcloud_tool/point_cloud_converter.hpp
[0.113s] -- Up-to-date symlink: /home/lin/SX_RM_Navigation/Path_Navigation/install/ign_sim_pointcloud_tool/share/ign_sim_pointcloud_tool/environment/library_path.sh
[0.113s] -- Up-to-date symlink: /home/lin/SX_RM_Navigation/Path_Navigation/install/ign_sim_pointcloud_tool/share/ign_sim_pointcloud_tool/environment/library_path.dsv
[0.113s] -- Up-to-date symlink: /home/lin/SX_RM_Navigation/Path_Navigation/install/ign_sim_pointcloud_tool/lib/libign_sim_pointcloud_tool.so
[0.113s] -- Up-to-date symlink: /home/lin/SX_RM_Navigation/Path_Navigation/install/ign_sim_pointcloud_tool/share/ament_index/resource_index/package_run_dependencies/ign_sim_pointcloud_tool
[0.114s] -- Up-to-date symlink: /home/lin/SX_RM_Navigation/Path_Navigation/install/ign_sim_pointcloud_tool/share/ament_index/resource_index/parent_prefix_path/ign_sim_pointcloud_tool
[0.114s] -- Up-to-date symlink: /home/lin/SX_RM_Navigation/Path_Navigation/install/ign_sim_pointcloud_tool/share/ign_sim_pointcloud_tool/environment/ament_prefix_path.sh
[0.114s] -- Up-to-date symlink: /home/lin/SX_RM_Navigation/Path_Navigation/install/ign_sim_pointcloud_tool/share/ign_sim_pointcloud_tool/environment/ament_prefix_path.dsv
[0.114s] -- Up-to-date symlink: /home/lin/SX_RM_Navigation/Path_Navigation/install/ign_sim_pointcloud_tool/share/ign_sim_pointcloud_tool/environment/path.sh
[0.114s] -- Up-to-date symlink: /home/lin/SX_RM_Navigation/Path_Navigation/install/ign_sim_pointcloud_tool/share/ign_sim_pointcloud_tool/environment/path.dsv
[0.114s] -- Up-to-date symlink: /home/lin/SX_RM_Navigation/Path_Navigation/install/ign_sim_pointcloud_tool/share/ign_sim_pointcloud_tool/local_setup.bash
[0.114s] -- Up-to-date symlink: /home/lin/SX_RM_Navigation/Path_Navigation/install/ign_sim_pointcloud_tool/share/ign_sim_pointcloud_tool/local_setup.sh
[0.114s] -- Up-to-date symlink: /home/lin/SX_RM_Navigation/Path_Navigation/install/ign_sim_pointcloud_tool/share/ign_sim_pointcloud_tool/local_setup.zsh
[0.114s] -- Up-to-date symlink: /home/lin/SX_RM_Navigation/Path_Navigation/install/ign_sim_pointcloud_tool/share/ign_sim_pointcloud_tool/local_setup.dsv
[0.114s] -- Symlinking: /home/lin/SX_RM_Navigation/Path_Navigation/install/ign_sim_pointcloud_tool/share/ign_sim_pointcloud_tool/package.dsv
[0.116s] -- Up-to-date symlink: /home/lin/SX_RM_Navigation/Path_Navigation/install/ign_sim_pointcloud_tool/share/ament_index/resource_index/packages/ign_sim_pointcloud_tool
[0.116s] -- Up-to-date symlink: /home/lin/SX_RM_Navigation/Path_Navigation/install/ign_sim_pointcloud_tool/share/ament_index/resource_index/rclcpp_components/ign_sim_pointcloud_tool
[0.116s] -- Up-to-date symlink: /home/lin/SX_RM_Navigation/Path_Navigation/install/ign_sim_pointcloud_tool/share/ign_sim_pointcloud_tool/cmake/ament_cmake_export_dependencies-extras.cmake
[0.116s] -- Up-to-date symlink: /home/lin/SX_RM_Navigation/Path_Navigation/install/ign_sim_pointcloud_tool/share/ign_sim_pointcloud_tool/cmake/ament_cmake_export_include_directories-extras.cmake
[0.116s] -- Up-to-date symlink: /home/lin/SX_RM_Navigation/Path_Navigation/install/ign_sim_pointcloud_tool/share/ign_sim_pointcloud_tool/cmake/ament_cmake_export_libraries-extras.cmake
[0.116s] -- Up-to-date symlink: /home/lin/SX_RM_Navigation/Path_Navigation/install/ign_sim_pointcloud_tool/share/ign_sim_pointcloud_tool/cmake/ign_sim_pointcloud_toolConfig.cmake
[0.116s] -- Up-to-date symlink: /home/lin/SX_RM_Navigation/Path_Navigation/install/ign_sim_pointcloud_tool/share/ign_sim_pointcloud_tool/cmake/ign_sim_pointcloud_toolConfig-version.cmake
[0.116s] -- Up-to-date symlink: /home/lin/SX_RM_Navigation/Path_Navigation/install/ign_sim_pointcloud_tool/share/ign_sim_pointcloud_tool/package.xml
[0.180s] Invoked command in '/home/lin/SX_RM_Navigation/Path_Navigation/build/ign_sim_pointcloud_tool' returned '0': CMAKE_PREFIX_PATH=${CMAKE_PREFIX_PATH}:/opt/ros/humble /usr/bin/cmake --install /home/lin/SX_RM_Navigation/Path_Navigation/build/ign_sim_pointcloud_tool
