[0.021s] Invoking command in '/home/lin/SX_RM_Navigation/Path_Navigation/build/loam_interface': CMAKE_PREFIX_PATH=${CMAKE_PREFIX_PATH}:/opt/ros/humble /usr/bin/cmake --build /home/lin/SX_RM_Navigation/Path_Navigation/build/loam_interface -- -j32 -l32
[0.054s] [35m[1mConsolidate compiler generated dependencies of target loam_interface_node[0m
[0.054s] [35m[1mConsolidate compiler generated dependencies of target loam_interface[0m
[0.067s] [ 50%] Built target loam_interface_node
[0.076s] [100%] Built target loam_interface
[0.088s] Invoked command in '/home/lin/SX_RM_Navigation/Path_Navigation/build/loam_interface' returned '0': CMAKE_PREFIX_PATH=${CMAKE_PREFIX_PATH}:/opt/ros/humble /usr/bin/cmake --build /home/lin/SX_RM_Navigation/Path_Navigation/build/loam_interface -- -j32 -l32
[0.090s] Invoking command in '/home/lin/SX_RM_Navigation/Path_Navigation/build/loam_interface': CMAKE_PREFIX_PATH=${CMAKE_PREFIX_PATH}:/opt/ros/humble /usr/bin/cmake --install /home/lin/SX_RM_Navigation/Path_Navigation/build/loam_interface
[0.099s] -- Install configuration: "Release"
[0.100s] -- Execute custom install script
[0.100s] -- Up-to-date symlink: /home/lin/SX_RM_Navigation/Path_Navigation/install/loam_interface/lib/loam_interface/loam_interface_node
[0.100s] -- Up-to-date symlink: /home/lin/SX_RM_Navigation/Path_Navigation/install/loam_interface/include/loam_interface/loam_interface.hpp
[0.100s] -- Up-to-date symlink: /home/lin/SX_RM_Navigation/Path_Navigation/install/loam_interface/share/loam_interface/environment/library_path.sh
[0.100s] -- Up-to-date symlink: /home/lin/SX_RM_Navigation/Path_Navigation/install/loam_interface/share/loam_interface/environment/library_path.dsv
[0.100s] -- Up-to-date symlink: /home/lin/SX_RM_Navigation/Path_Navigation/install/loam_interface/lib/libloam_interface.so
[0.100s] -- Up-to-date symlink: /home/lin/SX_RM_Navigation/Path_Navigation/install/loam_interface/share/loam_interface/launch/loam_interface_launch.py
[0.100s] -- Up-to-date symlink: /home/lin/SX_RM_Navigation/Path_Navigation/install/loam_interface/share/ament_index/resource_index/package_run_dependencies/loam_interface
[0.100s] -- Up-to-date symlink: /home/lin/SX_RM_Navigation/Path_Navigation/install/loam_interface/share/ament_index/resource_index/parent_prefix_path/loam_interface
[0.100s] -- Up-to-date symlink: /home/lin/SX_RM_Navigation/Path_Navigation/install/loam_interface/share/loam_interface/environment/ament_prefix_path.sh
[0.101s] -- Up-to-date symlink: /home/lin/SX_RM_Navigation/Path_Navigation/install/loam_interface/share/loam_interface/environment/ament_prefix_path.dsv
[0.101s] -- Up-to-date symlink: /home/lin/SX_RM_Navigation/Path_Navigation/install/loam_interface/share/loam_interface/environment/path.sh
[0.101s] -- Up-to-date symlink: /home/lin/SX_RM_Navigation/Path_Navigation/install/loam_interface/share/loam_interface/environment/path.dsv
[0.102s] -- Up-to-date symlink: /home/lin/SX_RM_Navigation/Path_Navigation/install/loam_interface/share/loam_interface/local_setup.bash
[0.102s] -- Up-to-date symlink: /home/lin/SX_RM_Navigation/Path_Navigation/install/loam_interface/share/loam_interface/local_setup.sh
[0.102s] -- Up-to-date symlink: /home/lin/SX_RM_Navigation/Path_Navigation/install/loam_interface/share/loam_interface/local_setup.zsh
[0.102s] -- Up-to-date symlink: /home/lin/SX_RM_Navigation/Path_Navigation/install/loam_interface/share/loam_interface/local_setup.dsv
[0.102s] -- Symlinking: /home/lin/SX_RM_Navigation/Path_Navigation/install/loam_interface/share/loam_interface/package.dsv
[0.108s] -- Up-to-date symlink: /home/lin/SX_RM_Navigation/Path_Navigation/install/loam_interface/share/ament_index/resource_index/packages/loam_interface
[0.108s] -- Up-to-date symlink: /home/lin/SX_RM_Navigation/Path_Navigation/install/loam_interface/share/ament_index/resource_index/rclcpp_components/loam_interface
[0.108s] -- Up-to-date symlink: /home/lin/SX_RM_Navigation/Path_Navigation/install/loam_interface/share/loam_interface/cmake/ament_cmake_export_dependencies-extras.cmake
[0.108s] -- Up-to-date symlink: /home/lin/SX_RM_Navigation/Path_Navigation/install/loam_interface/share/loam_interface/cmake/ament_cmake_export_include_directories-extras.cmake
[0.109s] -- Up-to-date symlink: /home/lin/SX_RM_Navigation/Path_Navigation/install/loam_interface/share/loam_interface/cmake/ament_cmake_export_libraries-extras.cmake
[0.109s] -- Up-to-date symlink: /home/lin/SX_RM_Navigation/Path_Navigation/install/loam_interface/share/loam_interface/cmake/loam_interfaceConfig.cmake
[0.110s] -- Up-to-date symlink: /home/lin/SX_RM_Navigation/Path_Navigation/install/loam_interface/share/loam_interface/cmake/loam_interfaceConfig-version.cmake
[0.110s] -- Up-to-date symlink: /home/lin/SX_RM_Navigation/Path_Navigation/install/loam_interface/share/loam_interface/package.xml
[0.114s] Invoked command in '/home/lin/SX_RM_Navigation/Path_Navigation/build/loam_interface' returned '0': CMAKE_PREFIX_PATH=${CMAKE_PREFIX_PATH}:/opt/ros/humble /usr/bin/cmake --install /home/lin/SX_RM_Navigation/Path_Navigation/build/loam_interface
