[0.023s] Invoking command in '/home/lin/SX_RM_Navigation/Path_Navigation/build/terrain_analysis': CMAKE_PREFIX_PATH=${CMAKE_PREFIX_PATH}:/opt/ros/humble /usr/bin/cmake --build /home/lin/SX_RM_Navigation/Path_Navigation/build/terrain_analysis -- -j32 -l32
[0.053s] [35m[1mConsolidate compiler generated dependencies of target terrainAnalysis[0m
[0.075s] [100%] Built target terrainAnalysis
[0.099s] Invoked command in '/home/lin/SX_RM_Navigation/Path_Navigation/build/terrain_analysis' returned '0': CMAKE_PREFIX_PATH=${CMAKE_PREFIX_PATH}:/opt/ros/humble /usr/bin/cmake --build /home/lin/SX_RM_Navigation/Path_Navigation/build/terrain_analysis -- -j32 -l32
[0.099s] Invoking command in '/home/lin/SX_RM_Navigation/Path_Navigation/build/terrain_analysis': CMAKE_PREFIX_PATH=${CMAKE_PREFIX_PATH}:/opt/ros/humble /usr/bin/cmake --install /home/lin/SX_RM_Navigation/Path_Navigation/build/terrain_analysis
[0.108s] -- Install configuration: "Release"
[0.108s] -- Execute custom install script
[0.109s] -- Up-to-date symlink: /home/lin/SX_RM_Navigation/Path_Navigation/install/terrain_analysis/lib/terrain_analysis/terrainAnalysis
[0.109s] -- Up-to-date symlink: /home/lin/SX_RM_Navigation/Path_Navigation/install/terrain_analysis/share/terrain_analysis/launch/terrain_analysis.launch
[0.109s] -- Up-to-date symlink: /home/lin/SX_RM_Navigation/Path_Navigation/install/terrain_analysis/share/ament_index/resource_index/package_run_dependencies/terrain_analysis
[0.109s] -- Up-to-date symlink: /home/lin/SX_RM_Navigation/Path_Navigation/install/terrain_analysis/share/ament_index/resource_index/parent_prefix_path/terrain_analysis
[0.109s] -- Up-to-date symlink: /home/lin/SX_RM_Navigation/Path_Navigation/install/terrain_analysis/share/terrain_analysis/environment/ament_prefix_path.sh
[0.110s] -- Up-to-date symlink: /home/lin/SX_RM_Navigation/Path_Navigation/install/terrain_analysis/share/terrain_analysis/environment/ament_prefix_path.dsv
[0.110s] -- Up-to-date symlink: /home/lin/SX_RM_Navigation/Path_Navigation/install/terrain_analysis/share/terrain_analysis/environment/path.sh
[0.110s] -- Up-to-date symlink: /home/lin/SX_RM_Navigation/Path_Navigation/install/terrain_analysis/share/terrain_analysis/environment/path.dsv
[0.110s] -- Up-to-date symlink: /home/lin/SX_RM_Navigation/Path_Navigation/install/terrain_analysis/share/terrain_analysis/local_setup.bash
[0.111s] -- Up-to-date symlink: /home/lin/SX_RM_Navigation/Path_Navigation/install/terrain_analysis/share/terrain_analysis/local_setup.sh
[0.111s] -- Up-to-date symlink: /home/lin/SX_RM_Navigation/Path_Navigation/install/terrain_analysis/share/terrain_analysis/local_setup.zsh
[0.111s] -- Up-to-date symlink: /home/lin/SX_RM_Navigation/Path_Navigation/install/terrain_analysis/share/terrain_analysis/local_setup.dsv
[0.111s] -- Symlinking: /home/lin/SX_RM_Navigation/Path_Navigation/install/terrain_analysis/share/terrain_analysis/package.dsv
[0.117s] -- Up-to-date symlink: /home/lin/SX_RM_Navigation/Path_Navigation/install/terrain_analysis/share/ament_index/resource_index/packages/terrain_analysis
[0.117s] -- Up-to-date symlink: /home/lin/SX_RM_Navigation/Path_Navigation/install/terrain_analysis/share/terrain_analysis/cmake/terrain_analysisConfig.cmake
[0.117s] -- Up-to-date symlink: /home/lin/SX_RM_Navigation/Path_Navigation/install/terrain_analysis/share/terrain_analysis/cmake/terrain_analysisConfig-version.cmake
[0.118s] -- Up-to-date symlink: /home/lin/SX_RM_Navigation/Path_Navigation/install/terrain_analysis/share/terrain_analysis/package.xml
[0.140s] Invoked command in '/home/lin/SX_RM_Navigation/Path_Navigation/build/terrain_analysis' returned '0': CMAKE_PREFIX_PATH=${CMAKE_PREFIX_PATH}:/opt/ros/humble /usr/bin/cmake --install /home/lin/SX_RM_Navigation/Path_Navigation/build/terrain_analysis
