[0.023s] Invoking command in '/home/lin/SX_RM_Navigation/Path_Navigation/build/sensor_scan_generation': CMAKE_PREFIX_PATH=${CMAKE_PREFIX_PATH}:/opt/ros/humble /usr/bin/cmake --build /home/lin/SX_RM_Navigation/Path_Navigation/build/sensor_scan_generation -- -j32 -l32
[0.062s] [35m[1mConsolidate compiler generated dependencies of target sensor_scan_generation_node[0m
[0.064s] [35m[1mConsolidate compiler generated dependencies of target sensor_scan_generation[0m
[0.076s] [ 50%] Built target sensor_scan_generation_node
[0.094s] [100%] Built target sensor_scan_generation
[0.107s] Invoked command in '/home/lin/SX_RM_Navigation/Path_Navigation/build/sensor_scan_generation' returned '0': CMAKE_PREFIX_PATH=${CMAKE_PREFIX_PATH}:/opt/ros/humble /usr/bin/cmake --build /home/lin/SX_RM_Navigation/Path_Navigation/build/sensor_scan_generation -- -j32 -l32
[0.109s] Invoking command in '/home/lin/SX_RM_Navigation/Path_Navigation/build/sensor_scan_generation': CMAKE_PREFIX_PATH=${CMAKE_PREFIX_PATH}:/opt/ros/humble /usr/bin/cmake --install /home/lin/SX_RM_Navigation/Path_Navigation/build/sensor_scan_generation
[0.129s] -- Install configuration: "Release"
[0.129s] -- Execute custom install script
[0.129s] -- Up-to-date symlink: /home/lin/SX_RM_Navigation/Path_Navigation/install/sensor_scan_generation/lib/sensor_scan_generation/sensor_scan_generation_node
[0.130s] -- Up-to-date symlink: /home/lin/SX_RM_Navigation/Path_Navigation/install/sensor_scan_generation/include/sensor_scan_generation/sensor_scan_generation.hpp
[0.130s] -- Up-to-date symlink: /home/lin/SX_RM_Navigation/Path_Navigation/install/sensor_scan_generation/share/sensor_scan_generation/environment/library_path.sh
[0.130s] -- Up-to-date symlink: /home/lin/SX_RM_Navigation/Path_Navigation/install/sensor_scan_generation/share/sensor_scan_generation/environment/library_path.dsv
[0.130s] -- Up-to-date symlink: /home/lin/SX_RM_Navigation/Path_Navigation/install/sensor_scan_generation/lib/libsensor_scan_generation.so
[0.130s] -- Up-to-date symlink: /home/lin/SX_RM_Navigation/Path_Navigation/install/sensor_scan_generation/share/sensor_scan_generation/launch/sensor_scan_generation.launch.py
[0.130s] -- Up-to-date symlink: /home/lin/SX_RM_Navigation/Path_Navigation/install/sensor_scan_generation/share/ament_index/resource_index/package_run_dependencies/sensor_scan_generation
[0.130s] -- Up-to-date symlink: /home/lin/SX_RM_Navigation/Path_Navigation/install/sensor_scan_generation/share/ament_index/resource_index/parent_prefix_path/sensor_scan_generation
[0.130s] -- Up-to-date symlink: /home/lin/SX_RM_Navigation/Path_Navigation/install/sensor_scan_generation/share/sensor_scan_generation/environment/ament_prefix_path.sh
[0.130s] -- Up-to-date symlink: /home/lin/SX_RM_Navigation/Path_Navigation/install/sensor_scan_generation/share/sensor_scan_generation/environment/ament_prefix_path.dsv
[0.130s] -- Up-to-date symlink: /home/lin/SX_RM_Navigation/Path_Navigation/install/sensor_scan_generation/share/sensor_scan_generation/environment/path.sh
[0.130s] -- Up-to-date symlink: /home/lin/SX_RM_Navigation/Path_Navigation/install/sensor_scan_generation/share/sensor_scan_generation/environment/path.dsv
[0.130s] -- Up-to-date symlink: /home/lin/SX_RM_Navigation/Path_Navigation/install/sensor_scan_generation/share/sensor_scan_generation/local_setup.bash
[0.130s] -- Up-to-date symlink: /home/lin/SX_RM_Navigation/Path_Navigation/install/sensor_scan_generation/share/sensor_scan_generation/local_setup.sh
[0.130s] -- Up-to-date symlink: /home/lin/SX_RM_Navigation/Path_Navigation/install/sensor_scan_generation/share/sensor_scan_generation/local_setup.zsh
[0.130s] -- Up-to-date symlink: /home/lin/SX_RM_Navigation/Path_Navigation/install/sensor_scan_generation/share/sensor_scan_generation/local_setup.dsv
[0.130s] -- Symlinking: /home/lin/SX_RM_Navigation/Path_Navigation/install/sensor_scan_generation/share/sensor_scan_generation/package.dsv
[0.131s] -- Up-to-date symlink: /home/lin/SX_RM_Navigation/Path_Navigation/install/sensor_scan_generation/share/ament_index/resource_index/packages/sensor_scan_generation
[0.131s] -- Up-to-date symlink: /home/lin/SX_RM_Navigation/Path_Navigation/install/sensor_scan_generation/share/ament_index/resource_index/rclcpp_components/sensor_scan_generation
[0.131s] -- Up-to-date symlink: /home/lin/SX_RM_Navigation/Path_Navigation/install/sensor_scan_generation/share/sensor_scan_generation/cmake/ament_cmake_export_dependencies-extras.cmake
[0.131s] -- Up-to-date symlink: /home/lin/SX_RM_Navigation/Path_Navigation/install/sensor_scan_generation/share/sensor_scan_generation/cmake/ament_cmake_export_include_directories-extras.cmake
[0.131s] -- Up-to-date symlink: /home/lin/SX_RM_Navigation/Path_Navigation/install/sensor_scan_generation/share/sensor_scan_generation/cmake/ament_cmake_export_libraries-extras.cmake
[0.131s] -- Up-to-date symlink: /home/lin/SX_RM_Navigation/Path_Navigation/install/sensor_scan_generation/share/sensor_scan_generation/cmake/sensor_scan_generationConfig.cmake
[0.131s] -- Up-to-date symlink: /home/lin/SX_RM_Navigation/Path_Navigation/install/sensor_scan_generation/share/sensor_scan_generation/cmake/sensor_scan_generationConfig-version.cmake
[0.131s] -- Up-to-date symlink: /home/lin/SX_RM_Navigation/Path_Navigation/install/sensor_scan_generation/share/sensor_scan_generation/package.xml
[0.184s] Invoked command in '/home/lin/SX_RM_Navigation/Path_Navigation/build/sensor_scan_generation' returned '0': CMAKE_PREFIX_PATH=${CMAKE_PREFIX_PATH}:/opt/ros/humble /usr/bin/cmake --install /home/lin/SX_RM_Navigation/Path_Navigation/build/sensor_scan_generation
