[35m[1mConsolidate compiler generated dependencies of target spin_conversion__rosidl_generator_c[0m
[35m[1mConsolidate compiler generated dependencies of target spin_conversion_node[0m
[  2%] Built target spin_conversion__cpp
[ 11%] Built target spin_conversion__rosidl_generator_c
[ 11%] Built target ament_cmake_python_symlink_spin_conversion
[35m[1mConsolidate compiler generated dependencies of target spin_conversion__rosidl_typesupport_cpp[0m
[35m[1mConsolidate compiler generated dependencies of target spin_conversion__rosidl_typesupport_fastrtps_cpp[0m
[35m[1mConsolidate compiler generated dependencies of target spin_conversion__rosidl_typesupport_fastrtps_c[0m
[35m[1mConsolidate compiler generated dependencies of target spin_conversion__rosidl_typesupport_introspection_cpp[0m
[ 17%] Built target spin_conversion_node
[35m[1mConsolidate compiler generated dependencies of target spin_conversion__rosidl_typesupport_c[0m
[35m[1mConsolidate compiler generated dependencies of target spin_conversion__rosidl_typesupport_introspection_c[0m
[ 25%] Built target spin_conversion__rosidl_typesupport_cpp
[ 34%] Built target spin_conversion__rosidl_typesupport_c
[ 42%] Built target spin_conversion__rosidl_typesupport_fastrtps_cpp
[ 51%] Built target spin_conversion__rosidl_typesupport_introspection_cpp
[ 60%] Built target spin_conversion__rosidl_typesupport_fastrtps_c
[ 68%] Built target spin_conversion__rosidl_typesupport_introspection_c
[35m[1mConsolidate compiler generated dependencies of target spin_conversion_core[0m
[ 68%] Built target spin_conversion
[ 74%] Built target spin_conversion_core
[ 77%] Built target spin_conversion__py
[35m[1mConsolidate compiler generated dependencies of target spin_conversion__rosidl_generator_py[0m
[ 82%] Built target spin_conversion__rosidl_generator_py
[35m[1mConsolidate compiler generated dependencies of target spin_conversion__rosidl_typesupport_fastrtps_c__pyext[0m
[35m[1mConsolidate compiler generated dependencies of target spin_conversion__rosidl_typesupport_introspection_c__pyext[0m
[35m[1mConsolidate compiler generated dependencies of target spin_conversion__rosidl_typesupport_c__pyext[0m
[ 88%] Built target spin_conversion__rosidl_typesupport_fastrtps_c__pyext
[ 94%] Built target spin_conversion__rosidl_typesupport_introspection_c__pyext
[100%] Built target spin_conversion__rosidl_typesupport_c__pyext
running egg_info
writing spin_conversion.egg-info/PKG-INFO
writing dependency_links to spin_conversion.egg-info/dependency_links.txt
writing top-level names to spin_conversion.egg-info/top_level.txt
reading manifest file 'spin_conversion.egg-info/SOURCES.txt'
writing manifest file 'spin_conversion.egg-info/SOURCES.txt'
[100%] Built target ament_cmake_python_build_spin_conversion_egg
-- Install configuration: "Release"
-- Execute custom install script
-- Up-to-date symlink: /home/lin/SX_RM_Navigation/Path_Navigation/install/spin_conversion/share/ament_index/resource_index/rosidl_interfaces/spin_conversion
-- Up-to-date symlink: /home/lin/SX_RM_Navigation/Path_Navigation/install/spin_conversion/include/spin_conversion/spin_conversion/msg/detail/spin_command__functions.h
-- Up-to-date symlink: /home/lin/SX_RM_Navigation/Path_Navigation/install/spin_conversion/include/spin_conversion/spin_conversion/msg/detail/spin_command__struct.h
-- Up-to-date symlink: /home/lin/SX_RM_Navigation/Path_Navigation/install/spin_conversion/include/spin_conversion/spin_conversion/msg/detail/spin_command__type_support.h
-- Up-to-date symlink: /home/lin/SX_RM_Navigation/Path_Navigation/install/spin_conversion/include/spin_conversion/spin_conversion/msg/rosidl_generator_c__visibility_control.h
-- Up-to-date symlink: /home/lin/SX_RM_Navigation/Path_Navigation/install/spin_conversion/include/spin_conversion/spin_conversion/msg/spin_command.h
-- Up-to-date symlink: /home/lin/SX_RM_Navigation/Path_Navigation/install/spin_conversion/share/spin_conversion/environment/library_path.sh
-- Up-to-date symlink: /home/lin/SX_RM_Navigation/Path_Navigation/install/spin_conversion/share/spin_conversion/environment/library_path.dsv
-- Up-to-date symlink: /home/lin/SX_RM_Navigation/Path_Navigation/install/spin_conversion/include/spin_conversion/spin_conversion/msg/detail/spin_command__rosidl_typesupport_fastrtps_c.h
-- Up-to-date symlink: /home/lin/SX_RM_Navigation/Path_Navigation/install/spin_conversion/include/spin_conversion/spin_conversion/msg/rosidl_typesupport_fastrtps_c__visibility_control.h
-- Up-to-date symlink: /home/lin/SX_RM_Navigation/Path_Navigation/install/spin_conversion/include/spin_conversion/spin_conversion/msg/detail/spin_command__builder.hpp
-- Up-to-date symlink: /home/lin/SX_RM_Navigation/Path_Navigation/install/spin_conversion/include/spin_conversion/spin_conversion/msg/detail/spin_command__struct.hpp
-- Up-to-date symlink: /home/lin/SX_RM_Navigation/Path_Navigation/install/spin_conversion/include/spin_conversion/spin_conversion/msg/detail/spin_command__traits.hpp
-- Up-to-date symlink: /home/lin/SX_RM_Navigation/Path_Navigation/install/spin_conversion/include/spin_conversion/spin_conversion/msg/detail/spin_command__type_support.hpp
-- Up-to-date symlink: /home/lin/SX_RM_Navigation/Path_Navigation/install/spin_conversion/include/spin_conversion/spin_conversion/msg/rosidl_generator_cpp__visibility_control.hpp
-- Up-to-date symlink: /home/lin/SX_RM_Navigation/Path_Navigation/install/spin_conversion/include/spin_conversion/spin_conversion/msg/spin_command.hpp
-- Up-to-date symlink: /home/lin/SX_RM_Navigation/Path_Navigation/install/spin_conversion/include/spin_conversion/spin_conversion/msg/detail/spin_command__rosidl_typesupport_fastrtps_cpp.hpp
-- Up-to-date symlink: /home/lin/SX_RM_Navigation/Path_Navigation/install/spin_conversion/include/spin_conversion/spin_conversion/msg/rosidl_typesupport_fastrtps_cpp__visibility_control.h
-- Up-to-date symlink: /home/lin/SX_RM_Navigation/Path_Navigation/install/spin_conversion/include/spin_conversion/spin_conversion/msg/detail/spin_command__rosidl_typesupport_introspection_c.h
-- Up-to-date symlink: /home/lin/SX_RM_Navigation/Path_Navigation/install/spin_conversion/include/spin_conversion/spin_conversion/msg/rosidl_typesupport_introspection_c__visibility_control.h
-- Up-to-date symlink: /home/lin/SX_RM_Navigation/Path_Navigation/install/spin_conversion/include/spin_conversion/spin_conversion/msg/detail/spin_command__rosidl_typesupport_introspection_cpp.hpp
-- Up-to-date symlink: /home/lin/SX_RM_Navigation/Path_Navigation/install/spin_conversion/share/spin_conversion/environment/pythonpath.sh
-- Up-to-date symlink: /home/lin/SX_RM_Navigation/Path_Navigation/install/spin_conversion/share/spin_conversion/environment/pythonpath.dsv
-- Up-to-date symlink: /home/lin/SX_RM_Navigation/Path_Navigation/install/spin_conversion/local/lib/python3.10/dist-packages/spin_conversion-1.3.1-py3.10.egg-info/PKG-INFO
-- Up-to-date symlink: /home/lin/SX_RM_Navigation/Path_Navigation/install/spin_conversion/local/lib/python3.10/dist-packages/spin_conversion-1.3.1-py3.10.egg-info/SOURCES.txt
-- Up-to-date symlink: /home/lin/SX_RM_Navigation/Path_Navigation/install/spin_conversion/local/lib/python3.10/dist-packages/spin_conversion-1.3.1-py3.10.egg-info/dependency_links.txt
-- Up-to-date symlink: /home/lin/SX_RM_Navigation/Path_Navigation/install/spin_conversion/local/lib/python3.10/dist-packages/spin_conversion-1.3.1-py3.10.egg-info/top_level.txt
-- Up-to-date symlink: /home/lin/SX_RM_Navigation/Path_Navigation/install/spin_conversion/local/lib/python3.10/dist-packages/spin_conversion/__init__.py
-- Up-to-date symlink: /home/lin/SX_RM_Navigation/Path_Navigation/install/spin_conversion/local/lib/python3.10/dist-packages/spin_conversion/_spin_conversion_s.ep.rosidl_typesupport_c.c
-- Up-to-date symlink: /home/lin/SX_RM_Navigation/Path_Navigation/install/spin_conversion/local/lib/python3.10/dist-packages/spin_conversion/_spin_conversion_s.ep.rosidl_typesupport_fastrtps_c.c
-- Up-to-date symlink: /home/lin/SX_RM_Navigation/Path_Navigation/install/spin_conversion/local/lib/python3.10/dist-packages/spin_conversion/_spin_conversion_s.ep.rosidl_typesupport_introspection_c.c
-- Up-to-date symlink: /home/lin/SX_RM_Navigation/Path_Navigation/install/spin_conversion/local/lib/python3.10/dist-packages/spin_conversion/libspin_conversion__rosidl_generator_py.so
-- Up-to-date symlink: /home/lin/SX_RM_Navigation/Path_Navigation/install/spin_conversion/local/lib/python3.10/dist-packages/spin_conversion/msg/__init__.py
-- Up-to-date symlink: /home/lin/SX_RM_Navigation/Path_Navigation/install/spin_conversion/local/lib/python3.10/dist-packages/spin_conversion/msg/_spin_command.py
-- Up-to-date symlink: /home/lin/SX_RM_Navigation/Path_Navigation/install/spin_conversion/local/lib/python3.10/dist-packages/spin_conversion/msg/_spin_command_s.c
-- Up-to-date symlink: /home/lin/SX_RM_Navigation/Path_Navigation/install/spin_conversion/local/lib/python3.10/dist-packages/spin_conversion/spin_conversion_s__rosidl_typesupport_c.cpython-310-x86_64-linux-gnu.so
-- Up-to-date symlink: /home/lin/SX_RM_Navigation/Path_Navigation/install/spin_conversion/local/lib/python3.10/dist-packages/spin_conversion/spin_conversion_s__rosidl_typesupport_fastrtps_c.cpython-310-x86_64-linux-gnu.so
-- Up-to-date symlink: /home/lin/SX_RM_Navigation/Path_Navigation/install/spin_conversion/local/lib/python3.10/dist-packages/spin_conversion/spin_conversion_s__rosidl_typesupport_introspection_c.cpython-310-x86_64-linux-gnu.so
-- Up-to-date symlink: /home/lin/SX_RM_Navigation/Path_Navigation/install/spin_conversion/local/lib/python3.10/dist-packages/spin_conversion/spin_conversion_s__rosidl_typesupport_fastrtps_c.cpython-310-x86_64-linux-gnu.so
-- Up-to-date symlink: /home/lin/SX_RM_Navigation/Path_Navigation/install/spin_conversion/local/lib/python3.10/dist-packages/spin_conversion/spin_conversion_s__rosidl_typesupport_introspection_c.cpython-310-x86_64-linux-gnu.so
-- Up-to-date symlink: /home/lin/SX_RM_Navigation/Path_Navigation/install/spin_conversion/local/lib/python3.10/dist-packages/spin_conversion/spin_conversion_s__rosidl_typesupport_c.cpython-310-x86_64-linux-gnu.so
-- Up-to-date symlink: /home/lin/SX_RM_Navigation/Path_Navigation/install/spin_conversion/share/spin_conversion/msg/SpinCommand.idl
-- Up-to-date symlink: /home/lin/SX_RM_Navigation/Path_Navigation/install/spin_conversion/share/spin_conversion/msg/SpinCommand.msg
-- Up-to-date symlink: /home/lin/SX_RM_Navigation/Path_Navigation/install/spin_conversion/lib/spin_conversion/spin_conversion_node
-- Up-to-date symlink: /home/lin/SX_RM_Navigation/Path_Navigation/install/spin_conversion/include/spin_conversion/spin_conversion.hpp
-- Up-to-date symlink: /home/lin/SX_RM_Navigation/Path_Navigation/install/spin_conversion/lib/libspin_conversion_core.so
-- Up-to-date symlink: /home/lin/SX_RM_Navigation/Path_Navigation/install/spin_conversion/share/spin_conversion/launch/spin_conversion_launch.py
-- Up-to-date symlink: /home/lin/SX_RM_Navigation/Path_Navigation/install/spin_conversion/share/ament_index/resource_index/package_run_dependencies/spin_conversion
-- Up-to-date symlink: /home/lin/SX_RM_Navigation/Path_Navigation/install/spin_conversion/share/ament_index/resource_index/parent_prefix_path/spin_conversion
-- Up-to-date symlink: /home/lin/SX_RM_Navigation/Path_Navigation/install/spin_conversion/share/spin_conversion/environment/ament_prefix_path.sh
-- Up-to-date symlink: /home/lin/SX_RM_Navigation/Path_Navigation/install/spin_conversion/share/spin_conversion/environment/ament_prefix_path.dsv
-- Up-to-date symlink: /home/lin/SX_RM_Navigation/Path_Navigation/install/spin_conversion/share/spin_conversion/environment/path.sh
-- Up-to-date symlink: /home/lin/SX_RM_Navigation/Path_Navigation/install/spin_conversion/share/spin_conversion/environment/path.dsv
-- Up-to-date symlink: /home/lin/SX_RM_Navigation/Path_Navigation/install/spin_conversion/share/spin_conversion/local_setup.bash
-- Up-to-date symlink: /home/lin/SX_RM_Navigation/Path_Navigation/install/spin_conversion/share/spin_conversion/local_setup.sh
-- Up-to-date symlink: /home/lin/SX_RM_Navigation/Path_Navigation/install/spin_conversion/share/spin_conversion/local_setup.zsh
-- Up-to-date symlink: /home/lin/SX_RM_Navigation/Path_Navigation/install/spin_conversion/share/spin_conversion/local_setup.dsv
-- Symlinking: /home/lin/SX_RM_Navigation/Path_Navigation/install/spin_conversion/share/spin_conversion/package.dsv
-- Up-to-date symlink: /home/lin/SX_RM_Navigation/Path_Navigation/install/spin_conversion/share/ament_index/resource_index/packages/spin_conversion
-- Up-to-date symlink: /home/lin/SX_RM_Navigation/Path_Navigation/install/spin_conversion/share/ament_index/resource_index/rclcpp_components/spin_conversion
-- Up-to-date symlink: /home/lin/SX_RM_Navigation/Path_Navigation/install/spin_conversion/share/spin_conversion/cmake/rosidl_cmake-extras.cmake
-- Up-to-date symlink: /home/lin/SX_RM_Navigation/Path_Navigation/install/spin_conversion/share/spin_conversion/cmake/ament_cmake_export_include_directories-extras.cmake
-- Up-to-date symlink: /home/lin/SX_RM_Navigation/Path_Navigation/install/spin_conversion/share/spin_conversion/cmake/ament_cmake_export_libraries-extras.cmake
-- Up-to-date symlink: /home/lin/SX_RM_Navigation/Path_Navigation/install/spin_conversion/share/spin_conversion/cmake/ament_cmake_export_targets-extras.cmake
-- Up-to-date symlink: /home/lin/SX_RM_Navigation/Path_Navigation/install/spin_conversion/share/spin_conversion/cmake/rosidl_cmake_export_typesupport_targets-extras.cmake
-- Up-to-date symlink: /home/lin/SX_RM_Navigation/Path_Navigation/install/spin_conversion/share/spin_conversion/cmake/ament_cmake_export_dependencies-extras.cmake
-- Up-to-date symlink: /home/lin/SX_RM_Navigation/Path_Navigation/install/spin_conversion/share/spin_conversion/cmake/rosidl_cmake_export_typesupport_libraries-extras.cmake
-- Up-to-date symlink: /home/lin/SX_RM_Navigation/Path_Navigation/install/spin_conversion/share/spin_conversion/cmake/spin_conversionConfig.cmake
-- Up-to-date symlink: /home/lin/SX_RM_Navigation/Path_Navigation/install/spin_conversion/share/spin_conversion/cmake/spin_conversionConfig-version.cmake
-- Up-to-date symlink: /home/lin/SX_RM_Navigation/Path_Navigation/install/spin_conversion/share/spin_conversion/package.xml
-- Up-to-date: /home/lin/SX_RM_Navigation/Path_Navigation/install/spin_conversion/lib/libspin_conversion__rosidl_generator_c.so
-- Up-to-date: /home/lin/SX_RM_Navigation/Path_Navigation/install/spin_conversion/lib/libspin_conversion__rosidl_typesupport_fastrtps_c.so
-- Up-to-date: /home/lin/SX_RM_Navigation/Path_Navigation/install/spin_conversion/lib/libspin_conversion__rosidl_typesupport_fastrtps_cpp.so
-- Up-to-date: /home/lin/SX_RM_Navigation/Path_Navigation/install/spin_conversion/lib/libspin_conversion__rosidl_typesupport_introspection_c.so
-- Up-to-date: /home/lin/SX_RM_Navigation/Path_Navigation/install/spin_conversion/lib/libspin_conversion__rosidl_typesupport_c.so
-- Up-to-date: /home/lin/SX_RM_Navigation/Path_Navigation/install/spin_conversion/lib/libspin_conversion__rosidl_typesupport_introspection_cpp.so
-- Up-to-date: /home/lin/SX_RM_Navigation/Path_Navigation/install/spin_conversion/lib/libspin_conversion__rosidl_typesupport_cpp.so
Listing '/home/lin/SX_RM_Navigation/Path_Navigation/install/spin_conversion/local/lib/python3.10/dist-packages/spin_conversion'...
Listing '/home/lin/SX_RM_Navigation/Path_Navigation/install/spin_conversion/local/lib/python3.10/dist-packages/spin_conversion/msg'...
-- Up-to-date: /home/lin/SX_RM_Navigation/Path_Navigation/install/spin_conversion/lib/libspin_conversion__rosidl_generator_py.so
-- Up-to-date: /home/lin/SX_RM_Navigation/Path_Navigation/install/spin_conversion/share/spin_conversion/cmake/export_spin_conversion__rosidl_generator_cExport.cmake
-- Up-to-date: /home/lin/SX_RM_Navigation/Path_Navigation/install/spin_conversion/share/spin_conversion/cmake/export_spin_conversion__rosidl_generator_cExport-release.cmake
-- Up-to-date: /home/lin/SX_RM_Navigation/Path_Navigation/install/spin_conversion/share/spin_conversion/cmake/export_spin_conversion__rosidl_typesupport_fastrtps_cExport.cmake
-- Up-to-date: /home/lin/SX_RM_Navigation/Path_Navigation/install/spin_conversion/share/spin_conversion/cmake/export_spin_conversion__rosidl_typesupport_fastrtps_cExport-release.cmake
-- Up-to-date: /home/lin/SX_RM_Navigation/Path_Navigation/install/spin_conversion/share/spin_conversion/cmake/export_spin_conversion__rosidl_generator_cppExport.cmake
-- Up-to-date: /home/lin/SX_RM_Navigation/Path_Navigation/install/spin_conversion/share/spin_conversion/cmake/export_spin_conversion__rosidl_typesupport_fastrtps_cppExport.cmake
-- Up-to-date: /home/lin/SX_RM_Navigation/Path_Navigation/install/spin_conversion/share/spin_conversion/cmake/export_spin_conversion__rosidl_typesupport_fastrtps_cppExport-release.cmake
-- Up-to-date: /home/lin/SX_RM_Navigation/Path_Navigation/install/spin_conversion/share/spin_conversion/cmake/spin_conversion__rosidl_typesupport_introspection_cExport.cmake
-- Up-to-date: /home/lin/SX_RM_Navigation/Path_Navigation/install/spin_conversion/share/spin_conversion/cmake/spin_conversion__rosidl_typesupport_introspection_cExport-release.cmake
-- Up-to-date: /home/lin/SX_RM_Navigation/Path_Navigation/install/spin_conversion/share/spin_conversion/cmake/spin_conversion__rosidl_typesupport_cExport.cmake
-- Up-to-date: /home/lin/SX_RM_Navigation/Path_Navigation/install/spin_conversion/share/spin_conversion/cmake/spin_conversion__rosidl_typesupport_cExport-release.cmake
-- Up-to-date: /home/lin/SX_RM_Navigation/Path_Navigation/install/spin_conversion/share/spin_conversion/cmake/spin_conversion__rosidl_typesupport_introspection_cppExport.cmake
-- Up-to-date: /home/lin/SX_RM_Navigation/Path_Navigation/install/spin_conversion/share/spin_conversion/cmake/spin_conversion__rosidl_typesupport_introspection_cppExport-release.cmake
-- Up-to-date: /home/lin/SX_RM_Navigation/Path_Navigation/install/spin_conversion/share/spin_conversion/cmake/spin_conversion__rosidl_typesupport_cppExport.cmake
-- Up-to-date: /home/lin/SX_RM_Navigation/Path_Navigation/install/spin_conversion/share/spin_conversion/cmake/spin_conversion__rosidl_typesupport_cppExport-release.cmake
-- Up-to-date: /home/lin/SX_RM_Navigation/Path_Navigation/install/spin_conversion/share/spin_conversion/cmake/export_spin_conversion__rosidl_generator_pyExport.cmake
-- Up-to-date: /home/lin/SX_RM_Navigation/Path_Navigation/install/spin_conversion/share/spin_conversion/cmake/export_spin_conversion__rosidl_generator_pyExport-release.cmake
