[0.026s] Invoking command in '/home/lin/SX_RM_Navigation/Path_Navigation/build/spin_conversion': CMAKE_PREFIX_PATH=${CMAKE_PREFIX_PATH}:/opt/ros/humble /usr/bin/cmake --build /home/lin/SX_RM_Navigation/Path_Navigation/build/spin_conversion -- -j32 -l32
[0.060s] [35m[1mConsolidate compiler generated dependencies of target spin_conversion__rosidl_generator_c[0m
[0.061s] [35m[1mConsolidate compiler generated dependencies of target spin_conversion_node[0m
[0.066s] [  2%] Built target spin_conversion__cpp
[0.068s] [ 11%] Built target spin_conversion__rosidl_generator_c
[0.073s] [ 11%] Built target ament_cmake_python_symlink_spin_conversion
[0.073s] [35m[1mConsolidate compiler generated dependencies of target spin_conversion__rosidl_typesupport_cpp[0m
[0.074s] [35m[1mConsolidate compiler generated dependencies of target spin_conversion__rosidl_typesupport_fastrtps_cpp[0m
[0.075s] [35m[1mConsolidate compiler generated dependencies of target spin_conversion__rosidl_typesupport_fastrtps_c[0m
[0.075s] [35m[1mConsolidate compiler generated dependencies of target spin_conversion__rosidl_typesupport_introspection_cpp[0m
[0.075s] [ 17%] Built target spin_conversion_node
[0.075s] [35m[1mConsolidate compiler generated dependencies of target spin_conversion__rosidl_typesupport_c[0m
[0.077s] [35m[1mConsolidate compiler generated dependencies of target spin_conversion__rosidl_typesupport_introspection_c[0m
[0.081s] [ 25%] Built target spin_conversion__rosidl_typesupport_cpp
[0.082s] [ 34%] Built target spin_conversion__rosidl_typesupport_c
[0.082s] [ 42%] Built target spin_conversion__rosidl_typesupport_fastrtps_cpp
[0.084s] [ 51%] Built target spin_conversion__rosidl_typesupport_introspection_cpp
[0.086s] [ 60%] Built target spin_conversion__rosidl_typesupport_fastrtps_c
[0.089s] [ 68%] Built target spin_conversion__rosidl_typesupport_introspection_c
[0.094s] [35m[1mConsolidate compiler generated dependencies of target spin_conversion_core[0m
[0.107s] [ 68%] Built target spin_conversion
[0.109s] [ 74%] Built target spin_conversion_core
[0.113s] [ 77%] Built target spin_conversion__py
[0.122s] [35m[1mConsolidate compiler generated dependencies of target spin_conversion__rosidl_generator_py[0m
[0.132s] [ 82%] Built target spin_conversion__rosidl_generator_py
[0.139s] [35m[1mConsolidate compiler generated dependencies of target spin_conversion__rosidl_typesupport_fastrtps_c__pyext[0m
[0.141s] [35m[1mConsolidate compiler generated dependencies of target spin_conversion__rosidl_typesupport_introspection_c__pyext[0m
[0.141s] [35m[1mConsolidate compiler generated dependencies of target spin_conversion__rosidl_typesupport_c__pyext[0m
[0.148s] [ 88%] Built target spin_conversion__rosidl_typesupport_fastrtps_c__pyext
[0.150s] [ 94%] Built target spin_conversion__rosidl_typesupport_introspection_c__pyext
[0.150s] [100%] Built target spin_conversion__rosidl_typesupport_c__pyext
[0.198s] running egg_info
[0.198s] writing spin_conversion.egg-info/PKG-INFO
[0.198s] writing dependency_links to spin_conversion.egg-info/dependency_links.txt
[0.199s] writing top-level names to spin_conversion.egg-info/top_level.txt
[0.200s] reading manifest file 'spin_conversion.egg-info/SOURCES.txt'
[0.201s] writing manifest file 'spin_conversion.egg-info/SOURCES.txt'
[0.215s] [100%] Built target ament_cmake_python_build_spin_conversion_egg
[0.223s] Invoked command in '/home/lin/SX_RM_Navigation/Path_Navigation/build/spin_conversion' returned '0': CMAKE_PREFIX_PATH=${CMAKE_PREFIX_PATH}:/opt/ros/humble /usr/bin/cmake --build /home/lin/SX_RM_Navigation/Path_Navigation/build/spin_conversion -- -j32 -l32
[0.224s] Invoking command in '/home/lin/SX_RM_Navigation/Path_Navigation/build/spin_conversion': CMAKE_PREFIX_PATH=${CMAKE_PREFIX_PATH}:/opt/ros/humble /usr/bin/cmake --install /home/lin/SX_RM_Navigation/Path_Navigation/build/spin_conversion
[0.229s] -- Install configuration: "Release"
[0.229s] -- Execute custom install script
[0.229s] -- Up-to-date symlink: /home/lin/SX_RM_Navigation/Path_Navigation/install/spin_conversion/share/ament_index/resource_index/rosidl_interfaces/spin_conversion
[0.229s] -- Up-to-date symlink: /home/lin/SX_RM_Navigation/Path_Navigation/install/spin_conversion/include/spin_conversion/spin_conversion/msg/detail/spin_command__functions.h
[0.229s] -- Up-to-date symlink: /home/lin/SX_RM_Navigation/Path_Navigation/install/spin_conversion/include/spin_conversion/spin_conversion/msg/detail/spin_command__struct.h
[0.229s] -- Up-to-date symlink: /home/lin/SX_RM_Navigation/Path_Navigation/install/spin_conversion/include/spin_conversion/spin_conversion/msg/detail/spin_command__type_support.h
[0.229s] -- Up-to-date symlink: /home/lin/SX_RM_Navigation/Path_Navigation/install/spin_conversion/include/spin_conversion/spin_conversion/msg/rosidl_generator_c__visibility_control.h
[0.229s] -- Up-to-date symlink: /home/lin/SX_RM_Navigation/Path_Navigation/install/spin_conversion/include/spin_conversion/spin_conversion/msg/spin_command.h
[0.230s] -- Up-to-date symlink: /home/lin/SX_RM_Navigation/Path_Navigation/install/spin_conversion/share/spin_conversion/environment/library_path.sh
[0.230s] -- Up-to-date symlink: /home/lin/SX_RM_Navigation/Path_Navigation/install/spin_conversion/share/spin_conversion/environment/library_path.dsv
[0.230s] -- Up-to-date symlink: /home/lin/SX_RM_Navigation/Path_Navigation/install/spin_conversion/include/spin_conversion/spin_conversion/msg/detail/spin_command__rosidl_typesupport_fastrtps_c.h
[0.230s] -- Up-to-date symlink: /home/lin/SX_RM_Navigation/Path_Navigation/install/spin_conversion/include/spin_conversion/spin_conversion/msg/rosidl_typesupport_fastrtps_c__visibility_control.h
[0.230s] -- Up-to-date symlink: /home/lin/SX_RM_Navigation/Path_Navigation/install/spin_conversion/include/spin_conversion/spin_conversion/msg/detail/spin_command__builder.hpp
[0.230s] -- Up-to-date symlink: /home/lin/SX_RM_Navigation/Path_Navigation/install/spin_conversion/include/spin_conversion/spin_conversion/msg/detail/spin_command__struct.hpp
[0.230s] -- Up-to-date symlink: /home/lin/SX_RM_Navigation/Path_Navigation/install/spin_conversion/include/spin_conversion/spin_conversion/msg/detail/spin_command__traits.hpp
[0.230s] -- Up-to-date symlink: /home/lin/SX_RM_Navigation/Path_Navigation/install/spin_conversion/include/spin_conversion/spin_conversion/msg/detail/spin_command__type_support.hpp
[0.230s] -- Up-to-date symlink: /home/lin/SX_RM_Navigation/Path_Navigation/install/spin_conversion/include/spin_conversion/spin_conversion/msg/rosidl_generator_cpp__visibility_control.hpp
[0.230s] -- Up-to-date symlink: /home/lin/SX_RM_Navigation/Path_Navigation/install/spin_conversion/include/spin_conversion/spin_conversion/msg/spin_command.hpp
[0.230s] -- Up-to-date symlink: /home/lin/SX_RM_Navigation/Path_Navigation/install/spin_conversion/include/spin_conversion/spin_conversion/msg/detail/spin_command__rosidl_typesupport_fastrtps_cpp.hpp
[0.230s] -- Up-to-date symlink: /home/lin/SX_RM_Navigation/Path_Navigation/install/spin_conversion/include/spin_conversion/spin_conversion/msg/rosidl_typesupport_fastrtps_cpp__visibility_control.h
[0.230s] -- Up-to-date symlink: /home/lin/SX_RM_Navigation/Path_Navigation/install/spin_conversion/include/spin_conversion/spin_conversion/msg/detail/spin_command__rosidl_typesupport_introspection_c.h
[0.230s] -- Up-to-date symlink: /home/lin/SX_RM_Navigation/Path_Navigation/install/spin_conversion/include/spin_conversion/spin_conversion/msg/rosidl_typesupport_introspection_c__visibility_control.h
[0.231s] -- Up-to-date symlink: /home/lin/SX_RM_Navigation/Path_Navigation/install/spin_conversion/include/spin_conversion/spin_conversion/msg/detail/spin_command__rosidl_typesupport_introspection_cpp.hpp
[0.231s] -- Up-to-date symlink: /home/lin/SX_RM_Navigation/Path_Navigation/install/spin_conversion/share/spin_conversion/environment/pythonpath.sh
[0.231s] -- Up-to-date symlink: /home/lin/SX_RM_Navigation/Path_Navigation/install/spin_conversion/share/spin_conversion/environment/pythonpath.dsv
[0.231s] -- Up-to-date symlink: /home/lin/SX_RM_Navigation/Path_Navigation/install/spin_conversion/local/lib/python3.10/dist-packages/spin_conversion-1.3.1-py3.10.egg-info/PKG-INFO
[0.231s] -- Up-to-date symlink: /home/lin/SX_RM_Navigation/Path_Navigation/install/spin_conversion/local/lib/python3.10/dist-packages/spin_conversion-1.3.1-py3.10.egg-info/SOURCES.txt
[0.231s] -- Up-to-date symlink: /home/lin/SX_RM_Navigation/Path_Navigation/install/spin_conversion/local/lib/python3.10/dist-packages/spin_conversion-1.3.1-py3.10.egg-info/dependency_links.txt
[0.231s] -- Up-to-date symlink: /home/lin/SX_RM_Navigation/Path_Navigation/install/spin_conversion/local/lib/python3.10/dist-packages/spin_conversion-1.3.1-py3.10.egg-info/top_level.txt
[0.231s] -- Up-to-date symlink: /home/lin/SX_RM_Navigation/Path_Navigation/install/spin_conversion/local/lib/python3.10/dist-packages/spin_conversion/__init__.py
[0.231s] -- Up-to-date symlink: /home/lin/SX_RM_Navigation/Path_Navigation/install/spin_conversion/local/lib/python3.10/dist-packages/spin_conversion/_spin_conversion_s.ep.rosidl_typesupport_c.c
[0.231s] -- Up-to-date symlink: /home/lin/SX_RM_Navigation/Path_Navigation/install/spin_conversion/local/lib/python3.10/dist-packages/spin_conversion/_spin_conversion_s.ep.rosidl_typesupport_fastrtps_c.c
[0.231s] -- Up-to-date symlink: /home/lin/SX_RM_Navigation/Path_Navigation/install/spin_conversion/local/lib/python3.10/dist-packages/spin_conversion/_spin_conversion_s.ep.rosidl_typesupport_introspection_c.c
[0.231s] -- Up-to-date symlink: /home/lin/SX_RM_Navigation/Path_Navigation/install/spin_conversion/local/lib/python3.10/dist-packages/spin_conversion/libspin_conversion__rosidl_generator_py.so
[0.231s] -- Up-to-date symlink: /home/lin/SX_RM_Navigation/Path_Navigation/install/spin_conversion/local/lib/python3.10/dist-packages/spin_conversion/msg/__init__.py
[0.231s] -- Up-to-date symlink: /home/lin/SX_RM_Navigation/Path_Navigation/install/spin_conversion/local/lib/python3.10/dist-packages/spin_conversion/msg/_spin_command.py
[0.232s] -- Up-to-date symlink: /home/lin/SX_RM_Navigation/Path_Navigation/install/spin_conversion/local/lib/python3.10/dist-packages/spin_conversion/msg/_spin_command_s.c
[0.232s] -- Up-to-date symlink: /home/lin/SX_RM_Navigation/Path_Navigation/install/spin_conversion/local/lib/python3.10/dist-packages/spin_conversion/spin_conversion_s__rosidl_typesupport_c.cpython-310-x86_64-linux-gnu.so
[0.232s] -- Up-to-date symlink: /home/lin/SX_RM_Navigation/Path_Navigation/install/spin_conversion/local/lib/python3.10/dist-packages/spin_conversion/spin_conversion_s__rosidl_typesupport_fastrtps_c.cpython-310-x86_64-linux-gnu.so
[0.232s] -- Up-to-date symlink: /home/lin/SX_RM_Navigation/Path_Navigation/install/spin_conversion/local/lib/python3.10/dist-packages/spin_conversion/spin_conversion_s__rosidl_typesupport_introspection_c.cpython-310-x86_64-linux-gnu.so
[0.232s] -- Up-to-date symlink: /home/lin/SX_RM_Navigation/Path_Navigation/install/spin_conversion/local/lib/python3.10/dist-packages/spin_conversion/spin_conversion_s__rosidl_typesupport_fastrtps_c.cpython-310-x86_64-linux-gnu.so
[0.232s] -- Up-to-date symlink: /home/lin/SX_RM_Navigation/Path_Navigation/install/spin_conversion/local/lib/python3.10/dist-packages/spin_conversion/spin_conversion_s__rosidl_typesupport_introspection_c.cpython-310-x86_64-linux-gnu.so
[0.232s] -- Up-to-date symlink: /home/lin/SX_RM_Navigation/Path_Navigation/install/spin_conversion/local/lib/python3.10/dist-packages/spin_conversion/spin_conversion_s__rosidl_typesupport_c.cpython-310-x86_64-linux-gnu.so
[0.232s] -- Up-to-date symlink: /home/lin/SX_RM_Navigation/Path_Navigation/install/spin_conversion/share/spin_conversion/msg/SpinCommand.idl
[0.232s] -- Up-to-date symlink: /home/lin/SX_RM_Navigation/Path_Navigation/install/spin_conversion/share/spin_conversion/msg/SpinCommand.msg
[0.232s] -- Up-to-date symlink: /home/lin/SX_RM_Navigation/Path_Navigation/install/spin_conversion/lib/spin_conversion/spin_conversion_node
[0.232s] -- Up-to-date symlink: /home/lin/SX_RM_Navigation/Path_Navigation/install/spin_conversion/include/spin_conversion/spin_conversion.hpp
[0.232s] -- Up-to-date symlink: /home/lin/SX_RM_Navigation/Path_Navigation/install/spin_conversion/lib/libspin_conversion_core.so
[0.232s] -- Up-to-date symlink: /home/lin/SX_RM_Navigation/Path_Navigation/install/spin_conversion/share/spin_conversion/launch/spin_conversion_launch.py
[0.232s] -- Up-to-date symlink: /home/lin/SX_RM_Navigation/Path_Navigation/install/spin_conversion/share/ament_index/resource_index/package_run_dependencies/spin_conversion
[0.232s] -- Up-to-date symlink: /home/lin/SX_RM_Navigation/Path_Navigation/install/spin_conversion/share/ament_index/resource_index/parent_prefix_path/spin_conversion
[0.233s] -- Up-to-date symlink: /home/lin/SX_RM_Navigation/Path_Navigation/install/spin_conversion/share/spin_conversion/environment/ament_prefix_path.sh
[0.233s] -- Up-to-date symlink: /home/lin/SX_RM_Navigation/Path_Navigation/install/spin_conversion/share/spin_conversion/environment/ament_prefix_path.dsv
[0.233s] -- Up-to-date symlink: /home/lin/SX_RM_Navigation/Path_Navigation/install/spin_conversion/share/spin_conversion/environment/path.sh
[0.233s] -- Up-to-date symlink: /home/lin/SX_RM_Navigation/Path_Navigation/install/spin_conversion/share/spin_conversion/environment/path.dsv
[0.233s] -- Up-to-date symlink: /home/lin/SX_RM_Navigation/Path_Navigation/install/spin_conversion/share/spin_conversion/local_setup.bash
[0.233s] -- Up-to-date symlink: /home/lin/SX_RM_Navigation/Path_Navigation/install/spin_conversion/share/spin_conversion/local_setup.sh
[0.233s] -- Up-to-date symlink: /home/lin/SX_RM_Navigation/Path_Navigation/install/spin_conversion/share/spin_conversion/local_setup.zsh
[0.233s] -- Up-to-date symlink: /home/lin/SX_RM_Navigation/Path_Navigation/install/spin_conversion/share/spin_conversion/local_setup.dsv
[0.233s] -- Symlinking: /home/lin/SX_RM_Navigation/Path_Navigation/install/spin_conversion/share/spin_conversion/package.dsv
[0.239s] -- Up-to-date symlink: /home/lin/SX_RM_Navigation/Path_Navigation/install/spin_conversion/share/ament_index/resource_index/packages/spin_conversion
[0.239s] -- Up-to-date symlink: /home/lin/SX_RM_Navigation/Path_Navigation/install/spin_conversion/share/ament_index/resource_index/rclcpp_components/spin_conversion
[0.239s] -- Up-to-date symlink: /home/lin/SX_RM_Navigation/Path_Navigation/install/spin_conversion/share/spin_conversion/cmake/rosidl_cmake-extras.cmake
[0.239s] -- Up-to-date symlink: /home/lin/SX_RM_Navigation/Path_Navigation/install/spin_conversion/share/spin_conversion/cmake/ament_cmake_export_include_directories-extras.cmake
[0.239s] -- Up-to-date symlink: /home/lin/SX_RM_Navigation/Path_Navigation/install/spin_conversion/share/spin_conversion/cmake/ament_cmake_export_libraries-extras.cmake
[0.239s] -- Up-to-date symlink: /home/lin/SX_RM_Navigation/Path_Navigation/install/spin_conversion/share/spin_conversion/cmake/ament_cmake_export_targets-extras.cmake
[0.239s] -- Up-to-date symlink: /home/lin/SX_RM_Navigation/Path_Navigation/install/spin_conversion/share/spin_conversion/cmake/rosidl_cmake_export_typesupport_targets-extras.cmake
[0.239s] -- Up-to-date symlink: /home/lin/SX_RM_Navigation/Path_Navigation/install/spin_conversion/share/spin_conversion/cmake/ament_cmake_export_dependencies-extras.cmake
[0.239s] -- Up-to-date symlink: /home/lin/SX_RM_Navigation/Path_Navigation/install/spin_conversion/share/spin_conversion/cmake/rosidl_cmake_export_typesupport_libraries-extras.cmake
[0.239s] -- Up-to-date symlink: /home/lin/SX_RM_Navigation/Path_Navigation/install/spin_conversion/share/spin_conversion/cmake/spin_conversionConfig.cmake
[0.240s] -- Up-to-date symlink: /home/lin/SX_RM_Navigation/Path_Navigation/install/spin_conversion/share/spin_conversion/cmake/spin_conversionConfig-version.cmake
[0.240s] -- Up-to-date symlink: /home/lin/SX_RM_Navigation/Path_Navigation/install/spin_conversion/share/spin_conversion/package.xml
[0.240s] -- Up-to-date: /home/lin/SX_RM_Navigation/Path_Navigation/install/spin_conversion/lib/libspin_conversion__rosidl_generator_c.so
[0.240s] -- Up-to-date: /home/lin/SX_RM_Navigation/Path_Navigation/install/spin_conversion/lib/libspin_conversion__rosidl_typesupport_fastrtps_c.so
[0.240s] -- Up-to-date: /home/lin/SX_RM_Navigation/Path_Navigation/install/spin_conversion/lib/libspin_conversion__rosidl_typesupport_fastrtps_cpp.so
[0.240s] -- Up-to-date: /home/lin/SX_RM_Navigation/Path_Navigation/install/spin_conversion/lib/libspin_conversion__rosidl_typesupport_introspection_c.so
[0.240s] -- Up-to-date: /home/lin/SX_RM_Navigation/Path_Navigation/install/spin_conversion/lib/libspin_conversion__rosidl_typesupport_c.so
[0.240s] -- Up-to-date: /home/lin/SX_RM_Navigation/Path_Navigation/install/spin_conversion/lib/libspin_conversion__rosidl_typesupport_introspection_cpp.so
[0.240s] -- Up-to-date: /home/lin/SX_RM_Navigation/Path_Navigation/install/spin_conversion/lib/libspin_conversion__rosidl_typesupport_cpp.so
[0.256s] Listing '/home/lin/SX_RM_Navigation/Path_Navigation/install/spin_conversion/local/lib/python3.10/dist-packages/spin_conversion'...
[0.256s] Listing '/home/lin/SX_RM_Navigation/Path_Navigation/install/spin_conversion/local/lib/python3.10/dist-packages/spin_conversion/msg'...
[0.258s] -- Up-to-date: /home/lin/SX_RM_Navigation/Path_Navigation/install/spin_conversion/lib/libspin_conversion__rosidl_generator_py.so
[0.258s] -- Up-to-date: /home/lin/SX_RM_Navigation/Path_Navigation/install/spin_conversion/share/spin_conversion/cmake/export_spin_conversion__rosidl_generator_cExport.cmake
[0.258s] -- Up-to-date: /home/lin/SX_RM_Navigation/Path_Navigation/install/spin_conversion/share/spin_conversion/cmake/export_spin_conversion__rosidl_generator_cExport-release.cmake
[0.258s] -- Up-to-date: /home/lin/SX_RM_Navigation/Path_Navigation/install/spin_conversion/share/spin_conversion/cmake/export_spin_conversion__rosidl_typesupport_fastrtps_cExport.cmake
[0.258s] -- Up-to-date: /home/lin/SX_RM_Navigation/Path_Navigation/install/spin_conversion/share/spin_conversion/cmake/export_spin_conversion__rosidl_typesupport_fastrtps_cExport-release.cmake
[0.258s] -- Up-to-date: /home/lin/SX_RM_Navigation/Path_Navigation/install/spin_conversion/share/spin_conversion/cmake/export_spin_conversion__rosidl_generator_cppExport.cmake
[0.259s] -- Up-to-date: /home/lin/SX_RM_Navigation/Path_Navigation/install/spin_conversion/share/spin_conversion/cmake/export_spin_conversion__rosidl_typesupport_fastrtps_cppExport.cmake
[0.259s] -- Up-to-date: /home/lin/SX_RM_Navigation/Path_Navigation/install/spin_conversion/share/spin_conversion/cmake/export_spin_conversion__rosidl_typesupport_fastrtps_cppExport-release.cmake
[0.259s] -- Up-to-date: /home/lin/SX_RM_Navigation/Path_Navigation/install/spin_conversion/share/spin_conversion/cmake/spin_conversion__rosidl_typesupport_introspection_cExport.cmake
[0.259s] -- Up-to-date: /home/lin/SX_RM_Navigation/Path_Navigation/install/spin_conversion/share/spin_conversion/cmake/spin_conversion__rosidl_typesupport_introspection_cExport-release.cmake
[0.259s] -- Up-to-date: /home/lin/SX_RM_Navigation/Path_Navigation/install/spin_conversion/share/spin_conversion/cmake/spin_conversion__rosidl_typesupport_cExport.cmake
[0.259s] -- Up-to-date: /home/lin/SX_RM_Navigation/Path_Navigation/install/spin_conversion/share/spin_conversion/cmake/spin_conversion__rosidl_typesupport_cExport-release.cmake
[0.259s] -- Up-to-date: /home/lin/SX_RM_Navigation/Path_Navigation/install/spin_conversion/share/spin_conversion/cmake/spin_conversion__rosidl_typesupport_introspection_cppExport.cmake
[0.259s] -- Up-to-date: /home/lin/SX_RM_Navigation/Path_Navigation/install/spin_conversion/share/spin_conversion/cmake/spin_conversion__rosidl_typesupport_introspection_cppExport-release.cmake
[0.259s] -- Up-to-date: /home/lin/SX_RM_Navigation/Path_Navigation/install/spin_conversion/share/spin_conversion/cmake/spin_conversion__rosidl_typesupport_cppExport.cmake
[0.259s] -- Up-to-date: /home/lin/SX_RM_Navigation/Path_Navigation/install/spin_conversion/share/spin_conversion/cmake/spin_conversion__rosidl_typesupport_cppExport-release.cmake
[0.259s] -- Up-to-date: /home/lin/SX_RM_Navigation/Path_Navigation/install/spin_conversion/share/spin_conversion/cmake/export_spin_conversion__rosidl_generator_pyExport.cmake
[0.259s] -- Up-to-date: /home/lin/SX_RM_Navigation/Path_Navigation/install/spin_conversion/share/spin_conversion/cmake/export_spin_conversion__rosidl_generator_pyExport-release.cmake
[0.261s] Invoked command in '/home/lin/SX_RM_Navigation/Path_Navigation/build/spin_conversion' returned '0': CMAKE_PREFIX_PATH=${CMAKE_PREFIX_PATH}:/opt/ros/humble /usr/bin/cmake --install /home/lin/SX_RM_Navigation/Path_Navigation/build/spin_conversion
