[0.018s] Invoking command in '/home/lin/SX_RM_Navigation/Path_Navigation/build/map_cost_extend': CMAKE_PREFIX_PATH=/opt/ros/humble /usr/bin/cmake /home/lin/SX_RM_Navigation/Path_Navigation/src/map_cost_extend -DCMAKE_BUILD_TYPE=Release -DAMENT_CMAKE_SYMLINK_INSTALL=1 -DCMAKE_INSTALL_PREFIX=/home/lin/SX_RM_Navigation/Path_Navigation/install/map_cost_extend
[0.085s] -- The C compiler identification is GNU 11.4.0
[0.166s] -- The CXX compiler identification is GNU 11.4.0
[0.175s] -- Detecting C compiler ABI info
[0.226s] -- Detecting C compiler ABI info - done
[0.230s] -- Check for working C compiler: /usr/bin/cc - skipped
[0.231s] -- Detecting C compile features
[0.231s] -- Detecting C compile features - done
[0.233s] -- Detecting CXX compiler ABI info
[0.299s] -- Detecting CXX compiler ABI info - done
[0.306s] -- Check for working CXX compiler: /usr/bin/c++ - skipped
[0.306s] -- Detecting CXX compile features
[0.306s] -- Detecting CXX compile features - done
[0.307s] -- Found ament_cmake_auto: 1.3.13 (/opt/ros/humble/share/ament_cmake_auto/cmake)
[0.387s] -- Found Python3: /usr/bin/python3 (found version "3.10.12") found components: Interpreter 
[0.428s] -- Override CMake install command with custom implementation using symlinks instead of copying resources
[0.534s] -- Found rosidl_generator_c: 3.1.8 (/opt/ros/humble/share/rosidl_generator_c/cmake)
[0.536s] -- Found rosidl_adapter: 3.1.8 (/opt/ros/humble/share/rosidl_adapter/cmake)
[0.540s] -- Found rosidl_generator_cpp: 3.1.8 (/opt/ros/humble/share/rosidl_generator_cpp/cmake)
[0.547s] -- Using all available rosidl_typesupport_c: rosidl_typesupport_fastrtps_c;rosidl_typesupport_introspection_c
[0.555s] -- Using all available rosidl_typesupport_cpp: rosidl_typesupport_fastrtps_cpp;rosidl_typesupport_introspection_cpp
[0.579s] -- Found rmw_implementation_cmake: 6.1.2 (/opt/ros/humble/share/rmw_implementation_cmake/cmake)
[0.580s] -- Found rmw_fastrtps_cpp: 6.2.10 (/opt/ros/humble/share/rmw_fastrtps_cpp/cmake)
[0.630s] -- Found OpenSSL: /usr/lib/x86_64-linux-gnu/libcrypto.so (found version "3.0.2")  
[0.646s] -- Found FastRTPS: /opt/ros/humble/include  
[0.674s] -- Using RMW implementation 'rmw_fastrtps_cpp' as default
[0.678s] -- Looking for pthread.h
[0.719s] -- Looking for pthread.h - found
[0.719s] -- Performing Test CMAKE_HAVE_LIBC_PTHREAD
[0.767s] -- Performing Test CMAKE_HAVE_LIBC_PTHREAD - Success
[0.767s] -- Found Threads: TRUE  
[1.023s] -- Found eigen3_cmake_module: 0.1.1 (/opt/ros/humble/share/eigen3_cmake_module/cmake)
[1.024s] -- Found Eigen3: TRUE (found version "3.4.0") 
[1.024s] -- Ensuring Eigen3 include directory is part of orocos-kdl CMake target
[1.529s] -- Found ament_lint_auto: 0.12.15 (/opt/ros/humble/share/ament_lint_auto/cmake)
[1.547s] [0mIn this package, headers install destination is set to `include` by ament_auto_package. It is recommended to install `include/map_cost_extend` instead and will be the default behavior of ament_auto_package from ROS 2 Kilted Kaiju. On distributions before Kilted, ament_auto_package behaves the same way when you use USE_SCOPED_HEADER_INSTALL_DIR option.[0m
[1.553s] -- Added test 'copyright' to check source files copyright and LICENSE
[1.554s] -- Added test 'cppcheck' to perform static code analysis on C / C++ code
[1.555s] -- Configured cppcheck include dirs: /home/lin/SX_RM_Navigation/Path_Navigation/src/map_cost_extend/include
[1.555s] -- Configured cppcheck exclude dirs and/or files: 
[1.556s] -- Added test 'cpplint' to check C / C++ code against the Google style
[1.556s] -- Configured cpplint exclude dirs and/or files: 
[1.557s] -- Added test 'lint_cmake' to check CMake code style
[1.557s] -- Added test 'xmllint' to check XML markup files
[1.558s] -- Added test 'clang_format' to check C / C++ code style
[1.562s] -- Configuring done
[1.683s] -- Generating done
[1.691s] -- Build files have been written to: /home/lin/SX_RM_Navigation/Path_Navigation/build/map_cost_extend
[1.699s] Invoked command in '/home/lin/SX_RM_Navigation/Path_Navigation/build/map_cost_extend' returned '0': CMAKE_PREFIX_PATH=/opt/ros/humble /usr/bin/cmake /home/lin/SX_RM_Navigation/Path_Navigation/src/map_cost_extend -DCMAKE_BUILD_TYPE=Release -DAMENT_CMAKE_SYMLINK_INSTALL=1 -DCMAKE_INSTALL_PREFIX=/home/lin/SX_RM_Navigation/Path_Navigation/install/map_cost_extend
[1.701s] Invoking command in '/home/lin/SX_RM_Navigation/Path_Navigation/build/map_cost_extend': CMAKE_PREFIX_PATH=/opt/ros/humble /usr/bin/cmake --build /home/lin/SX_RM_Navigation/Path_Navigation/build/map_cost_extend -- -j32 -l32
[1.738s] [ 25%] [32mBuilding CXX object CMakeFiles/pb_back_up_frees_space_behavior.dir/src/behaviors/back_up_free_space.cpp.o[0m
[11.192s] [ 50%] [32m[1mLinking CXX shared library libpb_back_up_frees_space_behavior.so[0m
[11.508s] [ 50%] Built target pb_back_up_frees_space_behavior
[11.525s] [ 75%] [32mBuilding CXX object CMakeFiles/layers.dir/src/layers/intensity_voxel_layer.cpp.o[0m
[16.734s] [100%] [32m[1mLinking CXX shared library liblayers.so[0m
[16.989s] [100%] Built target layers
[17.002s] Invoked command in '/home/lin/SX_RM_Navigation/Path_Navigation/build/map_cost_extend' returned '0': CMAKE_PREFIX_PATH=/opt/ros/humble /usr/bin/cmake --build /home/lin/SX_RM_Navigation/Path_Navigation/build/map_cost_extend -- -j32 -l32
[17.003s] Invoking command in '/home/lin/SX_RM_Navigation/Path_Navigation/build/map_cost_extend': CMAKE_PREFIX_PATH=/opt/ros/humble /usr/bin/cmake --install /home/lin/SX_RM_Navigation/Path_Navigation/build/map_cost_extend
[17.010s] -- Install configuration: "Release"
[17.011s] -- Execute custom install script
[17.011s] -- Symlinking: /home/lin/SX_RM_Navigation/Path_Navigation/install/map_cost_extend/share/map_cost_extend//behavior_plugin.xml
[17.019s] -- Symlinking: /home/lin/SX_RM_Navigation/Path_Navigation/install/map_cost_extend/share/map_cost_extend//costmap_plugins.xml
[17.027s] -- Symlinking: /home/lin/SX_RM_Navigation/Path_Navigation/install/map_cost_extend/include/map_cost_extend/behaviors/back_up_free_space.hpp
[17.035s] -- Symlinking: /home/lin/SX_RM_Navigation/Path_Navigation/install/map_cost_extend/include/map_cost_extend/layers/intensity_voxel_layer.hpp
[17.042s] -- Symlinking: /home/lin/SX_RM_Navigation/Path_Navigation/install/map_cost_extend/share/map_cost_extend/environment/library_path.sh
[17.050s] -- Symlinking: /home/lin/SX_RM_Navigation/Path_Navigation/install/map_cost_extend/share/map_cost_extend/environment/library_path.dsv
[17.058s] -- Symlinking: /home/lin/SX_RM_Navigation/Path_Navigation/install/map_cost_extend/lib/libpb_back_up_frees_space_behavior.so
[17.066s] -- Symlinking: /home/lin/SX_RM_Navigation/Path_Navigation/install/map_cost_extend/lib/liblayers.so
[17.074s] -- Symlinking: /home/lin/SX_RM_Navigation/Path_Navigation/install/map_cost_extend/share/ament_index/resource_index/package_run_dependencies/map_cost_extend
[17.082s] -- Symlinking: /home/lin/SX_RM_Navigation/Path_Navigation/install/map_cost_extend/share/ament_index/resource_index/parent_prefix_path/map_cost_extend
[17.089s] -- Symlinking: /home/lin/SX_RM_Navigation/Path_Navigation/install/map_cost_extend/share/map_cost_extend/environment/ament_prefix_path.sh
[17.097s] -- Symlinking: /home/lin/SX_RM_Navigation/Path_Navigation/install/map_cost_extend/share/map_cost_extend/environment/ament_prefix_path.dsv
[17.104s] -- Symlinking: /home/lin/SX_RM_Navigation/Path_Navigation/install/map_cost_extend/share/map_cost_extend/environment/path.sh
[17.112s] -- Symlinking: /home/lin/SX_RM_Navigation/Path_Navigation/install/map_cost_extend/share/map_cost_extend/environment/path.dsv
[17.119s] -- Symlinking: /home/lin/SX_RM_Navigation/Path_Navigation/install/map_cost_extend/share/map_cost_extend/local_setup.bash
[17.125s] -- Symlinking: /home/lin/SX_RM_Navigation/Path_Navigation/install/map_cost_extend/share/map_cost_extend/local_setup.sh
[17.132s] -- Symlinking: /home/lin/SX_RM_Navigation/Path_Navigation/install/map_cost_extend/share/map_cost_extend/local_setup.zsh
[17.140s] -- Symlinking: /home/lin/SX_RM_Navigation/Path_Navigation/install/map_cost_extend/share/map_cost_extend/local_setup.dsv
[17.148s] -- Symlinking: /home/lin/SX_RM_Navigation/Path_Navigation/install/map_cost_extend/share/map_cost_extend/package.dsv
[17.156s] -- Symlinking: /home/lin/SX_RM_Navigation/Path_Navigation/install/map_cost_extend/share/ament_index/resource_index/packages/map_cost_extend
[17.164s] -- Symlinking: /home/lin/SX_RM_Navigation/Path_Navigation/install/map_cost_extend/share/ament_index/resource_index/nav2_core__pluginlib__plugin/map_cost_extend
[17.173s] -- Symlinking: /home/lin/SX_RM_Navigation/Path_Navigation/install/map_cost_extend/share/ament_index/resource_index/nav2_costmap_2d__pluginlib__plugin/map_cost_extend
[17.182s] -- Symlinking: /home/lin/SX_RM_Navigation/Path_Navigation/install/map_cost_extend/share/map_cost_extend/cmake/ament_cmake_export_dependencies-extras.cmake
[17.190s] -- Symlinking: /home/lin/SX_RM_Navigation/Path_Navigation/install/map_cost_extend/share/map_cost_extend/cmake/ament_cmake_export_include_directories-extras.cmake
[17.197s] -- Symlinking: /home/lin/SX_RM_Navigation/Path_Navigation/install/map_cost_extend/share/map_cost_extend/cmake/ament_cmake_export_libraries-extras.cmake
[17.205s] -- Symlinking: /home/lin/SX_RM_Navigation/Path_Navigation/install/map_cost_extend/share/map_cost_extend/cmake/map_cost_extendConfig.cmake
[17.213s] -- Symlinking: /home/lin/SX_RM_Navigation/Path_Navigation/install/map_cost_extend/share/map_cost_extend/cmake/map_cost_extendConfig-version.cmake
[17.219s] -- Symlinking: /home/lin/SX_RM_Navigation/Path_Navigation/install/map_cost_extend/share/map_cost_extend/package.xml
[17.228s] Invoked command in '/home/lin/SX_RM_Navigation/Path_Navigation/build/map_cost_extend' returned '0': CMAKE_PREFIX_PATH=/opt/ros/humble /usr/bin/cmake --install /home/lin/SX_RM_Navigation/Path_Navigation/build/map_cost_extend
