-- The C compiler identification is GNU 11.4.0
-- The CXX compiler identification is GNU 11.4.0
-- Detecting C compiler ABI info
-- Detecting C compiler ABI info - done
-- Check for working C compiler: /usr/bin/cc - skipped
-- Detecting C compile features
-- Detecting C compile features - done
-- Detecting CXX compiler ABI info
-- Detecting CXX compiler ABI info - done
-- Check for working CXX compiler: /usr/bin/c++ - skipped
-- Detecting CXX compile features
-- Detecting CXX compile features - done
-- Found ament_cmake_auto: 1.3.13 (/opt/ros/humble/share/ament_cmake_auto/cmake)
-- Found Python3: /usr/bin/python3 (found version "3.10.12") found components: Interpreter 
-- Override CMake install command with custom implementation using symlinks instead of copying resources
-- Found rosidl_generator_c: 3.1.8 (/opt/ros/humble/share/rosidl_generator_c/cmake)
-- Found rosidl_adapter: 3.1.8 (/opt/ros/humble/share/rosidl_adapter/cmake)
-- Found rosidl_generator_cpp: 3.1.8 (/opt/ros/humble/share/rosidl_generator_cpp/cmake)
-- Using all available rosidl_typesupport_c: rosidl_typesupport_fastrtps_c;rosidl_typesupport_introspection_c
-- Using all available rosidl_typesupport_cpp: rosidl_typesupport_fastrtps_cpp;rosidl_typesupport_introspection_cpp
-- Found rmw_implementation_cmake: 6.1.2 (/opt/ros/humble/share/rmw_implementation_cmake/cmake)
-- Found rmw_fastrtps_cpp: 6.2.10 (/opt/ros/humble/share/rmw_fastrtps_cpp/cmake)
-- Found OpenSSL: /usr/lib/x86_64-linux-gnu/libcrypto.so (found version "3.0.2")  
-- Found FastRTPS: /opt/ros/humble/include  
-- Using RMW implementation 'rmw_fastrtps_cpp' as default
-- Looking for pthread.h
-- Looking for pthread.h - found
-- Performing Test CMAKE_HAVE_LIBC_PTHREAD
-- Performing Test CMAKE_HAVE_LIBC_PTHREAD - Success
-- Found Threads: TRUE  
-- Found eigen3_cmake_module: 0.1.1 (/opt/ros/humble/share/eigen3_cmake_module/cmake)
-- Found Eigen3: TRUE (found version "3.4.0") 
-- Ensuring Eigen3 include directory is part of orocos-kdl CMake target
-- Found ament_cmake_ros: 0.10.0 (/opt/ros/humble/share/ament_cmake_ros/cmake)
-- Using all available rosidl_typesupport_c: rosidl_typesupport_fastrtps_c;rosidl_typesupport_introspection_c
-- Using all available rosidl_typesupport_cpp: rosidl_typesupport_fastrtps_cpp;rosidl_typesupport_introspection_cpp
-- Found PythonInterp: /usr/bin/python3 (found suitable version "3.10.12", minimum required is "3.6") 
-- Found python_cmake_module: 0.10.0 (/opt/ros/humble/share/python_cmake_module/cmake)
-- Found PythonLibs: /usr/lib/x86_64-linux-gnu/libpython3.10.so (found suitable version "3.10.12", minimum required is "3.5") 
-- Using PYTHON_EXECUTABLE: /usr/bin/python3
-- Using PYTHON_INCLUDE_DIRS: /usr/include/python3.10
-- Using PYTHON_LIBRARIES: /usr/lib/x86_64-linux-gnu/libpython3.10.so
-- Found PythonExtra: .so  
-- Found ament_lint_auto: 0.12.15 (/opt/ros/humble/share/ament_lint_auto/cmake)
-- Added test 'copyright' to check source files copyright and LICENSE
-- Added test 'cppcheck' to perform static code analysis on C / C++ code
-- Configured cppcheck include dirs: /home/lin/SX_RM_Navigation/Path_Navigation/src/spin_conversion/include
-- Configured cppcheck exclude dirs and/or files: 
-- Added test 'cpplint' to check C / C++ code against the Google style
-- Configured cpplint exclude dirs and/or files: 
-- Added test 'lint_cmake' to check CMake code style
-- Added test 'pep257' to check Python code against some of the docstring style conventions in PEP 257
-- Added test 'xmllint' to check XML markup files
-- Added test 'clang_format' to check C / C++ code style
-- Added test 'black' to check Python code style
-- Configuring done
-- Generating done
-- Build files have been written to: /home/lin/SX_RM_Navigation/Path_Navigation/build/spin_conversion
[  2%] [34m[1mGenerating C code for ROS interfaces[0m
[  5%] [32mBuilding CXX object CMakeFiles/spin_conversion_node.dir/rclcpp_components/node_main_spin_conversion_node.cpp.o[0m
[  8%] [34m[1mGenerating C++ code for ROS interfaces[0m
[  8%] Built target ament_cmake_python_symlink_spin_conversion
[ 11%] [32mBuilding C object CMakeFiles/spin_conversion__rosidl_generator_c.dir/rosidl_generator_c/spin_conversion/msg/detail/spin_command__functions.c.o[0m
running egg_info
creating spin_conversion.egg-info
writing spin_conversion.egg-info/PKG-INFO
writing dependency_links to spin_conversion.egg-info/dependency_links.txt
writing top-level names to spin_conversion.egg-info/top_level.txt
writing manifest file 'spin_conversion.egg-info/SOURCES.txt'
reading manifest file 'spin_conversion.egg-info/SOURCES.txt'
writing manifest file 'spin_conversion.egg-info/SOURCES.txt'
[ 11%] Built target ament_cmake_python_build_spin_conversion_egg
[ 11%] Built target spin_conversion__cpp
[ 14%] [34m[1mGenerating C++ type support dispatch for ROS interfaces[0m
[ 17%] [34m[1mGenerating C++ type support for eProsima Fast-RTPS[0m
[ 20%] [34m[1mGenerating C++ introspection for ROS interfaces[0m
[ 22%] [32m[1mLinking C shared library libspin_conversion__rosidl_generator_c.so[0m
[ 22%] Built target spin_conversion__rosidl_generator_c
[ 25%] [34m[1mGenerating C type support for eProsima Fast-RTPS[0m
[ 31%] [34m[1mGenerating C type support dispatch for ROS interfaces[0m
[ 31%] [34m[1mGenerating C introspection for ROS interfaces[0m
[ 34%] [32mBuilding CXX object CMakeFiles/spin_conversion__rosidl_typesupport_introspection_cpp.dir/rosidl_typesupport_introspection_cpp/spin_conversion/msg/detail/spin_command__type_support.cpp.o[0m
[ 37%] [32mBuilding CXX object CMakeFiles/spin_conversion__rosidl_typesupport_c.dir/rosidl_typesupport_c/spin_conversion/msg/spin_command__type_support.cpp.o[0m
[ 40%] [32m[1mLinking CXX shared library libspin_conversion__rosidl_typesupport_c.so[0m
[ 42%] [32mBuilding CXX object CMakeFiles/spin_conversion__rosidl_typesupport_cpp.dir/rosidl_typesupport_cpp/spin_conversion/msg/spin_command__type_support.cpp.o[0m
[ 42%] Built target spin_conversion__rosidl_typesupport_c
[ 45%] [32mBuilding CXX object CMakeFiles/spin_conversion__rosidl_typesupport_fastrtps_cpp.dir/rosidl_typesupport_fastrtps_cpp/spin_conversion/msg/detail/dds_fastrtps/spin_command__type_support.cpp.o[0m
[ 48%] [32mBuilding CXX object CMakeFiles/spin_conversion__rosidl_typesupport_fastrtps_c.dir/rosidl_typesupport_fastrtps_c/spin_conversion/msg/detail/spin_command__type_support_c.cpp.o[0m
[ 51%] [32mBuilding C object CMakeFiles/spin_conversion__rosidl_typesupport_introspection_c.dir/rosidl_typesupport_introspection_c/spin_conversion/msg/detail/spin_command__type_support.c.o[0m
[ 54%] [32m[1mLinking C shared library libspin_conversion__rosidl_typesupport_introspection_c.so[0m
[ 54%] Built target spin_conversion__rosidl_typesupport_introspection_c
[ 57%] [32m[1mLinking CXX shared library libspin_conversion__rosidl_typesupport_cpp.so[0m
[ 57%] Built target spin_conversion__rosidl_typesupport_cpp
[ 60%] [32mBuilding CXX object CMakeFiles/spin_conversion_core.dir/src/spin_conversion.cpp.o[0m
[ 62%] [32m[1mLinking CXX shared library libspin_conversion__rosidl_typesupport_fastrtps_cpp.so[0m
[ 62%] Built target spin_conversion__rosidl_typesupport_fastrtps_cpp
[ 65%] [32m[1mLinking CXX shared library libspin_conversion__rosidl_typesupport_introspection_cpp.so[0m
[ 65%] Built target spin_conversion__rosidl_typesupport_introspection_cpp
[ 68%] [32m[1mLinking CXX shared library libspin_conversion__rosidl_typesupport_fastrtps_c.so[0m
[ 68%] Built target spin_conversion__rosidl_typesupport_fastrtps_c
[ 68%] Built target spin_conversion
[ 71%] [34m[1mGenerating Python code for ROS interfaces[0m
[ 71%] Built target spin_conversion__py
[ 74%] [32mBuilding C object CMakeFiles/spin_conversion__rosidl_generator_py.dir/rosidl_generator_py/spin_conversion/msg/_spin_command_s.c.o[0m
[ 77%] [32m[1mLinking C shared library rosidl_generator_py/spin_conversion/libspin_conversion__rosidl_generator_py.so[0m
[ 77%] Built target spin_conversion__rosidl_generator_py
[ 80%] [32mBuilding C object CMakeFiles/spin_conversion__rosidl_typesupport_introspection_c__pyext.dir/rosidl_generator_py/spin_conversion/_spin_conversion_s.ep.rosidl_typesupport_introspection_c.c.o[0m
[ 85%] [32mBuilding C object CMakeFiles/spin_conversion__rosidl_typesupport_fastrtps_c__pyext.dir/rosidl_generator_py/spin_conversion/_spin_conversion_s.ep.rosidl_typesupport_fastrtps_c.c.o[0m
[ 85%] [32mBuilding C object CMakeFiles/spin_conversion__rosidl_typesupport_c__pyext.dir/rosidl_generator_py/spin_conversion/_spin_conversion_s.ep.rosidl_typesupport_c.c.o[0m
[ 88%] [32m[1mLinking C shared library rosidl_generator_py/spin_conversion/spin_conversion_s__rosidl_typesupport_introspection_c.cpython-310-x86_64-linux-gnu.so[0m
[ 88%] Built target spin_conversion__rosidl_typesupport_introspection_c__pyext
[ 91%] [32m[1mLinking C shared library rosidl_generator_py/spin_conversion/spin_conversion_s__rosidl_typesupport_c.cpython-310-x86_64-linux-gnu.so[0m
[ 94%] [32m[1mLinking C shared library rosidl_generator_py/spin_conversion/spin_conversion_s__rosidl_typesupport_fastrtps_c.cpython-310-x86_64-linux-gnu.so[0m
[ 94%] Built target spin_conversion__rosidl_typesupport_c__pyext
[ 94%] Built target spin_conversion__rosidl_typesupport_fastrtps_c__pyext
[ 97%] [32m[1mLinking CXX executable spin_conversion_node[0m
[ 97%] Built target spin_conversion_node
[100%] [32m[1mLinking CXX shared library libspin_conversion_core.so[0m
[100%] Built target spin_conversion_core
-- Install configuration: "Release"
-- Execute custom install script
-- Symlinking: /home/lin/SX_RM_Navigation/Path_Navigation/install/spin_conversion/share/ament_index/resource_index/rosidl_interfaces/spin_conversion
-- Symlinking: /home/lin/SX_RM_Navigation/Path_Navigation/install/spin_conversion/include/spin_conversion/spin_conversion/msg/detail/spin_command__functions.h
-- Symlinking: /home/lin/SX_RM_Navigation/Path_Navigation/install/spin_conversion/include/spin_conversion/spin_conversion/msg/detail/spin_command__struct.h
-- Symlinking: /home/lin/SX_RM_Navigation/Path_Navigation/install/spin_conversion/include/spin_conversion/spin_conversion/msg/detail/spin_command__type_support.h
-- Symlinking: /home/lin/SX_RM_Navigation/Path_Navigation/install/spin_conversion/include/spin_conversion/spin_conversion/msg/rosidl_generator_c__visibility_control.h
-- Symlinking: /home/lin/SX_RM_Navigation/Path_Navigation/install/spin_conversion/include/spin_conversion/spin_conversion/msg/spin_command.h
-- Symlinking: /home/lin/SX_RM_Navigation/Path_Navigation/install/spin_conversion/share/spin_conversion/environment/library_path.sh
-- Symlinking: /home/lin/SX_RM_Navigation/Path_Navigation/install/spin_conversion/share/spin_conversion/environment/library_path.dsv
-- Symlinking: /home/lin/SX_RM_Navigation/Path_Navigation/install/spin_conversion/include/spin_conversion/spin_conversion/msg/detail/spin_command__rosidl_typesupport_fastrtps_c.h
-- Symlinking: /home/lin/SX_RM_Navigation/Path_Navigation/install/spin_conversion/include/spin_conversion/spin_conversion/msg/rosidl_typesupport_fastrtps_c__visibility_control.h
-- Symlinking: /home/lin/SX_RM_Navigation/Path_Navigation/install/spin_conversion/include/spin_conversion/spin_conversion/msg/detail/spin_command__builder.hpp
-- Symlinking: /home/lin/SX_RM_Navigation/Path_Navigation/install/spin_conversion/include/spin_conversion/spin_conversion/msg/detail/spin_command__struct.hpp
-- Symlinking: /home/lin/SX_RM_Navigation/Path_Navigation/install/spin_conversion/include/spin_conversion/spin_conversion/msg/detail/spin_command__traits.hpp
-- Symlinking: /home/lin/SX_RM_Navigation/Path_Navigation/install/spin_conversion/include/spin_conversion/spin_conversion/msg/detail/spin_command__type_support.hpp
-- Symlinking: /home/lin/SX_RM_Navigation/Path_Navigation/install/spin_conversion/include/spin_conversion/spin_conversion/msg/rosidl_generator_cpp__visibility_control.hpp
-- Symlinking: /home/lin/SX_RM_Navigation/Path_Navigation/install/spin_conversion/include/spin_conversion/spin_conversion/msg/spin_command.hpp
-- Symlinking: /home/lin/SX_RM_Navigation/Path_Navigation/install/spin_conversion/include/spin_conversion/spin_conversion/msg/detail/spin_command__rosidl_typesupport_fastrtps_cpp.hpp
-- Symlinking: /home/lin/SX_RM_Navigation/Path_Navigation/install/spin_conversion/include/spin_conversion/spin_conversion/msg/rosidl_typesupport_fastrtps_cpp__visibility_control.h
-- Symlinking: /home/lin/SX_RM_Navigation/Path_Navigation/install/spin_conversion/include/spin_conversion/spin_conversion/msg/detail/spin_command__rosidl_typesupport_introspection_c.h
-- Symlinking: /home/lin/SX_RM_Navigation/Path_Navigation/install/spin_conversion/include/spin_conversion/spin_conversion/msg/rosidl_typesupport_introspection_c__visibility_control.h
-- Symlinking: /home/lin/SX_RM_Navigation/Path_Navigation/install/spin_conversion/include/spin_conversion/spin_conversion/msg/detail/spin_command__rosidl_typesupport_introspection_cpp.hpp
-- Symlinking: /home/lin/SX_RM_Navigation/Path_Navigation/install/spin_conversion/share/spin_conversion/environment/pythonpath.sh
-- Symlinking: /home/lin/SX_RM_Navigation/Path_Navigation/install/spin_conversion/share/spin_conversion/environment/pythonpath.dsv
-- Symlinking: /home/lin/SX_RM_Navigation/Path_Navigation/install/spin_conversion/local/lib/python3.10/dist-packages/spin_conversion-1.3.1-py3.10.egg-info/PKG-INFO
-- Symlinking: /home/lin/SX_RM_Navigation/Path_Navigation/install/spin_conversion/local/lib/python3.10/dist-packages/spin_conversion-1.3.1-py3.10.egg-info/SOURCES.txt
-- Symlinking: /home/lin/SX_RM_Navigation/Path_Navigation/install/spin_conversion/local/lib/python3.10/dist-packages/spin_conversion-1.3.1-py3.10.egg-info/dependency_links.txt
-- Symlinking: /home/lin/SX_RM_Navigation/Path_Navigation/install/spin_conversion/local/lib/python3.10/dist-packages/spin_conversion-1.3.1-py3.10.egg-info/top_level.txt
-- Symlinking: /home/lin/SX_RM_Navigation/Path_Navigation/install/spin_conversion/local/lib/python3.10/dist-packages/spin_conversion/__init__.py
-- Symlinking: /home/lin/SX_RM_Navigation/Path_Navigation/install/spin_conversion/local/lib/python3.10/dist-packages/spin_conversion/_spin_conversion_s.ep.rosidl_typesupport_c.c
-- Symlinking: /home/lin/SX_RM_Navigation/Path_Navigation/install/spin_conversion/local/lib/python3.10/dist-packages/spin_conversion/_spin_conversion_s.ep.rosidl_typesupport_fastrtps_c.c
-- Symlinking: /home/lin/SX_RM_Navigation/Path_Navigation/install/spin_conversion/local/lib/python3.10/dist-packages/spin_conversion/_spin_conversion_s.ep.rosidl_typesupport_introspection_c.c
-- Symlinking: /home/lin/SX_RM_Navigation/Path_Navigation/install/spin_conversion/local/lib/python3.10/dist-packages/spin_conversion/libspin_conversion__rosidl_generator_py.so
-- Symlinking: /home/lin/SX_RM_Navigation/Path_Navigation/install/spin_conversion/local/lib/python3.10/dist-packages/spin_conversion/msg/__init__.py
-- Symlinking: /home/lin/SX_RM_Navigation/Path_Navigation/install/spin_conversion/local/lib/python3.10/dist-packages/spin_conversion/msg/_spin_command.py
-- Symlinking: /home/lin/SX_RM_Navigation/Path_Navigation/install/spin_conversion/local/lib/python3.10/dist-packages/spin_conversion/msg/_spin_command_s.c
-- Symlinking: /home/lin/SX_RM_Navigation/Path_Navigation/install/spin_conversion/local/lib/python3.10/dist-packages/spin_conversion/spin_conversion_s__rosidl_typesupport_c.cpython-310-x86_64-linux-gnu.so
-- Symlinking: /home/lin/SX_RM_Navigation/Path_Navigation/install/spin_conversion/local/lib/python3.10/dist-packages/spin_conversion/spin_conversion_s__rosidl_typesupport_fastrtps_c.cpython-310-x86_64-linux-gnu.so
-- Symlinking: /home/lin/SX_RM_Navigation/Path_Navigation/install/spin_conversion/local/lib/python3.10/dist-packages/spin_conversion/spin_conversion_s__rosidl_typesupport_introspection_c.cpython-310-x86_64-linux-gnu.so
-- Up-to-date symlink: /home/lin/SX_RM_Navigation/Path_Navigation/install/spin_conversion/local/lib/python3.10/dist-packages/spin_conversion/spin_conversion_s__rosidl_typesupport_fastrtps_c.cpython-310-x86_64-linux-gnu.so
-- Up-to-date symlink: /home/lin/SX_RM_Navigation/Path_Navigation/install/spin_conversion/local/lib/python3.10/dist-packages/spin_conversion/spin_conversion_s__rosidl_typesupport_introspection_c.cpython-310-x86_64-linux-gnu.so
-- Up-to-date symlink: /home/lin/SX_RM_Navigation/Path_Navigation/install/spin_conversion/local/lib/python3.10/dist-packages/spin_conversion/spin_conversion_s__rosidl_typesupport_c.cpython-310-x86_64-linux-gnu.so
-- Symlinking: /home/lin/SX_RM_Navigation/Path_Navigation/install/spin_conversion/share/spin_conversion/msg/SpinCommand.idl
-- Symlinking: /home/lin/SX_RM_Navigation/Path_Navigation/install/spin_conversion/share/spin_conversion/msg/SpinCommand.msg
-- Symlinking: /home/lin/SX_RM_Navigation/Path_Navigation/install/spin_conversion/lib/spin_conversion/spin_conversion_node
-- Symlinking: /home/lin/SX_RM_Navigation/Path_Navigation/install/spin_conversion/include/spin_conversion/spin_conversion.hpp
-- Symlinking: /home/lin/SX_RM_Navigation/Path_Navigation/install/spin_conversion/lib/libspin_conversion_core.so
-- Symlinking: /home/lin/SX_RM_Navigation/Path_Navigation/install/spin_conversion/share/spin_conversion/launch/spin_conversion_launch.py
-- Symlinking: /home/lin/SX_RM_Navigation/Path_Navigation/install/spin_conversion/share/ament_index/resource_index/package_run_dependencies/spin_conversion
-- Symlinking: /home/lin/SX_RM_Navigation/Path_Navigation/install/spin_conversion/share/ament_index/resource_index/parent_prefix_path/spin_conversion
-- Symlinking: /home/lin/SX_RM_Navigation/Path_Navigation/install/spin_conversion/share/spin_conversion/environment/ament_prefix_path.sh
-- Symlinking: /home/lin/SX_RM_Navigation/Path_Navigation/install/spin_conversion/share/spin_conversion/environment/ament_prefix_path.dsv
-- Symlinking: /home/lin/SX_RM_Navigation/Path_Navigation/install/spin_conversion/share/spin_conversion/environment/path.sh
-- Symlinking: /home/lin/SX_RM_Navigation/Path_Navigation/install/spin_conversion/share/spin_conversion/environment/path.dsv
-- Symlinking: /home/lin/SX_RM_Navigation/Path_Navigation/install/spin_conversion/share/spin_conversion/local_setup.bash
-- Symlinking: /home/lin/SX_RM_Navigation/Path_Navigation/install/spin_conversion/share/spin_conversion/local_setup.sh
-- Symlinking: /home/lin/SX_RM_Navigation/Path_Navigation/install/spin_conversion/share/spin_conversion/local_setup.zsh
-- Symlinking: /home/lin/SX_RM_Navigation/Path_Navigation/install/spin_conversion/share/spin_conversion/local_setup.dsv
-- Symlinking: /home/lin/SX_RM_Navigation/Path_Navigation/install/spin_conversion/share/spin_conversion/package.dsv
-- Symlinking: /home/lin/SX_RM_Navigation/Path_Navigation/install/spin_conversion/share/ament_index/resource_index/packages/spin_conversion
-- Symlinking: /home/lin/SX_RM_Navigation/Path_Navigation/install/spin_conversion/share/ament_index/resource_index/rclcpp_components/spin_conversion
-- Symlinking: /home/lin/SX_RM_Navigation/Path_Navigation/install/spin_conversion/share/spin_conversion/cmake/rosidl_cmake-extras.cmake
-- Symlinking: /home/lin/SX_RM_Navigation/Path_Navigation/install/spin_conversion/share/spin_conversion/cmake/ament_cmake_export_include_directories-extras.cmake
-- Symlinking: /home/lin/SX_RM_Navigation/Path_Navigation/install/spin_conversion/share/spin_conversion/cmake/ament_cmake_export_libraries-extras.cmake
-- Symlinking: /home/lin/SX_RM_Navigation/Path_Navigation/install/spin_conversion/share/spin_conversion/cmake/ament_cmake_export_targets-extras.cmake
-- Symlinking: /home/lin/SX_RM_Navigation/Path_Navigation/install/spin_conversion/share/spin_conversion/cmake/rosidl_cmake_export_typesupport_targets-extras.cmake
-- Symlinking: /home/lin/SX_RM_Navigation/Path_Navigation/install/spin_conversion/share/spin_conversion/cmake/ament_cmake_export_dependencies-extras.cmake
-- Symlinking: /home/lin/SX_RM_Navigation/Path_Navigation/install/spin_conversion/share/spin_conversion/cmake/rosidl_cmake_export_typesupport_libraries-extras.cmake
-- Symlinking: /home/lin/SX_RM_Navigation/Path_Navigation/install/spin_conversion/share/spin_conversion/cmake/spin_conversionConfig.cmake
-- Symlinking: /home/lin/SX_RM_Navigation/Path_Navigation/install/spin_conversion/share/spin_conversion/cmake/spin_conversionConfig-version.cmake
-- Symlinking: /home/lin/SX_RM_Navigation/Path_Navigation/install/spin_conversion/share/spin_conversion/package.xml
-- Installing: /home/lin/SX_RM_Navigation/Path_Navigation/install/spin_conversion/lib/libspin_conversion__rosidl_generator_c.so
-- Set runtime path of "/home/lin/SX_RM_Navigation/Path_Navigation/install/spin_conversion/lib/libspin_conversion__rosidl_generator_c.so" to ""
-- Installing: /home/lin/SX_RM_Navigation/Path_Navigation/install/spin_conversion/lib/libspin_conversion__rosidl_typesupport_fastrtps_c.so
-- Set runtime path of "/home/lin/SX_RM_Navigation/Path_Navigation/install/spin_conversion/lib/libspin_conversion__rosidl_typesupport_fastrtps_c.so" to ""
-- Installing: /home/lin/SX_RM_Navigation/Path_Navigation/install/spin_conversion/lib/libspin_conversion__rosidl_typesupport_fastrtps_cpp.so
-- Set runtime path of "/home/lin/SX_RM_Navigation/Path_Navigation/install/spin_conversion/lib/libspin_conversion__rosidl_typesupport_fastrtps_cpp.so" to ""
-- Installing: /home/lin/SX_RM_Navigation/Path_Navigation/install/spin_conversion/lib/libspin_conversion__rosidl_typesupport_introspection_c.so
-- Set runtime path of "/home/lin/SX_RM_Navigation/Path_Navigation/install/spin_conversion/lib/libspin_conversion__rosidl_typesupport_introspection_c.so" to ""
-- Installing: /home/lin/SX_RM_Navigation/Path_Navigation/install/spin_conversion/lib/libspin_conversion__rosidl_typesupport_c.so
-- Set runtime path of "/home/lin/SX_RM_Navigation/Path_Navigation/install/spin_conversion/lib/libspin_conversion__rosidl_typesupport_c.so" to ""
-- Installing: /home/lin/SX_RM_Navigation/Path_Navigation/install/spin_conversion/lib/libspin_conversion__rosidl_typesupport_introspection_cpp.so
-- Set runtime path of "/home/lin/SX_RM_Navigation/Path_Navigation/install/spin_conversion/lib/libspin_conversion__rosidl_typesupport_introspection_cpp.so" to ""
-- Installing: /home/lin/SX_RM_Navigation/Path_Navigation/install/spin_conversion/lib/libspin_conversion__rosidl_typesupport_cpp.so
-- Set runtime path of "/home/lin/SX_RM_Navigation/Path_Navigation/install/spin_conversion/lib/libspin_conversion__rosidl_typesupport_cpp.so" to ""
Listing '/home/lin/SX_RM_Navigation/Path_Navigation/install/spin_conversion/local/lib/python3.10/dist-packages/spin_conversion'...
Compiling '/home/lin/SX_RM_Navigation/Path_Navigation/install/spin_conversion/local/lib/python3.10/dist-packages/spin_conversion/__init__.py'...
Listing '/home/lin/SX_RM_Navigation/Path_Navigation/install/spin_conversion/local/lib/python3.10/dist-packages/spin_conversion/msg'...
Compiling '/home/lin/SX_RM_Navigation/Path_Navigation/install/spin_conversion/local/lib/python3.10/dist-packages/spin_conversion/msg/__init__.py'...
Compiling '/home/lin/SX_RM_Navigation/Path_Navigation/install/spin_conversion/local/lib/python3.10/dist-packages/spin_conversion/msg/_spin_command.py'...
-- Installing: /home/lin/SX_RM_Navigation/Path_Navigation/install/spin_conversion/lib/libspin_conversion__rosidl_generator_py.so
-- Set runtime path of "/home/lin/SX_RM_Navigation/Path_Navigation/install/spin_conversion/lib/libspin_conversion__rosidl_generator_py.so" to ""
-- Installing: /home/lin/SX_RM_Navigation/Path_Navigation/install/spin_conversion/share/spin_conversion/cmake/export_spin_conversion__rosidl_generator_cExport.cmake
-- Installing: /home/lin/SX_RM_Navigation/Path_Navigation/install/spin_conversion/share/spin_conversion/cmake/export_spin_conversion__rosidl_generator_cExport-release.cmake
-- Installing: /home/lin/SX_RM_Navigation/Path_Navigation/install/spin_conversion/share/spin_conversion/cmake/export_spin_conversion__rosidl_typesupport_fastrtps_cExport.cmake
-- Installing: /home/lin/SX_RM_Navigation/Path_Navigation/install/spin_conversion/share/spin_conversion/cmake/export_spin_conversion__rosidl_typesupport_fastrtps_cExport-release.cmake
-- Installing: /home/lin/SX_RM_Navigation/Path_Navigation/install/spin_conversion/share/spin_conversion/cmake/export_spin_conversion__rosidl_generator_cppExport.cmake
-- Installing: /home/lin/SX_RM_Navigation/Path_Navigation/install/spin_conversion/share/spin_conversion/cmake/export_spin_conversion__rosidl_typesupport_fastrtps_cppExport.cmake
-- Installing: /home/lin/SX_RM_Navigation/Path_Navigation/install/spin_conversion/share/spin_conversion/cmake/export_spin_conversion__rosidl_typesupport_fastrtps_cppExport-release.cmake
-- Installing: /home/lin/SX_RM_Navigation/Path_Navigation/install/spin_conversion/share/spin_conversion/cmake/spin_conversion__rosidl_typesupport_introspection_cExport.cmake
-- Installing: /home/lin/SX_RM_Navigation/Path_Navigation/install/spin_conversion/share/spin_conversion/cmake/spin_conversion__rosidl_typesupport_introspection_cExport-release.cmake
-- Installing: /home/lin/SX_RM_Navigation/Path_Navigation/install/spin_conversion/share/spin_conversion/cmake/spin_conversion__rosidl_typesupport_cExport.cmake
-- Installing: /home/lin/SX_RM_Navigation/Path_Navigation/install/spin_conversion/share/spin_conversion/cmake/spin_conversion__rosidl_typesupport_cExport-release.cmake
-- Installing: /home/lin/SX_RM_Navigation/Path_Navigation/install/spin_conversion/share/spin_conversion/cmake/spin_conversion__rosidl_typesupport_introspection_cppExport.cmake
-- Installing: /home/lin/SX_RM_Navigation/Path_Navigation/install/spin_conversion/share/spin_conversion/cmake/spin_conversion__rosidl_typesupport_introspection_cppExport-release.cmake
-- Installing: /home/lin/SX_RM_Navigation/Path_Navigation/install/spin_conversion/share/spin_conversion/cmake/spin_conversion__rosidl_typesupport_cppExport.cmake
-- Installing: /home/lin/SX_RM_Navigation/Path_Navigation/install/spin_conversion/share/spin_conversion/cmake/spin_conversion__rosidl_typesupport_cppExport-release.cmake
-- Installing: /home/lin/SX_RM_Navigation/Path_Navigation/install/spin_conversion/share/spin_conversion/cmake/export_spin_conversion__rosidl_generator_pyExport.cmake
-- Installing: /home/lin/SX_RM_Navigation/Path_Navigation/install/spin_conversion/share/spin_conversion/cmake/export_spin_conversion__rosidl_generator_pyExport-release.cmake
