[0.018s] Invoking command in '/home/lin/SX_RM_Navigation/Path_Navigation/build/spin_conversion': CMAKE_PREFIX_PATH=/opt/ros/humble /usr/bin/cmake /home/lin/SX_RM_Navigation/Path_Navigation/src/spin_conversion -DCMAKE_BUILD_TYPE=Release -DAMENT_CMAKE_SYMLINK_INSTALL=1 -DCMAKE_INSTALL_PREFIX=/home/lin/SX_RM_Navigation/Path_Navigation/install/spin_conversion
[0.085s] -- The C compiler identification is GNU 11.4.0
[0.164s] -- The CXX compiler identification is GNU 11.4.0
[0.170s] -- Detecting C compiler ABI info
[0.221s] -- Detecting C compiler ABI info - done
[0.227s] -- Check for working C compiler: /usr/bin/cc - skipped
[0.227s] -- Detecting C compile features
[0.227s] -- Detecting C compile features - done
[0.229s] -- Detecting CXX compiler ABI info
[0.284s] -- Detecting CXX compiler ABI info - done
[0.288s] -- Check for working CXX compiler: /usr/bin/c++ - skipped
[0.288s] -- Detecting CXX compile features
[0.288s] -- Detecting CXX compile features - done
[0.289s] -- Found ament_cmake_auto: 1.3.13 (/opt/ros/humble/share/ament_cmake_auto/cmake)
[0.383s] -- Found Python3: /usr/bin/python3 (found version "3.10.12") found components: Interpreter 
[0.441s] -- Override CMake install command with custom implementation using symlinks instead of copying resources
[0.530s] -- Found rosidl_generator_c: 3.1.8 (/opt/ros/humble/share/rosidl_generator_c/cmake)
[0.533s] -- Found rosidl_adapter: 3.1.8 (/opt/ros/humble/share/rosidl_adapter/cmake)
[0.540s] -- Found rosidl_generator_cpp: 3.1.8 (/opt/ros/humble/share/rosidl_generator_cpp/cmake)
[0.551s] -- Using all available rosidl_typesupport_c: rosidl_typesupport_fastrtps_c;rosidl_typesupport_introspection_c
[0.559s] -- Using all available rosidl_typesupport_cpp: rosidl_typesupport_fastrtps_cpp;rosidl_typesupport_introspection_cpp
[0.583s] -- Found rmw_implementation_cmake: 6.1.2 (/opt/ros/humble/share/rmw_implementation_cmake/cmake)
[0.584s] -- Found rmw_fastrtps_cpp: 6.2.10 (/opt/ros/humble/share/rmw_fastrtps_cpp/cmake)
[0.646s] -- Found OpenSSL: /usr/lib/x86_64-linux-gnu/libcrypto.so (found version "3.0.2")  
[0.669s] -- Found FastRTPS: /opt/ros/humble/include  
[0.694s] -- Using RMW implementation 'rmw_fastrtps_cpp' as default
[0.698s] -- Looking for pthread.h
[0.739s] -- Looking for pthread.h - found
[0.739s] -- Performing Test CMAKE_HAVE_LIBC_PTHREAD
[0.782s] -- Performing Test CMAKE_HAVE_LIBC_PTHREAD - Success
[0.783s] -- Found Threads: TRUE  
[0.903s] -- Found eigen3_cmake_module: 0.1.1 (/opt/ros/humble/share/eigen3_cmake_module/cmake)
[0.904s] -- Found Eigen3: TRUE (found version "3.4.0") 
[0.904s] -- Ensuring Eigen3 include directory is part of orocos-kdl CMake target
[1.051s] -- Found ament_cmake_ros: 0.10.0 (/opt/ros/humble/share/ament_cmake_ros/cmake)
[1.288s] -- Using all available rosidl_typesupport_c: rosidl_typesupport_fastrtps_c;rosidl_typesupport_introspection_c
[1.372s] -- Using all available rosidl_typesupport_cpp: rosidl_typesupport_fastrtps_cpp;rosidl_typesupport_introspection_cpp
[1.387s] -- Found PythonInterp: /usr/bin/python3 (found suitable version "3.10.12", minimum required is "3.6") 
[1.388s] -- Found python_cmake_module: 0.10.0 (/opt/ros/humble/share/python_cmake_module/cmake)
[1.406s] -- Found PythonLibs: /usr/lib/x86_64-linux-gnu/libpython3.10.so (found suitable version "3.10.12", minimum required is "3.5") 
[1.406s] -- Using PYTHON_EXECUTABLE: /usr/bin/python3
[1.406s] -- Using PYTHON_INCLUDE_DIRS: /usr/include/python3.10
[1.406s] -- Using PYTHON_LIBRARIES: /usr/lib/x86_64-linux-gnu/libpython3.10.so
[1.419s] -- Found PythonExtra: .so  
[1.448s] -- Found ament_lint_auto: 0.12.15 (/opt/ros/humble/share/ament_lint_auto/cmake)
[1.466s] [0mIn this package, headers install destination is set to `include` by ament_auto_package. It is recommended to install `include/spin_conversion` instead and will be the default behavior of ament_auto_package from ROS 2 Kilted Kaiju. On distributions before Kilted, ament_auto_package behaves the same way when you use USE_SCOPED_HEADER_INSTALL_DIR option.[0m
[1.476s] -- Added test 'copyright' to check source files copyright and LICENSE
[1.476s] -- Added test 'cppcheck' to perform static code analysis on C / C++ code
[1.476s] -- Configured cppcheck include dirs: /home/lin/SX_RM_Navigation/Path_Navigation/src/spin_conversion/include
[1.476s] -- Configured cppcheck exclude dirs and/or files: 
[1.477s] -- Added test 'cpplint' to check C / C++ code against the Google style
[1.477s] -- Configured cpplint exclude dirs and/or files: 
[1.479s] -- Added test 'lint_cmake' to check CMake code style
[1.479s] -- Added test 'pep257' to check Python code against some of the docstring style conventions in PEP 257
[1.479s] -- Added test 'xmllint' to check XML markup files
[1.480s] -- Added test 'clang_format' to check C / C++ code style
[1.480s] -- Added test 'black' to check Python code style
[1.483s] -- Configuring done
[1.526s] -- Generating done
[1.540s] -- Build files have been written to: /home/lin/SX_RM_Navigation/Path_Navigation/build/spin_conversion
[1.559s] Invoked command in '/home/lin/SX_RM_Navigation/Path_Navigation/build/spin_conversion' returned '0': CMAKE_PREFIX_PATH=/opt/ros/humble /usr/bin/cmake /home/lin/SX_RM_Navigation/Path_Navigation/src/spin_conversion -DCMAKE_BUILD_TYPE=Release -DAMENT_CMAKE_SYMLINK_INSTALL=1 -DCMAKE_INSTALL_PREFIX=/home/lin/SX_RM_Navigation/Path_Navigation/install/spin_conversion
[1.560s] Invoking command in '/home/lin/SX_RM_Navigation/Path_Navigation/build/spin_conversion': CMAKE_PREFIX_PATH=/opt/ros/humble /usr/bin/cmake --build /home/lin/SX_RM_Navigation/Path_Navigation/build/spin_conversion -- -j32 -l32
[1.587s] [  2%] [34m[1mGenerating C code for ROS interfaces[0m
[1.591s] [  5%] [32mBuilding CXX object CMakeFiles/spin_conversion_node.dir/rclcpp_components/node_main_spin_conversion_node.cpp.o[0m
[1.593s] [  8%] [34m[1mGenerating C++ code for ROS interfaces[0m
[1.598s] [  8%] Built target ament_cmake_python_symlink_spin_conversion
[1.782s] [ 11%] [32mBuilding C object CMakeFiles/spin_conversion__rosidl_generator_c.dir/rosidl_generator_c/spin_conversion/msg/detail/spin_command__functions.c.o[0m
[1.821s] running egg_info
[1.821s] creating spin_conversion.egg-info
[1.821s] writing spin_conversion.egg-info/PKG-INFO
[1.822s] writing dependency_links to spin_conversion.egg-info/dependency_links.txt
[1.822s] writing top-level names to spin_conversion.egg-info/top_level.txt
[1.822s] writing manifest file 'spin_conversion.egg-info/SOURCES.txt'
[1.823s] reading manifest file 'spin_conversion.egg-info/SOURCES.txt'
[1.823s] writing manifest file 'spin_conversion.egg-info/SOURCES.txt'
[1.844s] [ 11%] Built target ament_cmake_python_build_spin_conversion_egg
[1.860s] [ 11%] Built target spin_conversion__cpp
[1.866s] [ 14%] [34m[1mGenerating C++ type support dispatch for ROS interfaces[0m
[1.868s] [ 17%] [34m[1mGenerating C++ type support for eProsima Fast-RTPS[0m
[1.868s] [ 20%] [34m[1mGenerating C++ introspection for ROS interfaces[0m
[1.872s] [ 22%] [32m[1mLinking C shared library libspin_conversion__rosidl_generator_c.so[0m
[1.897s] [ 22%] Built target spin_conversion__rosidl_generator_c
[1.903s] [ 25%] [34m[1mGenerating C type support for eProsima Fast-RTPS[0m
[1.906s] [ 31%] [34m[1mGenerating C type support dispatch for ROS interfaces[0m
[1.906s] [ 31%] [34m[1mGenerating C introspection for ROS interfaces[0m
[2.061s] [ 34%] [32mBuilding CXX object CMakeFiles/spin_conversion__rosidl_typesupport_introspection_cpp.dir/rosidl_typesupport_introspection_cpp/spin_conversion/msg/detail/spin_command__type_support.cpp.o[0m
[2.067s] [ 37%] [32mBuilding CXX object CMakeFiles/spin_conversion__rosidl_typesupport_c.dir/rosidl_typesupport_c/spin_conversion/msg/spin_command__type_support.cpp.o[0m
[2.093s] [ 40%] [32m[1mLinking CXX shared library libspin_conversion__rosidl_typesupport_c.so[0m
[2.101s] [ 42%] [32mBuilding CXX object CMakeFiles/spin_conversion__rosidl_typesupport_cpp.dir/rosidl_typesupport_cpp/spin_conversion/msg/spin_command__type_support.cpp.o[0m
[2.121s] [ 42%] Built target spin_conversion__rosidl_typesupport_c
[2.133s] [ 45%] [32mBuilding CXX object CMakeFiles/spin_conversion__rosidl_typesupport_fastrtps_cpp.dir/rosidl_typesupport_fastrtps_cpp/spin_conversion/msg/detail/dds_fastrtps/spin_command__type_support.cpp.o[0m
[2.162s] [ 48%] [32mBuilding CXX object CMakeFiles/spin_conversion__rosidl_typesupport_fastrtps_c.dir/rosidl_typesupport_fastrtps_c/spin_conversion/msg/detail/spin_command__type_support_c.cpp.o[0m
[2.170s] [ 51%] [32mBuilding C object CMakeFiles/spin_conversion__rosidl_typesupport_introspection_c.dir/rosidl_typesupport_introspection_c/spin_conversion/msg/detail/spin_command__type_support.c.o[0m
[2.193s] [ 54%] [32m[1mLinking C shared library libspin_conversion__rosidl_typesupport_introspection_c.so[0m
[2.217s] [ 54%] Built target spin_conversion__rosidl_typesupport_introspection_c
[2.262s] [ 57%] [32m[1mLinking CXX shared library libspin_conversion__rosidl_typesupport_cpp.so[0m
[2.293s] [ 57%] Built target spin_conversion__rosidl_typesupport_cpp
[2.311s] [ 60%] [32mBuilding CXX object CMakeFiles/spin_conversion_core.dir/src/spin_conversion.cpp.o[0m
[2.371s] [ 62%] [32m[1mLinking CXX shared library libspin_conversion__rosidl_typesupport_fastrtps_cpp.so[0m
[2.427s] [ 62%] Built target spin_conversion__rosidl_typesupport_fastrtps_cpp
[2.427s] [ 65%] [32m[1mLinking CXX shared library libspin_conversion__rosidl_typesupport_introspection_cpp.so[0m
[2.457s] [ 65%] Built target spin_conversion__rosidl_typesupport_introspection_cpp
[2.514s] [ 68%] [32m[1mLinking CXX shared library libspin_conversion__rosidl_typesupport_fastrtps_c.so[0m
[2.590s] [ 68%] Built target spin_conversion__rosidl_typesupport_fastrtps_c
[2.607s] [ 68%] Built target spin_conversion
[2.625s] [ 71%] [34m[1mGenerating Python code for ROS interfaces[0m
[2.977s] [ 71%] Built target spin_conversion__py
[2.997s] [ 74%] [32mBuilding C object CMakeFiles/spin_conversion__rosidl_generator_py.dir/rosidl_generator_py/spin_conversion/msg/_spin_command_s.c.o[0m
[3.116s] [ 77%] [32m[1mLinking C shared library rosidl_generator_py/spin_conversion/libspin_conversion__rosidl_generator_py.so[0m
[3.152s] [ 77%] Built target spin_conversion__rosidl_generator_py
[3.165s] [ 80%] [32mBuilding C object CMakeFiles/spin_conversion__rosidl_typesupport_introspection_c__pyext.dir/rosidl_generator_py/spin_conversion/_spin_conversion_s.ep.rosidl_typesupport_introspection_c.c.o[0m
[3.172s] [ 85%] [32mBuilding C object CMakeFiles/spin_conversion__rosidl_typesupport_fastrtps_c__pyext.dir/rosidl_generator_py/spin_conversion/_spin_conversion_s.ep.rosidl_typesupport_fastrtps_c.c.o[0m
[3.172s] [ 85%] [32mBuilding C object CMakeFiles/spin_conversion__rosidl_typesupport_c__pyext.dir/rosidl_generator_py/spin_conversion/_spin_conversion_s.ep.rosidl_typesupport_c.c.o[0m
[3.241s] [ 88%] [32m[1mLinking C shared library rosidl_generator_py/spin_conversion/spin_conversion_s__rosidl_typesupport_introspection_c.cpython-310-x86_64-linux-gnu.so[0m
[3.265s] [ 88%] Built target spin_conversion__rosidl_typesupport_introspection_c__pyext
[3.277s] [ 91%] [32m[1mLinking C shared library rosidl_generator_py/spin_conversion/spin_conversion_s__rosidl_typesupport_c.cpython-310-x86_64-linux-gnu.so[0m
[3.280s] [ 94%] [32m[1mLinking C shared library rosidl_generator_py/spin_conversion/spin_conversion_s__rosidl_typesupport_fastrtps_c.cpython-310-x86_64-linux-gnu.so[0m
[3.303s] [ 94%] Built target spin_conversion__rosidl_typesupport_c__pyext
[3.309s] [ 94%] Built target spin_conversion__rosidl_typesupport_fastrtps_c__pyext
[4.165s] [ 97%] [32m[1mLinking CXX executable spin_conversion_node[0m
[4.324s] [ 97%] Built target spin_conversion_node
[22.314s] [100%] [32m[1mLinking CXX shared library libspin_conversion_core.so[0m
[22.562s] [100%] Built target spin_conversion_core
[22.573s] Invoked command in '/home/lin/SX_RM_Navigation/Path_Navigation/build/spin_conversion' returned '0': CMAKE_PREFIX_PATH=/opt/ros/humble /usr/bin/cmake --build /home/lin/SX_RM_Navigation/Path_Navigation/build/spin_conversion -- -j32 -l32
[22.574s] Invoking command in '/home/lin/SX_RM_Navigation/Path_Navigation/build/spin_conversion': CMAKE_PREFIX_PATH=/opt/ros/humble /usr/bin/cmake --install /home/lin/SX_RM_Navigation/Path_Navigation/build/spin_conversion
[22.581s] -- Install configuration: "Release"
[22.582s] -- Execute custom install script
[22.582s] -- Symlinking: /home/lin/SX_RM_Navigation/Path_Navigation/install/spin_conversion/share/ament_index/resource_index/rosidl_interfaces/spin_conversion
[22.590s] -- Symlinking: /home/lin/SX_RM_Navigation/Path_Navigation/install/spin_conversion/include/spin_conversion/spin_conversion/msg/detail/spin_command__functions.h
[22.597s] -- Symlinking: /home/lin/SX_RM_Navigation/Path_Navigation/install/spin_conversion/include/spin_conversion/spin_conversion/msg/detail/spin_command__struct.h
[22.605s] -- Symlinking: /home/lin/SX_RM_Navigation/Path_Navigation/install/spin_conversion/include/spin_conversion/spin_conversion/msg/detail/spin_command__type_support.h
[22.612s] -- Symlinking: /home/lin/SX_RM_Navigation/Path_Navigation/install/spin_conversion/include/spin_conversion/spin_conversion/msg/rosidl_generator_c__visibility_control.h
[22.620s] -- Symlinking: /home/lin/SX_RM_Navigation/Path_Navigation/install/spin_conversion/include/spin_conversion/spin_conversion/msg/spin_command.h
[22.627s] -- Symlinking: /home/lin/SX_RM_Navigation/Path_Navigation/install/spin_conversion/share/spin_conversion/environment/library_path.sh
[22.635s] -- Symlinking: /home/lin/SX_RM_Navigation/Path_Navigation/install/spin_conversion/share/spin_conversion/environment/library_path.dsv
[22.643s] -- Symlinking: /home/lin/SX_RM_Navigation/Path_Navigation/install/spin_conversion/include/spin_conversion/spin_conversion/msg/detail/spin_command__rosidl_typesupport_fastrtps_c.h
[22.650s] -- Symlinking: /home/lin/SX_RM_Navigation/Path_Navigation/install/spin_conversion/include/spin_conversion/spin_conversion/msg/rosidl_typesupport_fastrtps_c__visibility_control.h
[22.658s] -- Symlinking: /home/lin/SX_RM_Navigation/Path_Navigation/install/spin_conversion/include/spin_conversion/spin_conversion/msg/detail/spin_command__builder.hpp
[22.665s] -- Symlinking: /home/lin/SX_RM_Navigation/Path_Navigation/install/spin_conversion/include/spin_conversion/spin_conversion/msg/detail/spin_command__struct.hpp
[22.673s] -- Symlinking: /home/lin/SX_RM_Navigation/Path_Navigation/install/spin_conversion/include/spin_conversion/spin_conversion/msg/detail/spin_command__traits.hpp
[22.680s] -- Symlinking: /home/lin/SX_RM_Navigation/Path_Navigation/install/spin_conversion/include/spin_conversion/spin_conversion/msg/detail/spin_command__type_support.hpp
[22.688s] -- Symlinking: /home/lin/SX_RM_Navigation/Path_Navigation/install/spin_conversion/include/spin_conversion/spin_conversion/msg/rosidl_generator_cpp__visibility_control.hpp
[22.695s] -- Symlinking: /home/lin/SX_RM_Navigation/Path_Navigation/install/spin_conversion/include/spin_conversion/spin_conversion/msg/spin_command.hpp
[22.703s] -- Symlinking: /home/lin/SX_RM_Navigation/Path_Navigation/install/spin_conversion/include/spin_conversion/spin_conversion/msg/detail/spin_command__rosidl_typesupport_fastrtps_cpp.hpp
[22.710s] -- Symlinking: /home/lin/SX_RM_Navigation/Path_Navigation/install/spin_conversion/include/spin_conversion/spin_conversion/msg/rosidl_typesupport_fastrtps_cpp__visibility_control.h
[22.718s] -- Symlinking: /home/lin/SX_RM_Navigation/Path_Navigation/install/spin_conversion/include/spin_conversion/spin_conversion/msg/detail/spin_command__rosidl_typesupport_introspection_c.h
[22.726s] -- Symlinking: /home/lin/SX_RM_Navigation/Path_Navigation/install/spin_conversion/include/spin_conversion/spin_conversion/msg/rosidl_typesupport_introspection_c__visibility_control.h
[22.733s] -- Symlinking: /home/lin/SX_RM_Navigation/Path_Navigation/install/spin_conversion/include/spin_conversion/spin_conversion/msg/detail/spin_command__rosidl_typesupport_introspection_cpp.hpp
[22.741s] -- Symlinking: /home/lin/SX_RM_Navigation/Path_Navigation/install/spin_conversion/share/spin_conversion/environment/pythonpath.sh
[22.748s] -- Symlinking: /home/lin/SX_RM_Navigation/Path_Navigation/install/spin_conversion/share/spin_conversion/environment/pythonpath.dsv
[22.756s] -- Symlinking: /home/lin/SX_RM_Navigation/Path_Navigation/install/spin_conversion/local/lib/python3.10/dist-packages/spin_conversion-1.3.1-py3.10.egg-info/PKG-INFO
[22.763s] -- Symlinking: /home/lin/SX_RM_Navigation/Path_Navigation/install/spin_conversion/local/lib/python3.10/dist-packages/spin_conversion-1.3.1-py3.10.egg-info/SOURCES.txt
[22.771s] -- Symlinking: /home/lin/SX_RM_Navigation/Path_Navigation/install/spin_conversion/local/lib/python3.10/dist-packages/spin_conversion-1.3.1-py3.10.egg-info/dependency_links.txt
[22.778s] -- Symlinking: /home/lin/SX_RM_Navigation/Path_Navigation/install/spin_conversion/local/lib/python3.10/dist-packages/spin_conversion-1.3.1-py3.10.egg-info/top_level.txt
[22.785s] -- Symlinking: /home/lin/SX_RM_Navigation/Path_Navigation/install/spin_conversion/local/lib/python3.10/dist-packages/spin_conversion/__init__.py
[22.792s] -- Symlinking: /home/lin/SX_RM_Navigation/Path_Navigation/install/spin_conversion/local/lib/python3.10/dist-packages/spin_conversion/_spin_conversion_s.ep.rosidl_typesupport_c.c
[22.800s] -- Symlinking: /home/lin/SX_RM_Navigation/Path_Navigation/install/spin_conversion/local/lib/python3.10/dist-packages/spin_conversion/_spin_conversion_s.ep.rosidl_typesupport_fastrtps_c.c
[22.806s] -- Symlinking: /home/lin/SX_RM_Navigation/Path_Navigation/install/spin_conversion/local/lib/python3.10/dist-packages/spin_conversion/_spin_conversion_s.ep.rosidl_typesupport_introspection_c.c
[22.814s] -- Symlinking: /home/lin/SX_RM_Navigation/Path_Navigation/install/spin_conversion/local/lib/python3.10/dist-packages/spin_conversion/libspin_conversion__rosidl_generator_py.so
[22.821s] -- Symlinking: /home/lin/SX_RM_Navigation/Path_Navigation/install/spin_conversion/local/lib/python3.10/dist-packages/spin_conversion/msg/__init__.py
[22.828s] -- Symlinking: /home/lin/SX_RM_Navigation/Path_Navigation/install/spin_conversion/local/lib/python3.10/dist-packages/spin_conversion/msg/_spin_command.py
[22.835s] -- Symlinking: /home/lin/SX_RM_Navigation/Path_Navigation/install/spin_conversion/local/lib/python3.10/dist-packages/spin_conversion/msg/_spin_command_s.c
[22.842s] -- Symlinking: /home/lin/SX_RM_Navigation/Path_Navigation/install/spin_conversion/local/lib/python3.10/dist-packages/spin_conversion/spin_conversion_s__rosidl_typesupport_c.cpython-310-x86_64-linux-gnu.so
[22.849s] -- Symlinking: /home/lin/SX_RM_Navigation/Path_Navigation/install/spin_conversion/local/lib/python3.10/dist-packages/spin_conversion/spin_conversion_s__rosidl_typesupport_fastrtps_c.cpython-310-x86_64-linux-gnu.so
[22.857s] -- Symlinking: /home/lin/SX_RM_Navigation/Path_Navigation/install/spin_conversion/local/lib/python3.10/dist-packages/spin_conversion/spin_conversion_s__rosidl_typesupport_introspection_c.cpython-310-x86_64-linux-gnu.so
[22.865s] -- Up-to-date symlink: /home/lin/SX_RM_Navigation/Path_Navigation/install/spin_conversion/local/lib/python3.10/dist-packages/spin_conversion/spin_conversion_s__rosidl_typesupport_fastrtps_c.cpython-310-x86_64-linux-gnu.so
[22.865s] -- Up-to-date symlink: /home/lin/SX_RM_Navigation/Path_Navigation/install/spin_conversion/local/lib/python3.10/dist-packages/spin_conversion/spin_conversion_s__rosidl_typesupport_introspection_c.cpython-310-x86_64-linux-gnu.so
[22.865s] -- Up-to-date symlink: /home/lin/SX_RM_Navigation/Path_Navigation/install/spin_conversion/local/lib/python3.10/dist-packages/spin_conversion/spin_conversion_s__rosidl_typesupport_c.cpython-310-x86_64-linux-gnu.so
[22.865s] -- Symlinking: /home/lin/SX_RM_Navigation/Path_Navigation/install/spin_conversion/share/spin_conversion/msg/SpinCommand.idl
[22.873s] -- Symlinking: /home/lin/SX_RM_Navigation/Path_Navigation/install/spin_conversion/share/spin_conversion/msg/SpinCommand.msg
[22.881s] -- Symlinking: /home/lin/SX_RM_Navigation/Path_Navigation/install/spin_conversion/lib/spin_conversion/spin_conversion_node
[22.888s] -- Symlinking: /home/lin/SX_RM_Navigation/Path_Navigation/install/spin_conversion/include/spin_conversion/spin_conversion.hpp
[22.895s] -- Symlinking: /home/lin/SX_RM_Navigation/Path_Navigation/install/spin_conversion/lib/libspin_conversion_core.so
[22.904s] -- Symlinking: /home/lin/SX_RM_Navigation/Path_Navigation/install/spin_conversion/share/spin_conversion/launch/spin_conversion_launch.py
[22.912s] -- Symlinking: /home/lin/SX_RM_Navigation/Path_Navigation/install/spin_conversion/share/ament_index/resource_index/package_run_dependencies/spin_conversion
[22.919s] -- Symlinking: /home/lin/SX_RM_Navigation/Path_Navigation/install/spin_conversion/share/ament_index/resource_index/parent_prefix_path/spin_conversion
[22.927s] -- Symlinking: /home/lin/SX_RM_Navigation/Path_Navigation/install/spin_conversion/share/spin_conversion/environment/ament_prefix_path.sh
[22.935s] -- Symlinking: /home/lin/SX_RM_Navigation/Path_Navigation/install/spin_conversion/share/spin_conversion/environment/ament_prefix_path.dsv
[22.942s] -- Symlinking: /home/lin/SX_RM_Navigation/Path_Navigation/install/spin_conversion/share/spin_conversion/environment/path.sh
[22.950s] -- Symlinking: /home/lin/SX_RM_Navigation/Path_Navigation/install/spin_conversion/share/spin_conversion/environment/path.dsv
[22.958s] -- Symlinking: /home/lin/SX_RM_Navigation/Path_Navigation/install/spin_conversion/share/spin_conversion/local_setup.bash
[22.966s] -- Symlinking: /home/lin/SX_RM_Navigation/Path_Navigation/install/spin_conversion/share/spin_conversion/local_setup.sh
[22.973s] -- Symlinking: /home/lin/SX_RM_Navigation/Path_Navigation/install/spin_conversion/share/spin_conversion/local_setup.zsh
[22.981s] -- Symlinking: /home/lin/SX_RM_Navigation/Path_Navigation/install/spin_conversion/share/spin_conversion/local_setup.dsv
[22.988s] -- Symlinking: /home/lin/SX_RM_Navigation/Path_Navigation/install/spin_conversion/share/spin_conversion/package.dsv
[22.996s] -- Symlinking: /home/lin/SX_RM_Navigation/Path_Navigation/install/spin_conversion/share/ament_index/resource_index/packages/spin_conversion
[23.003s] -- Symlinking: /home/lin/SX_RM_Navigation/Path_Navigation/install/spin_conversion/share/ament_index/resource_index/rclcpp_components/spin_conversion
[23.010s] -- Symlinking: /home/lin/SX_RM_Navigation/Path_Navigation/install/spin_conversion/share/spin_conversion/cmake/rosidl_cmake-extras.cmake
[23.018s] -- Symlinking: /home/lin/SX_RM_Navigation/Path_Navigation/install/spin_conversion/share/spin_conversion/cmake/ament_cmake_export_include_directories-extras.cmake
[23.025s] -- Symlinking: /home/lin/SX_RM_Navigation/Path_Navigation/install/spin_conversion/share/spin_conversion/cmake/ament_cmake_export_libraries-extras.cmake
[23.032s] -- Symlinking: /home/lin/SX_RM_Navigation/Path_Navigation/install/spin_conversion/share/spin_conversion/cmake/ament_cmake_export_targets-extras.cmake
[23.040s] -- Symlinking: /home/lin/SX_RM_Navigation/Path_Navigation/install/spin_conversion/share/spin_conversion/cmake/rosidl_cmake_export_typesupport_targets-extras.cmake
[23.047s] -- Symlinking: /home/lin/SX_RM_Navigation/Path_Navigation/install/spin_conversion/share/spin_conversion/cmake/ament_cmake_export_dependencies-extras.cmake
[23.055s] -- Symlinking: /home/lin/SX_RM_Navigation/Path_Navigation/install/spin_conversion/share/spin_conversion/cmake/rosidl_cmake_export_typesupport_libraries-extras.cmake
[23.062s] -- Symlinking: /home/lin/SX_RM_Navigation/Path_Navigation/install/spin_conversion/share/spin_conversion/cmake/spin_conversionConfig.cmake
[23.069s] -- Symlinking: /home/lin/SX_RM_Navigation/Path_Navigation/install/spin_conversion/share/spin_conversion/cmake/spin_conversionConfig-version.cmake
[23.077s] -- Symlinking: /home/lin/SX_RM_Navigation/Path_Navigation/install/spin_conversion/share/spin_conversion/package.xml
[23.084s] -- Installing: /home/lin/SX_RM_Navigation/Path_Navigation/install/spin_conversion/lib/libspin_conversion__rosidl_generator_c.so
[23.085s] -- Set runtime path of "/home/lin/SX_RM_Navigation/Path_Navigation/install/spin_conversion/lib/libspin_conversion__rosidl_generator_c.so" to ""
[23.085s] -- Installing: /home/lin/SX_RM_Navigation/Path_Navigation/install/spin_conversion/lib/libspin_conversion__rosidl_typesupport_fastrtps_c.so
[23.085s] -- Set runtime path of "/home/lin/SX_RM_Navigation/Path_Navigation/install/spin_conversion/lib/libspin_conversion__rosidl_typesupport_fastrtps_c.so" to ""
[23.085s] -- Installing: /home/lin/SX_RM_Navigation/Path_Navigation/install/spin_conversion/lib/libspin_conversion__rosidl_typesupport_fastrtps_cpp.so
[23.085s] -- Set runtime path of "/home/lin/SX_RM_Navigation/Path_Navigation/install/spin_conversion/lib/libspin_conversion__rosidl_typesupport_fastrtps_cpp.so" to ""
[23.085s] -- Installing: /home/lin/SX_RM_Navigation/Path_Navigation/install/spin_conversion/lib/libspin_conversion__rosidl_typesupport_introspection_c.so
[23.085s] -- Set runtime path of "/home/lin/SX_RM_Navigation/Path_Navigation/install/spin_conversion/lib/libspin_conversion__rosidl_typesupport_introspection_c.so" to ""
[23.085s] -- Installing: /home/lin/SX_RM_Navigation/Path_Navigation/install/spin_conversion/lib/libspin_conversion__rosidl_typesupport_c.so
[23.086s] -- Set runtime path of "/home/lin/SX_RM_Navigation/Path_Navigation/install/spin_conversion/lib/libspin_conversion__rosidl_typesupport_c.so" to ""
[23.086s] -- Installing: /home/lin/SX_RM_Navigation/Path_Navigation/install/spin_conversion/lib/libspin_conversion__rosidl_typesupport_introspection_cpp.so
[23.086s] -- Set runtime path of "/home/lin/SX_RM_Navigation/Path_Navigation/install/spin_conversion/lib/libspin_conversion__rosidl_typesupport_introspection_cpp.so" to ""
[23.086s] -- Installing: /home/lin/SX_RM_Navigation/Path_Navigation/install/spin_conversion/lib/libspin_conversion__rosidl_typesupport_cpp.so
[23.086s] -- Set runtime path of "/home/lin/SX_RM_Navigation/Path_Navigation/install/spin_conversion/lib/libspin_conversion__rosidl_typesupport_cpp.so" to ""
[23.115s] Listing '/home/lin/SX_RM_Navigation/Path_Navigation/install/spin_conversion/local/lib/python3.10/dist-packages/spin_conversion'...
[23.115s] Compiling '/home/lin/SX_RM_Navigation/Path_Navigation/install/spin_conversion/local/lib/python3.10/dist-packages/spin_conversion/__init__.py'...
[23.115s] Listing '/home/lin/SX_RM_Navigation/Path_Navigation/install/spin_conversion/local/lib/python3.10/dist-packages/spin_conversion/msg'...
[23.115s] Compiling '/home/lin/SX_RM_Navigation/Path_Navigation/install/spin_conversion/local/lib/python3.10/dist-packages/spin_conversion/msg/__init__.py'...
[23.115s] Compiling '/home/lin/SX_RM_Navigation/Path_Navigation/install/spin_conversion/local/lib/python3.10/dist-packages/spin_conversion/msg/_spin_command.py'...
[23.119s] -- Installing: /home/lin/SX_RM_Navigation/Path_Navigation/install/spin_conversion/lib/libspin_conversion__rosidl_generator_py.so
[23.119s] -- Set runtime path of "/home/lin/SX_RM_Navigation/Path_Navigation/install/spin_conversion/lib/libspin_conversion__rosidl_generator_py.so" to ""
[23.119s] -- Installing: /home/lin/SX_RM_Navigation/Path_Navigation/install/spin_conversion/share/spin_conversion/cmake/export_spin_conversion__rosidl_generator_cExport.cmake
[23.119s] -- Installing: /home/lin/SX_RM_Navigation/Path_Navigation/install/spin_conversion/share/spin_conversion/cmake/export_spin_conversion__rosidl_generator_cExport-release.cmake
[23.120s] -- Installing: /home/lin/SX_RM_Navigation/Path_Navigation/install/spin_conversion/share/spin_conversion/cmake/export_spin_conversion__rosidl_typesupport_fastrtps_cExport.cmake
[23.120s] -- Installing: /home/lin/SX_RM_Navigation/Path_Navigation/install/spin_conversion/share/spin_conversion/cmake/export_spin_conversion__rosidl_typesupport_fastrtps_cExport-release.cmake
[23.120s] -- Installing: /home/lin/SX_RM_Navigation/Path_Navigation/install/spin_conversion/share/spin_conversion/cmake/export_spin_conversion__rosidl_generator_cppExport.cmake
[23.120s] -- Installing: /home/lin/SX_RM_Navigation/Path_Navigation/install/spin_conversion/share/spin_conversion/cmake/export_spin_conversion__rosidl_typesupport_fastrtps_cppExport.cmake
[23.120s] -- Installing: /home/lin/SX_RM_Navigation/Path_Navigation/install/spin_conversion/share/spin_conversion/cmake/export_spin_conversion__rosidl_typesupport_fastrtps_cppExport-release.cmake
[23.120s] -- Installing: /home/lin/SX_RM_Navigation/Path_Navigation/install/spin_conversion/share/spin_conversion/cmake/spin_conversion__rosidl_typesupport_introspection_cExport.cmake
[23.120s] -- Installing: /home/lin/SX_RM_Navigation/Path_Navigation/install/spin_conversion/share/spin_conversion/cmake/spin_conversion__rosidl_typesupport_introspection_cExport-release.cmake
[23.120s] -- Installing: /home/lin/SX_RM_Navigation/Path_Navigation/install/spin_conversion/share/spin_conversion/cmake/spin_conversion__rosidl_typesupport_cExport.cmake
[23.120s] -- Installing: /home/lin/SX_RM_Navigation/Path_Navigation/install/spin_conversion/share/spin_conversion/cmake/spin_conversion__rosidl_typesupport_cExport-release.cmake
[23.120s] -- Installing: /home/lin/SX_RM_Navigation/Path_Navigation/install/spin_conversion/share/spin_conversion/cmake/spin_conversion__rosidl_typesupport_introspection_cppExport.cmake
[23.120s] -- Installing: /home/lin/SX_RM_Navigation/Path_Navigation/install/spin_conversion/share/spin_conversion/cmake/spin_conversion__rosidl_typesupport_introspection_cppExport-release.cmake
[23.120s] -- Installing: /home/lin/SX_RM_Navigation/Path_Navigation/install/spin_conversion/share/spin_conversion/cmake/spin_conversion__rosidl_typesupport_cppExport.cmake
[23.120s] -- Installing: /home/lin/SX_RM_Navigation/Path_Navigation/install/spin_conversion/share/spin_conversion/cmake/spin_conversion__rosidl_typesupport_cppExport-release.cmake
[23.121s] -- Installing: /home/lin/SX_RM_Navigation/Path_Navigation/install/spin_conversion/share/spin_conversion/cmake/export_spin_conversion__rosidl_generator_pyExport.cmake
[23.121s] -- Installing: /home/lin/SX_RM_Navigation/Path_Navigation/install/spin_conversion/share/spin_conversion/cmake/export_spin_conversion__rosidl_generator_pyExport-release.cmake
[23.123s] Invoked command in '/home/lin/SX_RM_Navigation/Path_Navigation/build/spin_conversion' returned '0': CMAKE_PREFIX_PATH=/opt/ros/humble /usr/bin/cmake --install /home/lin/SX_RM_Navigation/Path_Navigation/build/spin_conversion
