[0.025s] Invoking command in '/home/lin/SX_RM_Navigation/Path_Navigation/build/map_cost_extend': CMAKE_PREFIX_PATH=${CMAKE_PREFIX_PATH}:/opt/ros/humble /usr/bin/cmake --build /home/lin/SX_RM_Navigation/Path_Navigation/build/map_cost_extend -- -j32 -l32
[0.061s] [ 50%] Built target pb_back_up_frees_space_behavior
[0.090s] [100%] Built target layers
[0.120s] Invoked command in '/home/lin/SX_RM_Navigation/Path_Navigation/build/map_cost_extend' returned '0': CMAKE_PREFIX_PATH=${CMAKE_PREFIX_PATH}:/opt/ros/humble /usr/bin/cmake --build /home/lin/SX_RM_Navigation/Path_Navigation/build/map_cost_extend -- -j32 -l32
[0.120s] Invoking command in '/home/lin/SX_RM_Navigation/Path_Navigation/build/map_cost_extend': CMAKE_PREFIX_PATH=${CMAKE_PREFIX_PATH}:/opt/ros/humble /usr/bin/cmake --install /home/lin/SX_RM_Navigation/Path_Navigation/build/map_cost_extend
[0.132s] -- Install configuration: "Release"
[0.132s] -- Execute custom install script
[0.132s] -- Up-to-date symlink: /home/lin/SX_RM_Navigation/Path_Navigation/install/map_cost_extend/share/map_cost_extend//behavior_plugin.xml
[0.132s] -- Up-to-date symlink: /home/lin/SX_RM_Navigation/Path_Navigation/install/map_cost_extend/share/map_cost_extend//costmap_plugins.xml
[0.132s] -- Up-to-date symlink: /home/lin/SX_RM_Navigation/Path_Navigation/install/map_cost_extend/include/map_cost_extend/behaviors/back_up_free_space.hpp
[0.132s] -- Up-to-date symlink: /home/lin/SX_RM_Navigation/Path_Navigation/install/map_cost_extend/include/map_cost_extend/layers/intensity_voxel_layer.hpp
[0.132s] -- Up-to-date symlink: /home/lin/SX_RM_Navigation/Path_Navigation/install/map_cost_extend/share/map_cost_extend/environment/library_path.sh
[0.133s] -- Up-to-date symlink: /home/lin/SX_RM_Navigation/Path_Navigation/install/map_cost_extend/share/map_cost_extend/environment/library_path.dsv
[0.133s] -- Up-to-date symlink: /home/lin/SX_RM_Navigation/Path_Navigation/install/map_cost_extend/lib/libpb_back_up_frees_space_behavior.so
[0.133s] -- Up-to-date symlink: /home/lin/SX_RM_Navigation/Path_Navigation/install/map_cost_extend/lib/liblayers.so
[0.133s] -- Up-to-date symlink: /home/lin/SX_RM_Navigation/Path_Navigation/install/map_cost_extend/share/ament_index/resource_index/package_run_dependencies/map_cost_extend
[0.133s] -- Up-to-date symlink: /home/lin/SX_RM_Navigation/Path_Navigation/install/map_cost_extend/share/ament_index/resource_index/parent_prefix_path/map_cost_extend
[0.133s] -- Up-to-date symlink: /home/lin/SX_RM_Navigation/Path_Navigation/install/map_cost_extend/share/map_cost_extend/environment/ament_prefix_path.sh
[0.133s] -- Up-to-date symlink: /home/lin/SX_RM_Navigation/Path_Navigation/install/map_cost_extend/share/map_cost_extend/environment/ament_prefix_path.dsv
[0.133s] -- Up-to-date symlink: /home/lin/SX_RM_Navigation/Path_Navigation/install/map_cost_extend/share/map_cost_extend/environment/path.sh
[0.133s] -- Up-to-date symlink: /home/lin/SX_RM_Navigation/Path_Navigation/install/map_cost_extend/share/map_cost_extend/environment/path.dsv
[0.133s] -- Up-to-date symlink: /home/lin/SX_RM_Navigation/Path_Navigation/install/map_cost_extend/share/map_cost_extend/local_setup.bash
[0.133s] -- Up-to-date symlink: /home/lin/SX_RM_Navigation/Path_Navigation/install/map_cost_extend/share/map_cost_extend/local_setup.sh
[0.133s] -- Up-to-date symlink: /home/lin/SX_RM_Navigation/Path_Navigation/install/map_cost_extend/share/map_cost_extend/local_setup.zsh
[0.133s] -- Up-to-date symlink: /home/lin/SX_RM_Navigation/Path_Navigation/install/map_cost_extend/share/map_cost_extend/local_setup.dsv
[0.133s] -- Symlinking: /home/lin/SX_RM_Navigation/Path_Navigation/install/map_cost_extend/share/map_cost_extend/package.dsv
[0.134s] -- Up-to-date symlink: /home/lin/SX_RM_Navigation/Path_Navigation/install/map_cost_extend/share/ament_index/resource_index/packages/map_cost_extend
[0.135s] -- Up-to-date symlink: /home/lin/SX_RM_Navigation/Path_Navigation/install/map_cost_extend/share/ament_index/resource_index/nav2_core__pluginlib__plugin/map_cost_extend
[0.135s] -- Up-to-date symlink: /home/lin/SX_RM_Navigation/Path_Navigation/install/map_cost_extend/share/ament_index/resource_index/nav2_costmap_2d__pluginlib__plugin/map_cost_extend
[0.135s] -- Up-to-date symlink: /home/lin/SX_RM_Navigation/Path_Navigation/install/map_cost_extend/share/map_cost_extend/cmake/ament_cmake_export_dependencies-extras.cmake
[0.135s] -- Up-to-date symlink: /home/lin/SX_RM_Navigation/Path_Navigation/install/map_cost_extend/share/map_cost_extend/cmake/ament_cmake_export_include_directories-extras.cmake
[0.135s] -- Up-to-date symlink: /home/lin/SX_RM_Navigation/Path_Navigation/install/map_cost_extend/share/map_cost_extend/cmake/ament_cmake_export_libraries-extras.cmake
[0.135s] -- Up-to-date symlink: /home/lin/SX_RM_Navigation/Path_Navigation/install/map_cost_extend/share/map_cost_extend/cmake/map_cost_extendConfig.cmake
[0.135s] -- Up-to-date symlink: /home/lin/SX_RM_Navigation/Path_Navigation/install/map_cost_extend/share/map_cost_extend/cmake/map_cost_extendConfig-version.cmake
[0.135s] -- Up-to-date symlink: /home/lin/SX_RM_Navigation/Path_Navigation/install/map_cost_extend/share/map_cost_extend/package.xml
[0.180s] Invoked command in '/home/lin/SX_RM_Navigation/Path_Navigation/build/map_cost_extend' returned '0': CMAKE_PREFIX_PATH=${CMAKE_PREFIX_PATH}:/opt/ros/humble /usr/bin/cmake --install /home/lin/SX_RM_Navigation/Path_Navigation/build/map_cost_extend
