[0.020s] Invoking command in '/home/lin/SX_RM_Navigation/Path_Navigation/build/small_gicp_relocalization': CMAKE_PREFIX_PATH=/opt/ros/humble /usr/bin/cmake /home/lin/SX_RM_Navigation/Path_Navigation/src/small_gicp_relocalization -DCMAKE_BUILD_TYPE=Release -DAMENT_CMAKE_SYMLINK_INSTALL=1 -DCMAKE_INSTALL_PREFIX=/home/lin/SX_RM_Navigation/Path_Navigation/install/small_gicp_relocalization
[0.098s] -- The C compiler identification is GNU 11.4.0
[0.184s] -- The CXX compiler identification is GNU 11.4.0
[0.192s] -- Detecting C compiler ABI info
[0.244s] -- Detecting C compiler ABI info - done
[0.248s] -- Check for working C compiler: /usr/bin/cc - skipped
[0.248s] -- Detecting C compile features
[0.248s] -- Detecting C compile features - done
[0.250s] -- Detecting CXX compiler ABI info
[0.309s] -- Detecting CXX compiler ABI info - done
[0.313s] -- Check for working CXX compiler: /usr/bin/c++ - skipped
[0.313s] -- Detecting CXX compile features
[0.313s] -- Detecting CXX compile features - done
[0.314s] -- Found ament_cmake_auto: 1.3.13 (/opt/ros/humble/share/ament_cmake_auto/cmake)
[0.438s] -- Found Python3: /usr/bin/python3 (found version "3.10.12") found components: Interpreter 
[0.495s] -- Override CMake install command with custom implementation using symlinks instead of copying resources
[0.680s] -- Found OpenMP_C: -fopenmp (found version "4.5") 
[0.737s] -- Found OpenMP_CXX: -fopenmp (found version "4.5") 
[0.737s] -- Found OpenMP: TRUE (found version "4.5")  
[0.825s] -- Found rosidl_generator_c: 3.1.8 (/opt/ros/humble/share/rosidl_generator_c/cmake)
[0.827s] -- Found rosidl_adapter: 3.1.8 (/opt/ros/humble/share/rosidl_adapter/cmake)
[0.832s] -- Found rosidl_generator_cpp: 3.1.8 (/opt/ros/humble/share/rosidl_generator_cpp/cmake)
[0.839s] -- Using all available rosidl_typesupport_c: rosidl_typesupport_fastrtps_c;rosidl_typesupport_introspection_c
[0.847s] -- Using all available rosidl_typesupport_cpp: rosidl_typesupport_fastrtps_cpp;rosidl_typesupport_introspection_cpp
[0.871s] -- Found rmw_implementation_cmake: 6.1.2 (/opt/ros/humble/share/rmw_implementation_cmake/cmake)
[0.873s] -- Found rmw_fastrtps_cpp: 6.2.10 (/opt/ros/humble/share/rmw_fastrtps_cpp/cmake)
[0.928s] -- Found OpenSSL: /usr/lib/x86_64-linux-gnu/libcrypto.so (found version "3.0.2")  
[0.946s] -- Found FastRTPS: /opt/ros/humble/include  
[0.977s] -- Using RMW implementation 'rmw_fastrtps_cpp' as default
[0.981s] -- Looking for pthread.h
[1.026s] -- Looking for pthread.h - found
[1.026s] -- Performing Test CMAKE_HAVE_LIBC_PTHREAD
[1.076s] -- Performing Test CMAKE_HAVE_LIBC_PTHREAD - Success
[1.076s] -- Found Threads: TRUE  
[1.228s] -- Checking for module 'eigen3'
[1.237s] --   Found eigen3, version 3.4.0
[1.258s] -- Found Eigen: /usr/include/eigen3 (Required is at least version "3.1") 
[1.258s] -- Eigen found (include: /usr/include/eigen3, version: 3.4.0)
[1.286s] -- Checking for module 'flann'
[1.295s] --   Found flann, version 1.9.1
[1.326s] -- Found FLANN: /usr/lib/x86_64-linux-gnu/libflann_cpp.so  
[1.326s] -- FLANN found (include: /usr/include, lib: /usr/lib/x86_64-linux-gnu/libflann_cpp.so)
[2.042s] -- Checking for module 'libusb-1.0'
[2.054s] --   Found libusb-1.0, version 1.0.25
[2.081s] -- Found libusb: /usr/lib/x86_64-linux-gnu/libusb-1.0.so  
[2.082s] -- OpenNI found (version: 1.5.4.0, include: /usr/include/ni, lib: /usr/lib/libOpenNI.so;libusb::libusb)
[2.126s] -- OpenNI2 found (version: 2.2.0.33, include: /usr/include/openni2, lib: /usr/lib/x86_64-linux-gnu/libOpenNI2.so;libusb::libusb)
[2.275s] -- Eigen found (include: /usr/include/eigen3, version: 3.4.0)
[2.281s] -- OpenNI found (version: 1.5.4.0, include: /usr/include/ni, lib: /usr/lib/libOpenNI.so;libusb::libusb)
[2.287s] -- OpenNI2 found (version: 2.2.0.33, include: /usr/include/openni2, lib: /usr/lib/x86_64-linux-gnu/libOpenNI2.so;libusb::libusb)
[2.417s] -- Found Qhull version 8.0.2
[2.565s] -- OpenNI found (version: 1.5.4.0, include: /usr/include/ni, lib: /usr/lib/libOpenNI.so;libusb::libusb)
[2.714s] -- Found PCL_COMMON: /usr/lib/x86_64-linux-gnu/libpcl_common.so  
[2.715s] -- Found PCL_KDTREE: /usr/lib/x86_64-linux-gnu/libpcl_kdtree.so  
[2.716s] -- Found PCL_OCTREE: /usr/lib/x86_64-linux-gnu/libpcl_octree.so  
[2.716s] -- Found PCL_SEARCH: /usr/lib/x86_64-linux-gnu/libpcl_search.so  
[2.717s] -- Found PCL_SAMPLE_CONSENSUS: /usr/lib/x86_64-linux-gnu/libpcl_sample_consensus.so  
[2.718s] -- Found PCL_FILTERS: /usr/lib/x86_64-linux-gnu/libpcl_filters.so  
[2.718s] -- Found PCL_2D: /usr/include/pcl-1.12  
[2.719s] -- Found PCL_GEOMETRY: /usr/include/pcl-1.12  
[2.720s] -- Found PCL_IO: /usr/lib/x86_64-linux-gnu/libpcl_io.so  
[2.721s] -- Found PCL_FEATURES: /usr/lib/x86_64-linux-gnu/libpcl_features.so  
[2.722s] -- Found PCL_ML: /usr/lib/x86_64-linux-gnu/libpcl_ml.so  
[2.723s] -- Found PCL_SEGMENTATION: /usr/lib/x86_64-linux-gnu/libpcl_segmentation.so  
[2.724s] -- Found PCL_VISUALIZATION: /usr/lib/x86_64-linux-gnu/libpcl_visualization.so  
[2.725s] -- Found PCL_SURFACE: /usr/lib/x86_64-linux-gnu/libpcl_surface.so  
[2.726s] -- Found PCL_REGISTRATION: /usr/lib/x86_64-linux-gnu/libpcl_registration.so  
[2.727s] -- Found PCL_KEYPOINTS: /usr/lib/x86_64-linux-gnu/libpcl_keypoints.so  
[2.728s] -- Found PCL_TRACKING: /usr/lib/x86_64-linux-gnu/libpcl_tracking.so  
[2.728s] -- Found PCL_RECOGNITION: /usr/lib/x86_64-linux-gnu/libpcl_recognition.so  
[2.730s] -- Found PCL_STEREO: /usr/lib/x86_64-linux-gnu/libpcl_stereo.so  
[2.731s] -- Found PCL_APPS: /usr/lib/x86_64-linux-gnu/libpcl_apps.so  
[2.731s] -- Found PCL_IN_HAND_SCANNER: /usr/include/pcl-1.12  
[2.732s] -- Found PCL_MODELER: /usr/include/pcl-1.12  
[2.732s] -- Found PCL_POINT_CLOUD_EDITOR: /usr/include/pcl-1.12  
[2.733s] -- Found PCL_OUTOFCORE: /usr/lib/x86_64-linux-gnu/libpcl_outofcore.so  
[2.734s] -- Found PCL_PEOPLE: /usr/lib/x86_64-linux-gnu/libpcl_people.so  
[2.749s] -- Found ament_lint_auto: 0.12.15 (/opt/ros/humble/share/ament_lint_auto/cmake)
[2.768s] [0mIn this package, headers install destination is set to `include` by ament_auto_package. It is recommended to install `include/small_gicp_relocalization` instead and will be the default behavior of ament_auto_package from ROS 2 Kilted Kaiju. On distributions before Kilted, ament_auto_package behaves the same way when you use USE_SCOPED_HEADER_INSTALL_DIR option.[0m
[2.774s] -- Added test 'copyright' to check source files copyright and LICENSE
[2.775s] -- Added test 'cppcheck' to perform static code analysis on C / C++ code
[2.775s] -- Configured cppcheck include dirs: /home/lin/SX_RM_Navigation/Path_Navigation/src/small_gicp_relocalization/include
[2.775s] -- Configured cppcheck exclude dirs and/or files: 
[2.776s] -- Added test 'cpplint' to check C / C++ code against the Google style
[2.776s] -- Configured cpplint exclude dirs and/or files: 
[2.777s] -- Added test 'lint_cmake' to check CMake code style
[2.777s] -- Added test 'pep257' to check Python code against some of the docstring style conventions in PEP 257
[2.778s] -- Added test 'xmllint' to check XML markup files
[2.779s] -- Added test 'clang_format' to check C / C++ code style
[2.779s] -- Added test 'black' to check Python code style
[2.782s] -- Configuring done
[2.822s] -- Generating done
[2.836s] -- Build files have been written to: /home/lin/SX_RM_Navigation/Path_Navigation/build/small_gicp_relocalization
[2.860s] Invoked command in '/home/lin/SX_RM_Navigation/Path_Navigation/build/small_gicp_relocalization' returned '0': CMAKE_PREFIX_PATH=/opt/ros/humble /usr/bin/cmake /home/lin/SX_RM_Navigation/Path_Navigation/src/small_gicp_relocalization -DCMAKE_BUILD_TYPE=Release -DAMENT_CMAKE_SYMLINK_INSTALL=1 -DCMAKE_INSTALL_PREFIX=/home/lin/SX_RM_Navigation/Path_Navigation/install/small_gicp_relocalization
[2.862s] Invoking command in '/home/lin/SX_RM_Navigation/Path_Navigation/build/small_gicp_relocalization': CMAKE_PREFIX_PATH=/opt/ros/humble /usr/bin/cmake --build /home/lin/SX_RM_Navigation/Path_Navigation/build/small_gicp_relocalization -- -j32 -l32
[2.904s] [ 25%] [32mBuilding CXX object CMakeFiles/small_gicp_relocalization_node.dir/rclcpp_components/node_main_small_gicp_relocalization_node.cpp.o[0m
[2.909s] [ 50%] [32mBuilding CXX object CMakeFiles/small_gicp_relocalization.dir/src/small_gicp_relocalization.cpp.o[0m
[6.494s] [ 75%] [32m[1mLinking CXX executable small_gicp_relocalization_node[0m
[6.615s] [ 75%] Built target small_gicp_relocalization_node
[25.450s] [100%] [32m[1mLinking CXX shared library libsmall_gicp_relocalization.so[0m
[25.701s] [100%] Built target small_gicp_relocalization
[25.708s] Invoked command in '/home/lin/SX_RM_Navigation/Path_Navigation/build/small_gicp_relocalization' returned '0': CMAKE_PREFIX_PATH=/opt/ros/humble /usr/bin/cmake --build /home/lin/SX_RM_Navigation/Path_Navigation/build/small_gicp_relocalization -- -j32 -l32
[25.710s] Invoking command in '/home/lin/SX_RM_Navigation/Path_Navigation/build/small_gicp_relocalization': CMAKE_PREFIX_PATH=/opt/ros/humble /usr/bin/cmake --install /home/lin/SX_RM_Navigation/Path_Navigation/build/small_gicp_relocalization
[25.715s] -- Install configuration: "Release"
[25.715s] -- Execute custom install script
[25.716s] -- Symlinking: /home/lin/SX_RM_Navigation/Path_Navigation/install/small_gicp_relocalization/lib/small_gicp_relocalization/small_gicp_relocalization_node
[25.723s] -- Symlinking: /home/lin/SX_RM_Navigation/Path_Navigation/install/small_gicp_relocalization/include/small_gicp_relocalization/small_gicp_relocalization.hpp
[25.728s] -- Symlinking: /home/lin/SX_RM_Navigation/Path_Navigation/install/small_gicp_relocalization/share/small_gicp_relocalization/environment/library_path.sh
[25.734s] -- Symlinking: /home/lin/SX_RM_Navigation/Path_Navigation/install/small_gicp_relocalization/share/small_gicp_relocalization/environment/library_path.dsv
[25.739s] -- Symlinking: /home/lin/SX_RM_Navigation/Path_Navigation/install/small_gicp_relocalization/lib/libsmall_gicp_relocalization.so
[25.745s] -- Symlinking: /home/lin/SX_RM_Navigation/Path_Navigation/install/small_gicp_relocalization/share/small_gicp_relocalization/launch/small_gicp_relocalization_launch.py
[25.752s] -- Symlinking: /home/lin/SX_RM_Navigation/Path_Navigation/install/small_gicp_relocalization/share/ament_index/resource_index/package_run_dependencies/small_gicp_relocalization
[25.757s] -- Symlinking: /home/lin/SX_RM_Navigation/Path_Navigation/install/small_gicp_relocalization/share/ament_index/resource_index/parent_prefix_path/small_gicp_relocalization
[25.763s] -- Symlinking: /home/lin/SX_RM_Navigation/Path_Navigation/install/small_gicp_relocalization/share/small_gicp_relocalization/environment/ament_prefix_path.sh
[25.769s] -- Symlinking: /home/lin/SX_RM_Navigation/Path_Navigation/install/small_gicp_relocalization/share/small_gicp_relocalization/environment/ament_prefix_path.dsv
[25.774s] -- Symlinking: /home/lin/SX_RM_Navigation/Path_Navigation/install/small_gicp_relocalization/share/small_gicp_relocalization/environment/path.sh
[25.780s] -- Symlinking: /home/lin/SX_RM_Navigation/Path_Navigation/install/small_gicp_relocalization/share/small_gicp_relocalization/environment/path.dsv
[25.785s] -- Symlinking: /home/lin/SX_RM_Navigation/Path_Navigation/install/small_gicp_relocalization/share/small_gicp_relocalization/local_setup.bash
[25.790s] -- Symlinking: /home/lin/SX_RM_Navigation/Path_Navigation/install/small_gicp_relocalization/share/small_gicp_relocalization/local_setup.sh
[25.795s] -- Symlinking: /home/lin/SX_RM_Navigation/Path_Navigation/install/small_gicp_relocalization/share/small_gicp_relocalization/local_setup.zsh
[25.801s] -- Symlinking: /home/lin/SX_RM_Navigation/Path_Navigation/install/small_gicp_relocalization/share/small_gicp_relocalization/local_setup.dsv
[25.807s] -- Symlinking: /home/lin/SX_RM_Navigation/Path_Navigation/install/small_gicp_relocalization/share/small_gicp_relocalization/package.dsv
[25.813s] -- Symlinking: /home/lin/SX_RM_Navigation/Path_Navigation/install/small_gicp_relocalization/share/ament_index/resource_index/packages/small_gicp_relocalization
[25.818s] -- Symlinking: /home/lin/SX_RM_Navigation/Path_Navigation/install/small_gicp_relocalization/share/ament_index/resource_index/rclcpp_components/small_gicp_relocalization
[25.823s] -- Symlinking: /home/lin/SX_RM_Navigation/Path_Navigation/install/small_gicp_relocalization/share/small_gicp_relocalization/cmake/ament_cmake_export_dependencies-extras.cmake
[25.829s] -- Symlinking: /home/lin/SX_RM_Navigation/Path_Navigation/install/small_gicp_relocalization/share/small_gicp_relocalization/cmake/ament_cmake_export_include_directories-extras.cmake
[25.834s] -- Symlinking: /home/lin/SX_RM_Navigation/Path_Navigation/install/small_gicp_relocalization/share/small_gicp_relocalization/cmake/ament_cmake_export_libraries-extras.cmake
[25.840s] -- Symlinking: /home/lin/SX_RM_Navigation/Path_Navigation/install/small_gicp_relocalization/share/small_gicp_relocalization/cmake/small_gicp_relocalizationConfig.cmake
[25.844s] -- Symlinking: /home/lin/SX_RM_Navigation/Path_Navigation/install/small_gicp_relocalization/share/small_gicp_relocalization/cmake/small_gicp_relocalizationConfig-version.cmake
[25.850s] -- Symlinking: /home/lin/SX_RM_Navigation/Path_Navigation/install/small_gicp_relocalization/share/small_gicp_relocalization/package.xml
[25.858s] Invoked command in '/home/lin/SX_RM_Navigation/Path_Navigation/build/small_gicp_relocalization' returned '0': CMAKE_PREFIX_PATH=/opt/ros/humble /usr/bin/cmake --install /home/lin/SX_RM_Navigation/Path_Navigation/build/small_gicp_relocalization
