[0.024s] Invoking command in '/home/lin/SX_RM_Navigation/Path_Navigation/build/path_tracking_controller': CMAKE_PREFIX_PATH=${CMAKE_PREFIX_PATH}:/opt/ros/humble /usr/bin/cmake --build /home/lin/SX_RM_Navigation/Path_Navigation/build/path_tracking_controller -- -j32 -l32
[0.071s] [100%] Built target path_tracking_controller
[0.080s] Invoked command in '/home/lin/SX_RM_Navigation/Path_Navigation/build/path_tracking_controller' returned '0': CMAKE_PREFIX_PATH=${CMAKE_PREFIX_PATH}:/opt/ros/humble /usr/bin/cmake --build /home/lin/SX_RM_Navigation/Path_Navigation/build/path_tracking_controller -- -j32 -l32
[0.089s] Invoking command in '/home/lin/SX_RM_Navigation/Path_Navigation/build/path_tracking_controller': CMAKE_PREFIX_PATH=${CMAKE_PREFIX_PATH}:/opt/ros/humble /usr/bin/cmake --install /home/lin/SX_RM_Navigation/Path_Navigation/build/path_tracking_controller
[0.093s] -- Install configuration: "Release"
[0.094s] -- Execute custom install script
[0.094s] -- Up-to-date symlink: /home/lin/SX_RM_Navigation/Path_Navigation/install/path_tracking_controller/share/path_tracking_controller//path_tracking_controller.xml
[0.096s] -- Up-to-date symlink: /home/lin/SX_RM_Navigation/Path_Navigation/install/path_tracking_controller/include/path_tracking_controller/path_tracking_controller.hpp
[0.096s] -- Up-to-date symlink: /home/lin/SX_RM_Navigation/Path_Navigation/install/path_tracking_controller/include/path_tracking_controller/pid.hpp
[0.097s] -- Up-to-date symlink: /home/lin/SX_RM_Navigation/Path_Navigation/install/path_tracking_controller/share/path_tracking_controller/environment/library_path.sh
[0.097s] -- Up-to-date symlink: /home/lin/SX_RM_Navigation/Path_Navigation/install/path_tracking_controller/share/path_tracking_controller/environment/library_path.dsv
[0.097s] -- Up-to-date symlink: /home/lin/SX_RM_Navigation/Path_Navigation/install/path_tracking_controller/lib/libpath_tracking_controller.so
[0.097s] -- Up-to-date symlink: /home/lin/SX_RM_Navigation/Path_Navigation/install/path_tracking_controller/share/ament_index/resource_index/package_run_dependencies/path_tracking_controller
[0.097s] -- Up-to-date symlink: /home/lin/SX_RM_Navigation/Path_Navigation/install/path_tracking_controller/share/ament_index/resource_index/parent_prefix_path/path_tracking_controller
[0.097s] -- Up-to-date symlink: /home/lin/SX_RM_Navigation/Path_Navigation/install/path_tracking_controller/share/path_tracking_controller/environment/ament_prefix_path.sh
[0.097s] -- Up-to-date symlink: /home/lin/SX_RM_Navigation/Path_Navigation/install/path_tracking_controller/share/path_tracking_controller/environment/ament_prefix_path.dsv
[0.097s] -- Up-to-date symlink: /home/lin/SX_RM_Navigation/Path_Navigation/install/path_tracking_controller/share/path_tracking_controller/environment/path.sh
[0.100s] -- Up-to-date symlink: /home/lin/SX_RM_Navigation/Path_Navigation/install/path_tracking_controller/share/path_tracking_controller/environment/path.dsv
[0.100s] -- Up-to-date symlink: /home/lin/SX_RM_Navigation/Path_Navigation/install/path_tracking_controller/share/path_tracking_controller/local_setup.bash
[0.100s] -- Up-to-date symlink: /home/lin/SX_RM_Navigation/Path_Navigation/install/path_tracking_controller/share/path_tracking_controller/local_setup.sh
[0.101s] -- Up-to-date symlink: /home/lin/SX_RM_Navigation/Path_Navigation/install/path_tracking_controller/share/path_tracking_controller/local_setup.zsh
[0.101s] -- Up-to-date symlink: /home/lin/SX_RM_Navigation/Path_Navigation/install/path_tracking_controller/share/path_tracking_controller/local_setup.dsv
[0.101s] -- Symlinking: /home/lin/SX_RM_Navigation/Path_Navigation/install/path_tracking_controller/share/path_tracking_controller/package.dsv
[0.107s] -- Up-to-date symlink: /home/lin/SX_RM_Navigation/Path_Navigation/install/path_tracking_controller/share/ament_index/resource_index/packages/path_tracking_controller
[0.108s] -- Up-to-date symlink: /home/lin/SX_RM_Navigation/Path_Navigation/install/path_tracking_controller/share/ament_index/resource_index/nav2_core__pluginlib__plugin/path_tracking_controller
[0.110s] -- Up-to-date symlink: /home/lin/SX_RM_Navigation/Path_Navigation/install/path_tracking_controller/share/path_tracking_controller/cmake/ament_cmake_export_dependencies-extras.cmake
[0.111s] -- Up-to-date symlink: /home/lin/SX_RM_Navigation/Path_Navigation/install/path_tracking_controller/share/path_tracking_controller/cmake/ament_cmake_export_include_directories-extras.cmake
[0.111s] -- Up-to-date symlink: /home/lin/SX_RM_Navigation/Path_Navigation/install/path_tracking_controller/share/path_tracking_controller/cmake/ament_cmake_export_libraries-extras.cmake
[0.112s] -- Up-to-date symlink: /home/lin/SX_RM_Navigation/Path_Navigation/install/path_tracking_controller/share/path_tracking_controller/cmake/path_tracking_controllerConfig.cmake
[0.113s] -- Up-to-date symlink: /home/lin/SX_RM_Navigation/Path_Navigation/install/path_tracking_controller/share/path_tracking_controller/cmake/path_tracking_controllerConfig-version.cmake
[0.113s] -- Up-to-date symlink: /home/lin/SX_RM_Navigation/Path_Navigation/install/path_tracking_controller/share/path_tracking_controller/package.xml
[0.121s] Invoked command in '/home/lin/SX_RM_Navigation/Path_Navigation/build/path_tracking_controller' returned '0': CMAKE_PREFIX_PATH=${CMAKE_PREFIX_PATH}:/opt/ros/humble /usr/bin/cmake --install /home/lin/SX_RM_Navigation/Path_Navigation/build/path_tracking_controller
