-- The C compiler identification is GNU 11.4.0
-- The CXX compiler identification is GNU 11.4.0
-- Detecting C compiler ABI info
-- Detecting C compiler ABI info - done
-- Check for working C compiler: /usr/bin/cc - skipped
-- Detecting C compile features
-- Detecting C compile features - done
-- Detecting CXX compiler ABI info
-- Detecting CXX compiler ABI info - done
-- Check for working CXX compiler: /usr/bin/c++ - skipped
-- Detecting CXX compile features
-- Detecting CXX compile features - done
-- Found ament_cmake: 1.3.13 (/opt/ros/humble/share/ament_cmake/cmake)
-- Found Python3: /usr/bin/python3 (found version "3.10.12") found components: Interpreter 
-- Override CMake install command with custom implementation using symlinks instead of copying resources
-- Found rclcpp: 16.0.18 (/opt/ros/humble/share/rclcpp/cmake)
-- Found rosidl_generator_c: 3.1.8 (/opt/ros/humble/share/rosidl_generator_c/cmake)
-- Found rosidl_adapter: 3.1.8 (/opt/ros/humble/share/rosidl_adapter/cmake)
-- Found rosidl_generator_cpp: 3.1.8 (/opt/ros/humble/share/rosidl_generator_cpp/cmake)
-- Using all available rosidl_typesupport_c: rosidl_typesupport_fastrtps_c;rosidl_typesupport_introspection_c
-- Using all available rosidl_typesupport_cpp: rosidl_typesupport_fastrtps_cpp;rosidl_typesupport_introspection_cpp
-- Found rmw_implementation_cmake: 6.1.2 (/opt/ros/humble/share/rmw_implementation_cmake/cmake)
-- Found rmw_fastrtps_cpp: 6.2.10 (/opt/ros/humble/share/rmw_fastrtps_cpp/cmake)
-- Found OpenSSL: /usr/lib/x86_64-linux-gnu/libcrypto.so (found version "3.0.2")  
-- Found FastRTPS: /opt/ros/humble/include  
-- Using RMW implementation 'rmw_fastrtps_cpp' as default
-- Looking for pthread.h
-- Looking for pthread.h - found
-- Performing Test CMAKE_HAVE_LIBC_PTHREAD
-- Performing Test CMAKE_HAVE_LIBC_PTHREAD - Success
-- Found Threads: TRUE  
-- Found tf2: 0.25.19 (/opt/ros/humble/share/tf2/cmake)
-- Found tf2_ros: 0.25.19 (/opt/ros/humble/share/tf2_ros/cmake)
-- Found tf2_geometry_msgs: 0.25.19 (/opt/ros/humble/share/tf2_geometry_msgs/cmake)
-- Found eigen3_cmake_module: 0.1.1 (/opt/ros/humble/share/eigen3_cmake_module/cmake)
-- Found Eigen3: TRUE (found version "3.4.0") 
-- Ensuring Eigen3 include directory is part of orocos-kdl CMake target
-- Found ament_lint_auto: 0.12.15 (/opt/ros/humble/share/ament_lint_auto/cmake)
WARNING: Package name "TF_transform" does not follow the naming conventions. It should start with a lower case letter and only contain lower case letters, digits, underscores, and dashes.
-- Configuring done
-- Generating done
-- Build files have been written to: /home/lin/SX_RM_Navigation/Path_Navigation/build/TF_transform
[ 50%] [32mBuilding CXX object CMakeFiles/TF_transform.dir/src/TF_transform.cpp.o[0m
In file included from [01m[K/home/lin/SX_RM_Navigation/Path_Navigation/src/TF_transform/src/TF_transform.cpp:8[m[K:
[01m[K/opt/ros/humble/include/tf2_geometry_msgs/tf2_geometry_msgs/tf2_geometry_msgs.h:35:2:[m[K [01;35m[Kwarning: [m[K#warning This header is obsolete, please include tf2_geometry_msgs/tf2_geometry_msgs.hpp instead [[01;35m[K]8;;https://gcc.gnu.org/onlinedocs/gcc/Warning-Options.html#index-Wcpp-Wcpp]8;;[m[K]
   35 | #[01;35m[Kwarning[m[K This header is obsolete, please include tf2_geometry_msgs/tf2_geometry_msgs.hpp instead
      |  [01;35m[K^~~~~~~[m[K
[100%] [32m[1mLinking CXX executable TF_transform[0m
[100%] Built target TF_transform
-- Install configuration: "Release"
-- Execute custom install script
-- Symlinking: /home/lin/SX_RM_Navigation/Path_Navigation/install/TF_transform/lib/TF_transform/TF_transform
-- Symlinking: /home/lin/SX_RM_Navigation/Path_Navigation/install/TF_transform/share/ament_index/resource_index/package_run_dependencies/TF_transform
-- Symlinking: /home/lin/SX_RM_Navigation/Path_Navigation/install/TF_transform/share/ament_index/resource_index/parent_prefix_path/TF_transform
-- Symlinking: /home/lin/SX_RM_Navigation/Path_Navigation/install/TF_transform/share/TF_transform/environment/ament_prefix_path.sh
-- Symlinking: /home/lin/SX_RM_Navigation/Path_Navigation/install/TF_transform/share/TF_transform/environment/ament_prefix_path.dsv
-- Symlinking: /home/lin/SX_RM_Navigation/Path_Navigation/install/TF_transform/share/TF_transform/environment/path.sh
-- Symlinking: /home/lin/SX_RM_Navigation/Path_Navigation/install/TF_transform/share/TF_transform/environment/path.dsv
-- Symlinking: /home/lin/SX_RM_Navigation/Path_Navigation/install/TF_transform/share/TF_transform/local_setup.bash
-- Symlinking: /home/lin/SX_RM_Navigation/Path_Navigation/install/TF_transform/share/TF_transform/local_setup.sh
-- Symlinking: /home/lin/SX_RM_Navigation/Path_Navigation/install/TF_transform/share/TF_transform/local_setup.zsh
-- Symlinking: /home/lin/SX_RM_Navigation/Path_Navigation/install/TF_transform/share/TF_transform/local_setup.dsv
-- Symlinking: /home/lin/SX_RM_Navigation/Path_Navigation/install/TF_transform/share/TF_transform/package.dsv
-- Symlinking: /home/lin/SX_RM_Navigation/Path_Navigation/install/TF_transform/share/ament_index/resource_index/packages/TF_transform
-- Symlinking: /home/lin/SX_RM_Navigation/Path_Navigation/install/TF_transform/share/TF_transform/cmake/TF_transformConfig.cmake
-- Symlinking: /home/lin/SX_RM_Navigation/Path_Navigation/install/TF_transform/share/TF_transform/cmake/TF_transformConfig-version.cmake
-- Symlinking: /home/lin/SX_RM_Navigation/Path_Navigation/install/TF_transform/share/TF_transform/package.xml
