[0.021s] Invoking command in '/home/lin/SX_RM_Navigation/Path_Navigation/build/TF_transform': CMAKE_PREFIX_PATH=${CMAKE_PREFIX_PATH}:/opt/ros/humble /usr/bin/cmake /home/lin/SX_RM_Navigation/Path_Navigation/src/TF_transform -DCMAKE_BUILD_TYPE=Release -DAMENT_CMAKE_SYMLINK_INSTALL=1 -DCMAKE_INSTALL_PREFIX=/home/lin/SX_RM_Navigation/Path_Navigation/install/TF_transform
[0.064s] -- The C compiler identification is GNU 11.4.0
[0.118s] -- The CXX compiler identification is GNU 11.4.0
[0.119s] -- Detecting C compiler ABI info
[0.170s] -- Detecting C compiler ABI info - done
[0.173s] -- Check for working C compiler: /usr/bin/cc - skipped
[0.174s] -- Detecting C compile features
[0.174s] -- Detecting C compile features - done
[0.175s] -- Detecting CXX compiler ABI info
[0.231s] -- Detecting CXX compiler ABI info - done
[0.235s] -- Check for working CXX compiler: /usr/bin/c++ - skipped
[0.236s] -- Detecting CXX compile features
[0.236s] -- Detecting CXX compile features - done
[0.237s] -- Found ament_cmake: 1.3.13 (/opt/ros/humble/share/ament_cmake/cmake)
[0.336s] -- Found Python3: /usr/bin/python3 (found version "3.10.12") found components: Interpreter 
[0.367s] -- Override CMake install command with custom implementation using symlinks instead of copying resources
[0.385s] -- Found rclcpp: 16.0.18 (/opt/ros/humble/share/rclcpp/cmake)
[0.410s] -- Found rosidl_generator_c: 3.1.8 (/opt/ros/humble/share/rosidl_generator_c/cmake)
[0.414s] -- Found rosidl_adapter: 3.1.8 (/opt/ros/humble/share/rosidl_adapter/cmake)
[0.419s] -- Found rosidl_generator_cpp: 3.1.8 (/opt/ros/humble/share/rosidl_generator_cpp/cmake)
[0.427s] -- Using all available rosidl_typesupport_c: rosidl_typesupport_fastrtps_c;rosidl_typesupport_introspection_c
[0.438s] -- Using all available rosidl_typesupport_cpp: rosidl_typesupport_fastrtps_cpp;rosidl_typesupport_introspection_cpp
[0.467s] -- Found rmw_implementation_cmake: 6.1.2 (/opt/ros/humble/share/rmw_implementation_cmake/cmake)
[0.469s] -- Found rmw_fastrtps_cpp: 6.2.10 (/opt/ros/humble/share/rmw_fastrtps_cpp/cmake)
[0.529s] -- Found OpenSSL: /usr/lib/x86_64-linux-gnu/libcrypto.so (found version "3.0.2")  
[0.548s] -- Found FastRTPS: /opt/ros/humble/include  
[0.575s] -- Using RMW implementation 'rmw_fastrtps_cpp' as default
[0.581s] -- Looking for pthread.h
[0.624s] -- Looking for pthread.h - found
[0.624s] -- Performing Test CMAKE_HAVE_LIBC_PTHREAD
[0.667s] -- Performing Test CMAKE_HAVE_LIBC_PTHREAD - Success
[0.668s] -- Found Threads: TRUE  
[0.695s] -- Found tf2: 0.25.19 (/opt/ros/humble/share/tf2/cmake)
[0.707s] -- Found tf2_ros: 0.25.19 (/opt/ros/humble/share/tf2_ros/cmake)
[0.752s] -- Found tf2_geometry_msgs: 0.25.19 (/opt/ros/humble/share/tf2_geometry_msgs/cmake)
[0.760s] -- Found eigen3_cmake_module: 0.1.1 (/opt/ros/humble/share/eigen3_cmake_module/cmake)
[0.761s] -- Found Eigen3: TRUE (found version "3.4.0") 
[0.761s] -- Ensuring Eigen3 include directory is part of orocos-kdl CMake target
[0.762s] -- Found ament_lint_auto: 0.12.15 (/opt/ros/humble/share/ament_lint_auto/cmake)
[0.792s] WARNING: Package name "TF_transform" does not follow the naming conventions. It should start with a lower case letter and only contain lower case letters, digits, underscores, and dashes.
[0.798s] -- Configuring done
[0.803s] -- Generating done
[0.804s] -- Build files have been written to: /home/lin/SX_RM_Navigation/Path_Navigation/build/TF_transform
[0.811s] Invoked command in '/home/lin/SX_RM_Navigation/Path_Navigation/build/TF_transform' returned '0': CMAKE_PREFIX_PATH=${CMAKE_PREFIX_PATH}:/opt/ros/humble /usr/bin/cmake /home/lin/SX_RM_Navigation/Path_Navigation/src/TF_transform -DCMAKE_BUILD_TYPE=Release -DAMENT_CMAKE_SYMLINK_INSTALL=1 -DCMAKE_INSTALL_PREFIX=/home/lin/SX_RM_Navigation/Path_Navigation/install/TF_transform
[0.811s] Invoking command in '/home/lin/SX_RM_Navigation/Path_Navigation/build/TF_transform': CMAKE_PREFIX_PATH=${CMAKE_PREFIX_PATH}:/opt/ros/humble /usr/bin/cmake --build /home/lin/SX_RM_Navigation/Path_Navigation/build/TF_transform -- -j32 -l32
[0.844s] [ 50%] [32mBuilding CXX object CMakeFiles/TF_transform.dir/src/TF_transform.cpp.o[0m
[0.939s] In file included from [01m[K/home/lin/SX_RM_Navigation/Path_Navigation/src/TF_transform/src/TF_transform.cpp:8[m[K:
[0.940s] [01m[K/opt/ros/humble/include/tf2_geometry_msgs/tf2_geometry_msgs/tf2_geometry_msgs.h:35:2:[m[K [01;35m[Kwarning: [m[K#warning This header is obsolete, please include tf2_geometry_msgs/tf2_geometry_msgs.hpp instead [[01;35m[K]8;;https://gcc.gnu.org/onlinedocs/gcc/Warning-Options.html#index-Wcpp-Wcpp]8;;[m[K]
[0.940s]    35 | #[01;35m[Kwarning[m[K This header is obsolete, please include tf2_geometry_msgs/tf2_geometry_msgs.hpp instead
[0.940s]       |  [01;35m[K^~~~~~~[m[K
[3.024s] [100%] [32m[1mLinking CXX executable TF_transform[0m
[3.091s] [100%] Built target TF_transform
[3.099s] Invoked command in '/home/lin/SX_RM_Navigation/Path_Navigation/build/TF_transform' returned '0': CMAKE_PREFIX_PATH=${CMAKE_PREFIX_PATH}:/opt/ros/humble /usr/bin/cmake --build /home/lin/SX_RM_Navigation/Path_Navigation/build/TF_transform -- -j32 -l32
[3.100s] Invoking command in '/home/lin/SX_RM_Navigation/Path_Navigation/build/TF_transform': CMAKE_PREFIX_PATH=${CMAKE_PREFIX_PATH}:/opt/ros/humble /usr/bin/cmake --install /home/lin/SX_RM_Navigation/Path_Navigation/build/TF_transform
[3.105s] -- Install configuration: "Release"
[3.106s] -- Execute custom install script
[3.106s] -- Symlinking: /home/lin/SX_RM_Navigation/Path_Navigation/install/TF_transform/lib/TF_transform/TF_transform
[3.115s] -- Symlinking: /home/lin/SX_RM_Navigation/Path_Navigation/install/TF_transform/share/ament_index/resource_index/package_run_dependencies/TF_transform
[3.123s] -- Symlinking: /home/lin/SX_RM_Navigation/Path_Navigation/install/TF_transform/share/ament_index/resource_index/parent_prefix_path/TF_transform
[3.131s] -- Symlinking: /home/lin/SX_RM_Navigation/Path_Navigation/install/TF_transform/share/TF_transform/environment/ament_prefix_path.sh
[3.140s] -- Symlinking: /home/lin/SX_RM_Navigation/Path_Navigation/install/TF_transform/share/TF_transform/environment/ament_prefix_path.dsv
[3.148s] -- Symlinking: /home/lin/SX_RM_Navigation/Path_Navigation/install/TF_transform/share/TF_transform/environment/path.sh
[3.156s] -- Symlinking: /home/lin/SX_RM_Navigation/Path_Navigation/install/TF_transform/share/TF_transform/environment/path.dsv
[3.166s] -- Symlinking: /home/lin/SX_RM_Navigation/Path_Navigation/install/TF_transform/share/TF_transform/local_setup.bash
[3.173s] -- Symlinking: /home/lin/SX_RM_Navigation/Path_Navigation/install/TF_transform/share/TF_transform/local_setup.sh
[3.181s] -- Symlinking: /home/lin/SX_RM_Navigation/Path_Navigation/install/TF_transform/share/TF_transform/local_setup.zsh
[3.190s] -- Symlinking: /home/lin/SX_RM_Navigation/Path_Navigation/install/TF_transform/share/TF_transform/local_setup.dsv
[3.198s] -- Symlinking: /home/lin/SX_RM_Navigation/Path_Navigation/install/TF_transform/share/TF_transform/package.dsv
[3.206s] -- Symlinking: /home/lin/SX_RM_Navigation/Path_Navigation/install/TF_transform/share/ament_index/resource_index/packages/TF_transform
[3.215s] -- Symlinking: /home/lin/SX_RM_Navigation/Path_Navigation/install/TF_transform/share/TF_transform/cmake/TF_transformConfig.cmake
[3.223s] -- Symlinking: /home/lin/SX_RM_Navigation/Path_Navigation/install/TF_transform/share/TF_transform/cmake/TF_transformConfig-version.cmake
[3.230s] -- Symlinking: /home/lin/SX_RM_Navigation/Path_Navigation/install/TF_transform/share/TF_transform/package.xml
[3.242s] Invoked command in '/home/lin/SX_RM_Navigation/Path_Navigation/build/TF_transform' returned '0': CMAKE_PREFIX_PATH=${CMAKE_PREFIX_PATH}:/opt/ros/humble /usr/bin/cmake --install /home/lin/SX_RM_Navigation/Path_Navigation/build/TF_transform
