[0.021s] Invoking command in '/home/lin/SX_RM_Navigation/Path_Navigation/build/pointcloud_to_laserscan': CMAKE_PREFIX_PATH=/opt/ros/humble /usr/bin/cmake /home/lin/SX_RM_Navigation/Path_Navigation/src/pointcloud_to_laserscan -DCMAKE_BUILD_TYPE=Release -DAMENT_CMAKE_SYMLINK_INSTALL=1 -DCMAKE_INSTALL_PREFIX=/home/lin/SX_RM_Navigation/Path_Navigation/install/pointcloud_to_laserscan
[0.101s] -- The C compiler identification is GNU 11.4.0
[0.174s] -- The CXX compiler identification is GNU 11.4.0
[0.182s] -- Detecting C compiler ABI info
[0.232s] -- Detecting C compiler ABI info - done
[0.241s] -- Check for working C compiler: /usr/bin/cc - skipped
[0.241s] -- Detecting C compile features
[0.241s] -- Detecting C compile features - done
[0.244s] -- Detecting CXX compiler ABI info
[0.305s] -- Detecting CXX compiler ABI info - done
[0.309s] -- Check for working CXX compiler: /usr/bin/c++ - skipped
[0.309s] -- Detecting CXX compile features
[0.309s] -- Detecting CXX compile features - done
[0.310s] -- Found ament_cmake_auto: 1.3.13 (/opt/ros/humble/share/ament_cmake_auto/cmake)
[0.415s] -- Found Python3: /usr/bin/python3 (found version "3.10.12") found components: Interpreter 
[0.460s] -- Override CMake install command with custom implementation using symlinks instead of copying resources
[0.567s] -- Found rosidl_generator_c: 3.1.8 (/opt/ros/humble/share/rosidl_generator_c/cmake)
[0.569s] -- Found rosidl_adapter: 3.1.8 (/opt/ros/humble/share/rosidl_adapter/cmake)
[0.573s] -- Found rosidl_generator_cpp: 3.1.8 (/opt/ros/humble/share/rosidl_generator_cpp/cmake)
[0.580s] -- Using all available rosidl_typesupport_c: rosidl_typesupport_fastrtps_c;rosidl_typesupport_introspection_c
[0.589s] -- Using all available rosidl_typesupport_cpp: rosidl_typesupport_fastrtps_cpp;rosidl_typesupport_introspection_cpp
[0.612s] -- Found rmw_implementation_cmake: 6.1.2 (/opt/ros/humble/share/rmw_implementation_cmake/cmake)
[0.613s] -- Found rmw_fastrtps_cpp: 6.2.10 (/opt/ros/humble/share/rmw_fastrtps_cpp/cmake)
[0.666s] -- Found OpenSSL: /usr/lib/x86_64-linux-gnu/libcrypto.so (found version "3.0.2")  
[0.687s] -- Found FastRTPS: /opt/ros/humble/include  
[0.724s] -- Using RMW implementation 'rmw_fastrtps_cpp' as default
[0.729s] -- Looking for pthread.h
[0.775s] -- Looking for pthread.h - found
[0.775s] -- Performing Test CMAKE_HAVE_LIBC_PTHREAD
[0.821s] -- Performing Test CMAKE_HAVE_LIBC_PTHREAD - Success
[0.822s] -- Found Threads: TRUE  
[1.006s] -- Found ament_lint_auto: 0.12.15 (/opt/ros/humble/share/ament_lint_auto/cmake)
[1.021s] [0mIn this package, headers install destination is set to `include` by ament_auto_package. It is recommended to install `include/pointcloud_to_laserscan` instead and will be the default behavior of ament_auto_package from ROS 2 Kilted Kaiju. On distributions before Kilted, ament_auto_package behaves the same way when you use USE_SCOPED_HEADER_INSTALL_DIR option.[0m
[1.025s] -- Added test 'cppcheck' to perform static code analysis on C / C++ code
[1.025s] -- Configured cppcheck include dirs: /home/lin/SX_RM_Navigation/Path_Navigation/src/pointcloud_to_laserscan/include
[1.025s] -- Configured cppcheck exclude dirs and/or files: 
[1.026s] -- Added test 'cpplint' to check C / C++ code against the Google style
[1.026s] -- Configured cpplint exclude dirs and/or files: 
[1.026s] -- Added test 'flake8' to check Python code syntax and style conventions
[1.027s] -- Added test 'lint_cmake' to check CMake code style
[1.027s] -- Added test 'pep257' to check Python code against some of the docstring style conventions in PEP 257
[1.028s] -- Added test 'uncrustify' to check C / C++ code style
[1.028s] -- Configured uncrustify additional arguments: 
[1.028s] -- Added test 'xmllint' to check XML markup files
[1.030s] -- Configuring done
[1.061s] -- Generating done
[1.067s] -- Build files have been written to: /home/lin/SX_RM_Navigation/Path_Navigation/build/pointcloud_to_laserscan
[1.074s] Invoked command in '/home/lin/SX_RM_Navigation/Path_Navigation/build/pointcloud_to_laserscan' returned '0': CMAKE_PREFIX_PATH=/opt/ros/humble /usr/bin/cmake /home/lin/SX_RM_Navigation/Path_Navigation/src/pointcloud_to_laserscan -DCMAKE_BUILD_TYPE=Release -DAMENT_CMAKE_SYMLINK_INSTALL=1 -DCMAKE_INSTALL_PREFIX=/home/lin/SX_RM_Navigation/Path_Navigation/install/pointcloud_to_laserscan
[1.075s] Invoking command in '/home/lin/SX_RM_Navigation/Path_Navigation/build/pointcloud_to_laserscan': CMAKE_PREFIX_PATH=/opt/ros/humble /usr/bin/cmake --build /home/lin/SX_RM_Navigation/Path_Navigation/build/pointcloud_to_laserscan -- -j32 -l32
[1.107s] [ 10%] [32mBuilding CXX object CMakeFiles/pointcloud_to_laserscan_node.dir/rclcpp_components/node_main_pointcloud_to_laserscan_node.cpp.o[0m
[1.109s] [ 20%] [32mBuilding CXX object CMakeFiles/laserscan_to_pointcloud.dir/src/laserscan_to_pointcloud_node.cpp.o[0m
[1.111s] [ 30%] [32mBuilding CXX object CMakeFiles/laserscan_to_pointcloud_node.dir/rclcpp_components/node_main_laserscan_to_pointcloud_node.cpp.o[0m
[5.104s] [ 40%] [32m[1mLinking CXX executable pointcloud_to_laserscan_node[0m
[5.238s] [ 40%] Built target pointcloud_to_laserscan_node
[5.361s] [ 50%] [32m[1mLinking CXX executable laserscan_to_pointcloud_node[0m
[5.497s] [ 50%] Built target laserscan_to_pointcloud_node
[13.972s] [ 60%] [32m[1mLinking CXX shared library liblaserscan_to_pointcloud.so[0m
[14.095s] [ 60%] Built target laserscan_to_pointcloud
[14.112s] [ 70%] [32mBuilding CXX object CMakeFiles/pointcloud_to_laserscan.dir/src/pointcloud_to_laserscan_node.cpp.o[0m
[23.451s] [ 80%] [32m[1mLinking CXX shared library libpointcloud_to_laserscan.so[0m
[23.565s] [ 80%] Built target pointcloud_to_laserscan
[23.582s] [ 90%] [32mBuilding CXX object CMakeFiles/dummy_pointcloud_publisher.dir/src/dummy_pointcloud_publisher.cpp.o[0m
[26.363s] [100%] [32m[1mLinking CXX executable dummy_pointcloud_publisher[0m
[26.443s] [100%] Built target dummy_pointcloud_publisher
[26.466s] Invoked command in '/home/lin/SX_RM_Navigation/Path_Navigation/build/pointcloud_to_laserscan' returned '0': CMAKE_PREFIX_PATH=/opt/ros/humble /usr/bin/cmake --build /home/lin/SX_RM_Navigation/Path_Navigation/build/pointcloud_to_laserscan -- -j32 -l32
[26.466s] Invoking command in '/home/lin/SX_RM_Navigation/Path_Navigation/build/pointcloud_to_laserscan': CMAKE_PREFIX_PATH=/opt/ros/humble /usr/bin/cmake --install /home/lin/SX_RM_Navigation/Path_Navigation/build/pointcloud_to_laserscan
[26.471s] -- Install configuration: "Release"
[26.471s] -- Execute custom install script
[26.471s] -- Symlinking: /home/lin/SX_RM_Navigation/Path_Navigation/install/pointcloud_to_laserscan/lib/pointcloud_to_laserscan/laserscan_to_pointcloud_node
[26.477s] -- Symlinking: /home/lin/SX_RM_Navigation/Path_Navigation/install/pointcloud_to_laserscan/lib/pointcloud_to_laserscan/pointcloud_to_laserscan_node
[26.484s] -- Symlinking: /home/lin/SX_RM_Navigation/Path_Navigation/install/pointcloud_to_laserscan/include/pointcloud_to_laserscan/laserscan_to_pointcloud_node.hpp
[26.489s] -- Symlinking: /home/lin/SX_RM_Navigation/Path_Navigation/install/pointcloud_to_laserscan/include/pointcloud_to_laserscan/pointcloud_to_laserscan_node.hpp
[26.495s] -- Symlinking: /home/lin/SX_RM_Navigation/Path_Navigation/install/pointcloud_to_laserscan/include/pointcloud_to_laserscan/visibility_control.h
[26.501s] -- Symlinking: /home/lin/SX_RM_Navigation/Path_Navigation/install/pointcloud_to_laserscan/share/pointcloud_to_laserscan/environment/library_path.sh
[26.507s] -- Symlinking: /home/lin/SX_RM_Navigation/Path_Navigation/install/pointcloud_to_laserscan/share/pointcloud_to_laserscan/environment/library_path.dsv
[26.512s] -- Symlinking: /home/lin/SX_RM_Navigation/Path_Navigation/install/pointcloud_to_laserscan/lib/liblaserscan_to_pointcloud.so
[26.517s] -- Symlinking: /home/lin/SX_RM_Navigation/Path_Navigation/install/pointcloud_to_laserscan/lib/libpointcloud_to_laserscan.so
[26.524s] -- Symlinking: /home/lin/SX_RM_Navigation/Path_Navigation/install/pointcloud_to_laserscan/lib/pointcloud_to_laserscan/dummy_pointcloud_publisher
[26.529s] -- Symlinking: /home/lin/SX_RM_Navigation/Path_Navigation/install/pointcloud_to_laserscan/share/pointcloud_to_laserscan/launch/sample_laserscan_to_pointcloud_launch.py
[26.534s] -- Symlinking: /home/lin/SX_RM_Navigation/Path_Navigation/install/pointcloud_to_laserscan/share/pointcloud_to_laserscan/launch/sample_pointcloud_to_laserscan_launch.py
[26.539s] -- Symlinking: /home/lin/SX_RM_Navigation/Path_Navigation/install/pointcloud_to_laserscan/share/ament_index/resource_index/package_run_dependencies/pointcloud_to_laserscan
[26.543s] -- Symlinking: /home/lin/SX_RM_Navigation/Path_Navigation/install/pointcloud_to_laserscan/share/ament_index/resource_index/parent_prefix_path/pointcloud_to_laserscan
[26.549s] -- Symlinking: /home/lin/SX_RM_Navigation/Path_Navigation/install/pointcloud_to_laserscan/share/pointcloud_to_laserscan/environment/ament_prefix_path.sh
[26.555s] -- Symlinking: /home/lin/SX_RM_Navigation/Path_Navigation/install/pointcloud_to_laserscan/share/pointcloud_to_laserscan/environment/ament_prefix_path.dsv
[26.560s] -- Symlinking: /home/lin/SX_RM_Navigation/Path_Navigation/install/pointcloud_to_laserscan/share/pointcloud_to_laserscan/environment/path.sh
[26.565s] -- Symlinking: /home/lin/SX_RM_Navigation/Path_Navigation/install/pointcloud_to_laserscan/share/pointcloud_to_laserscan/environment/path.dsv
[26.571s] -- Symlinking: /home/lin/SX_RM_Navigation/Path_Navigation/install/pointcloud_to_laserscan/share/pointcloud_to_laserscan/local_setup.bash
[26.575s] -- Symlinking: /home/lin/SX_RM_Navigation/Path_Navigation/install/pointcloud_to_laserscan/share/pointcloud_to_laserscan/local_setup.sh
[26.581s] -- Symlinking: /home/lin/SX_RM_Navigation/Path_Navigation/install/pointcloud_to_laserscan/share/pointcloud_to_laserscan/local_setup.zsh
[26.587s] -- Symlinking: /home/lin/SX_RM_Navigation/Path_Navigation/install/pointcloud_to_laserscan/share/pointcloud_to_laserscan/local_setup.dsv
[26.593s] -- Symlinking: /home/lin/SX_RM_Navigation/Path_Navigation/install/pointcloud_to_laserscan/share/pointcloud_to_laserscan/package.dsv
[26.598s] -- Symlinking: /home/lin/SX_RM_Navigation/Path_Navigation/install/pointcloud_to_laserscan/share/ament_index/resource_index/packages/pointcloud_to_laserscan
[26.604s] -- Symlinking: /home/lin/SX_RM_Navigation/Path_Navigation/install/pointcloud_to_laserscan/share/ament_index/resource_index/rclcpp_components/pointcloud_to_laserscan
[26.610s] -- Symlinking: /home/lin/SX_RM_Navigation/Path_Navigation/install/pointcloud_to_laserscan/share/pointcloud_to_laserscan/cmake/ament_cmake_export_dependencies-extras.cmake
[26.616s] -- Symlinking: /home/lin/SX_RM_Navigation/Path_Navigation/install/pointcloud_to_laserscan/share/pointcloud_to_laserscan/cmake/ament_cmake_export_include_directories-extras.cmake
[26.622s] -- Symlinking: /home/lin/SX_RM_Navigation/Path_Navigation/install/pointcloud_to_laserscan/share/pointcloud_to_laserscan/cmake/ament_cmake_export_libraries-extras.cmake
[26.628s] -- Symlinking: /home/lin/SX_RM_Navigation/Path_Navigation/install/pointcloud_to_laserscan/share/pointcloud_to_laserscan/cmake/pointcloud_to_laserscanConfig.cmake
[26.634s] -- Symlinking: /home/lin/SX_RM_Navigation/Path_Navigation/install/pointcloud_to_laserscan/share/pointcloud_to_laserscan/cmake/pointcloud_to_laserscanConfig-version.cmake
[26.638s] -- Symlinking: /home/lin/SX_RM_Navigation/Path_Navigation/install/pointcloud_to_laserscan/share/pointcloud_to_laserscan/package.xml
[26.646s] Invoked command in '/home/lin/SX_RM_Navigation/Path_Navigation/build/pointcloud_to_laserscan' returned '0': CMAKE_PREFIX_PATH=/opt/ros/humble /usr/bin/cmake --install /home/lin/SX_RM_Navigation/Path_Navigation/build/pointcloud_to_laserscan
