[0.020s] Invoking command in '/home/lin/SX_RM_Navigation/Path_Navigation/build/nav_bringup': AMENT_PREFIX_PATH=/home/lin/SX_RM_Navigation/Path_Navigation/install/point_lio:/home/lin/SX_RM_Navigation/Path_Navigation/install/terrain_analysis_ext:/home/lin/SX_RM_Navigation/Path_Navigation/install/terrain_analysis:/home/lin/SX_RM_Navigation/Path_Navigation/install/small_gicp_relocalization:/home/lin/SX_RM_Navigation/Path_Navigation/install/pointcloud_to_laserscan:/home/lin/SX_RM_Navigation/Path_Navigation/install/path_tracking_controller:/home/lin/SX_RM_Navigation/Path_Navigation/install/livox_ros_driver2:${AMENT_PREFIX_PATH} CMAKE_PREFIX_PATH=/home/lin/SX_RM_Navigation/Path_Navigation/install/point_lio:/home/lin/SX_RM_Navigation/Path_Navigation/install/terrain_analysis_ext:/home/lin/SX_RM_Navigation/Path_Navigation/install/terrain_analysis:/home/lin/SX_RM_Navigation/Path_Navigation/install/small_gicp_relocalization:/home/lin/SX_RM_Navigation/Path_Navigation/install/pointcloud_to_laserscan:/home/lin/SX_RM_Navigation/Path_Navigation/install/path_tracking_controller:/home/lin/SX_RM_Navigation/Path_Navigation/install/livox_ros_driver2:/opt/ros/humble LD_LIBRARY_PATH=/home/lin/SX_RM_Navigation/Path_Navigation/install/small_gicp_relocalization/lib:/home/lin/SX_RM_Navigation/Path_Navigation/install/pointcloud_to_laserscan/lib:/home/lin/SX_RM_Navigation/Path_Navigation/install/path_tracking_controller/lib:/home/lin/SX_RM_Navigation/Path_Navigation/install/livox_ros_driver2/lib:${LD_LIBRARY_PATH} PYTHONPATH=/home/lin/SX_RM_Navigation/Path_Navigation/install/livox_ros_driver2/local/lib/python3.10/dist-packages:${PYTHONPATH} /usr/bin/cmake /home/lin/SX_RM_Navigation/Path_Navigation/src/nav_bringup -DCMAKE_BUILD_TYPE=Release -DAMENT_CMAKE_SYMLINK_INSTALL=1 -DCMAKE_INSTALL_PREFIX=/home/lin/SX_RM_Navigation/Path_Navigation/install/nav_bringup
[0.074s] -- The C compiler identification is GNU 11.4.0
[0.126s] -- The CXX compiler identification is GNU 11.4.0
[0.132s] -- Detecting C compiler ABI info
[0.204s] -- Detecting C compiler ABI info - done
[0.212s] -- Check for working C compiler: /usr/bin/cc - skipped
[0.212s] -- Detecting C compile features
[0.212s] -- Detecting C compile features - done
[0.215s] -- Detecting CXX compiler ABI info
[0.289s] -- Detecting CXX compiler ABI info - done
[0.293s] -- Check for working CXX compiler: /usr/bin/c++ - skipped
[0.294s] -- Detecting CXX compile features
[0.294s] -- Detecting CXX compile features - done
[0.296s] -- Found ament_cmake_auto: 1.3.13 (/opt/ros/humble/share/ament_cmake_auto/cmake)
[0.421s] -- Found Python3: /usr/bin/python3 (found version "3.10.12") found components: Interpreter 
[0.455s] -- Override CMake install command with custom implementation using symlinks instead of copying resources
[0.479s] -- Found ament_lint_auto: 0.12.15 (/opt/ros/humble/share/ament_lint_auto/cmake)
[0.542s] -- Added test 'copyright' to check source files copyright and LICENSE
[0.546s] -- Added test 'lint_cmake' to check CMake code style
[0.546s] -- Added test 'pep257' to check Python code against some of the docstring style conventions in PEP 257
[0.547s] -- Added test 'xmllint' to check XML markup files
[0.548s] -- Added test 'black' to check Python code style
[0.548s] -- Configuring done
[0.550s] -- Generating done
[0.550s] -- Build files have been written to: /home/lin/SX_RM_Navigation/Path_Navigation/build/nav_bringup
[0.552s] Invoked command in '/home/lin/SX_RM_Navigation/Path_Navigation/build/nav_bringup' returned '0': AMENT_PREFIX_PATH=/home/lin/SX_RM_Navigation/Path_Navigation/install/point_lio:/home/lin/SX_RM_Navigation/Path_Navigation/install/terrain_analysis_ext:/home/lin/SX_RM_Navigation/Path_Navigation/install/terrain_analysis:/home/lin/SX_RM_Navigation/Path_Navigation/install/small_gicp_relocalization:/home/lin/SX_RM_Navigation/Path_Navigation/install/pointcloud_to_laserscan:/home/lin/SX_RM_Navigation/Path_Navigation/install/path_tracking_controller:/home/lin/SX_RM_Navigation/Path_Navigation/install/livox_ros_driver2:${AMENT_PREFIX_PATH} CMAKE_PREFIX_PATH=/home/lin/SX_RM_Navigation/Path_Navigation/install/point_lio:/home/lin/SX_RM_Navigation/Path_Navigation/install/terrain_analysis_ext:/home/lin/SX_RM_Navigation/Path_Navigation/install/terrain_analysis:/home/lin/SX_RM_Navigation/Path_Navigation/install/small_gicp_relocalization:/home/lin/SX_RM_Navigation/Path_Navigation/install/pointcloud_to_laserscan:/home/lin/SX_RM_Navigation/Path_Navigation/install/path_tracking_controller:/home/lin/SX_RM_Navigation/Path_Navigation/install/livox_ros_driver2:/opt/ros/humble LD_LIBRARY_PATH=/home/lin/SX_RM_Navigation/Path_Navigation/install/small_gicp_relocalization/lib:/home/lin/SX_RM_Navigation/Path_Navigation/install/pointcloud_to_laserscan/lib:/home/lin/SX_RM_Navigation/Path_Navigation/install/path_tracking_controller/lib:/home/lin/SX_RM_Navigation/Path_Navigation/install/livox_ros_driver2/lib:${LD_LIBRARY_PATH} PYTHONPATH=/home/lin/SX_RM_Navigation/Path_Navigation/install/livox_ros_driver2/local/lib/python3.10/dist-packages:${PYTHONPATH} /usr/bin/cmake /home/lin/SX_RM_Navigation/Path_Navigation/src/nav_bringup -DCMAKE_BUILD_TYPE=Release -DAMENT_CMAKE_SYMLINK_INSTALL=1 -DCMAKE_INSTALL_PREFIX=/home/lin/SX_RM_Navigation/Path_Navigation/install/nav_bringup
[0.553s] Invoking command in '/home/lin/SX_RM_Navigation/Path_Navigation/build/nav_bringup': AMENT_PREFIX_PATH=/home/lin/SX_RM_Navigation/Path_Navigation/install/point_lio:/home/lin/SX_RM_Navigation/Path_Navigation/install/terrain_analysis_ext:/home/lin/SX_RM_Navigation/Path_Navigation/install/terrain_analysis:/home/lin/SX_RM_Navigation/Path_Navigation/install/small_gicp_relocalization:/home/lin/SX_RM_Navigation/Path_Navigation/install/pointcloud_to_laserscan:/home/lin/SX_RM_Navigation/Path_Navigation/install/path_tracking_controller:/home/lin/SX_RM_Navigation/Path_Navigation/install/livox_ros_driver2:${AMENT_PREFIX_PATH} CMAKE_PREFIX_PATH=/home/lin/SX_RM_Navigation/Path_Navigation/install/point_lio:/home/lin/SX_RM_Navigation/Path_Navigation/install/terrain_analysis_ext:/home/lin/SX_RM_Navigation/Path_Navigation/install/terrain_analysis:/home/lin/SX_RM_Navigation/Path_Navigation/install/small_gicp_relocalization:/home/lin/SX_RM_Navigation/Path_Navigation/install/pointcloud_to_laserscan:/home/lin/SX_RM_Navigation/Path_Navigation/install/path_tracking_controller:/home/lin/SX_RM_Navigation/Path_Navigation/install/livox_ros_driver2:/opt/ros/humble LD_LIBRARY_PATH=/home/lin/SX_RM_Navigation/Path_Navigation/install/small_gicp_relocalization/lib:/home/lin/SX_RM_Navigation/Path_Navigation/install/pointcloud_to_laserscan/lib:/home/lin/SX_RM_Navigation/Path_Navigation/install/path_tracking_controller/lib:/home/lin/SX_RM_Navigation/Path_Navigation/install/livox_ros_driver2/lib:${LD_LIBRARY_PATH} PYTHONPATH=/home/lin/SX_RM_Navigation/Path_Navigation/install/livox_ros_driver2/local/lib/python3.10/dist-packages:${PYTHONPATH} /usr/bin/cmake --build /home/lin/SX_RM_Navigation/Path_Navigation/build/nav_bringup -- -j32 -l32
[0.583s] Invoked command in '/home/lin/SX_RM_Navigation/Path_Navigation/build/nav_bringup' returned '0': AMENT_PREFIX_PATH=/home/lin/SX_RM_Navigation/Path_Navigation/install/point_lio:/home/lin/SX_RM_Navigation/Path_Navigation/install/terrain_analysis_ext:/home/lin/SX_RM_Navigation/Path_Navigation/install/terrain_analysis:/home/lin/SX_RM_Navigation/Path_Navigation/install/small_gicp_relocalization:/home/lin/SX_RM_Navigation/Path_Navigation/install/pointcloud_to_laserscan:/home/lin/SX_RM_Navigation/Path_Navigation/install/path_tracking_controller:/home/lin/SX_RM_Navigation/Path_Navigation/install/livox_ros_driver2:${AMENT_PREFIX_PATH} CMAKE_PREFIX_PATH=/home/lin/SX_RM_Navigation/Path_Navigation/install/point_lio:/home/lin/SX_RM_Navigation/Path_Navigation/install/terrain_analysis_ext:/home/lin/SX_RM_Navigation/Path_Navigation/install/terrain_analysis:/home/lin/SX_RM_Navigation/Path_Navigation/install/small_gicp_relocalization:/home/lin/SX_RM_Navigation/Path_Navigation/install/pointcloud_to_laserscan:/home/lin/SX_RM_Navigation/Path_Navigation/install/path_tracking_controller:/home/lin/SX_RM_Navigation/Path_Navigation/install/livox_ros_driver2:/opt/ros/humble LD_LIBRARY_PATH=/home/lin/SX_RM_Navigation/Path_Navigation/install/small_gicp_relocalization/lib:/home/lin/SX_RM_Navigation/Path_Navigation/install/pointcloud_to_laserscan/lib:/home/lin/SX_RM_Navigation/Path_Navigation/install/path_tracking_controller/lib:/home/lin/SX_RM_Navigation/Path_Navigation/install/livox_ros_driver2/lib:${LD_LIBRARY_PATH} PYTHONPATH=/home/lin/SX_RM_Navigation/Path_Navigation/install/livox_ros_driver2/local/lib/python3.10/dist-packages:${PYTHONPATH} /usr/bin/cmake --build /home/lin/SX_RM_Navigation/Path_Navigation/build/nav_bringup -- -j32 -l32
[0.585s] Invoking command in '/home/lin/SX_RM_Navigation/Path_Navigation/build/nav_bringup': AMENT_PREFIX_PATH=/home/lin/SX_RM_Navigation/Path_Navigation/install/point_lio:/home/lin/SX_RM_Navigation/Path_Navigation/install/terrain_analysis_ext:/home/lin/SX_RM_Navigation/Path_Navigation/install/terrain_analysis:/home/lin/SX_RM_Navigation/Path_Navigation/install/small_gicp_relocalization:/home/lin/SX_RM_Navigation/Path_Navigation/install/pointcloud_to_laserscan:/home/lin/SX_RM_Navigation/Path_Navigation/install/path_tracking_controller:/home/lin/SX_RM_Navigation/Path_Navigation/install/livox_ros_driver2:${AMENT_PREFIX_PATH} CMAKE_PREFIX_PATH=/home/lin/SX_RM_Navigation/Path_Navigation/install/point_lio:/home/lin/SX_RM_Navigation/Path_Navigation/install/terrain_analysis_ext:/home/lin/SX_RM_Navigation/Path_Navigation/install/terrain_analysis:/home/lin/SX_RM_Navigation/Path_Navigation/install/small_gicp_relocalization:/home/lin/SX_RM_Navigation/Path_Navigation/install/pointcloud_to_laserscan:/home/lin/SX_RM_Navigation/Path_Navigation/install/path_tracking_controller:/home/lin/SX_RM_Navigation/Path_Navigation/install/livox_ros_driver2:/opt/ros/humble LD_LIBRARY_PATH=/home/lin/SX_RM_Navigation/Path_Navigation/install/small_gicp_relocalization/lib:/home/lin/SX_RM_Navigation/Path_Navigation/install/pointcloud_to_laserscan/lib:/home/lin/SX_RM_Navigation/Path_Navigation/install/path_tracking_controller/lib:/home/lin/SX_RM_Navigation/Path_Navigation/install/livox_ros_driver2/lib:${LD_LIBRARY_PATH} PYTHONPATH=/home/lin/SX_RM_Navigation/Path_Navigation/install/livox_ros_driver2/local/lib/python3.10/dist-packages:${PYTHONPATH} /usr/bin/cmake --install /home/lin/SX_RM_Navigation/Path_Navigation/build/nav_bringup
[0.593s] -- Install configuration: "Release"
[0.593s] -- Execute custom install script
[0.594s] -- Symlinking: /home/lin/SX_RM_Navigation/Path_Navigation/install/nav_bringup/share/nav_bringup/launch/bringup_launch.py
[0.601s] -- Symlinking: /home/lin/SX_RM_Navigation/Path_Navigation/install/nav_bringup/share/nav_bringup/launch/localization_launch.py
[0.610s] -- Symlinking: /home/lin/SX_RM_Navigation/Path_Navigation/install/nav_bringup/share/nav_bringup/launch/navigation_launch.py
[0.618s] -- Symlinking: /home/lin/SX_RM_Navigation/Path_Navigation/install/nav_bringup/share/nav_bringup/launch/rm_multi_navigation_simulation_launch.py
[0.626s] -- Symlinking: /home/lin/SX_RM_Navigation/Path_Navigation/install/nav_bringup/share/nav_bringup/launch/rm_navigation_reality_launch.py
[0.634s] -- Symlinking: /home/lin/SX_RM_Navigation/Path_Navigation/install/nav_bringup/share/nav_bringup/launch/rm_navigation_simulation_launch.py
[0.643s] -- Symlinking: /home/lin/SX_RM_Navigation/Path_Navigation/install/nav_bringup/share/nav_bringup/launch/robot_state_publisher_launch.py
[0.648s] -- Symlinking: /home/lin/SX_RM_Navigation/Path_Navigation/install/nav_bringup/share/nav_bringup/launch/rviz_launch.py
[0.656s] -- Symlinking: /home/lin/SX_RM_Navigation/Path_Navigation/install/nav_bringup/share/nav_bringup/launch/slam_launch.py
[0.664s] -- Symlinking: /home/lin/SX_RM_Navigation/Path_Navigation/install/nav_bringup/share/nav_bringup/map/reality/rmuc_2024.pgm
[0.673s] -- Symlinking: /home/lin/SX_RM_Navigation/Path_Navigation/install/nav_bringup/share/nav_bringup/map/reality/rmuc_2024.yaml
[0.680s] -- Symlinking: /home/lin/SX_RM_Navigation/Path_Navigation/install/nav_bringup/share/nav_bringup/map/reality/rmuc_2025.pgm
[0.688s] -- Symlinking: /home/lin/SX_RM_Navigation/Path_Navigation/install/nav_bringup/share/nav_bringup/map/reality/rmuc_2025.yaml
[0.695s] -- Symlinking: /home/lin/SX_RM_Navigation/Path_Navigation/install/nav_bringup/share/nav_bringup/map/reality/rmul_2024.pgm
[0.703s] -- Symlinking: /home/lin/SX_RM_Navigation/Path_Navigation/install/nav_bringup/share/nav_bringup/map/reality/rmul_2024.yaml
[0.712s] -- Symlinking: /home/lin/SX_RM_Navigation/Path_Navigation/install/nav_bringup/share/nav_bringup/map/reality/rmul_2025.pgm
[0.720s] -- Symlinking: /home/lin/SX_RM_Navigation/Path_Navigation/install/nav_bringup/share/nav_bringup/map/reality/rmul_2025.yaml
[0.728s] -- Symlinking: /home/lin/SX_RM_Navigation/Path_Navigation/install/nav_bringup/share/nav_bringup/map/reality/rmul_2026.pgm
[0.737s] -- Symlinking: /home/lin/SX_RM_Navigation/Path_Navigation/install/nav_bringup/share/nav_bringup/map/reality/rmul_2026.yaml
[0.745s] -- Symlinking: /home/lin/SX_RM_Navigation/Path_Navigation/install/nav_bringup/share/nav_bringup/map/simulation/rmuc_2024.pgm
[0.753s] -- Symlinking: /home/lin/SX_RM_Navigation/Path_Navigation/install/nav_bringup/share/nav_bringup/map/simulation/rmuc_2024.yaml
[0.761s] -- Symlinking: /home/lin/SX_RM_Navigation/Path_Navigation/install/nav_bringup/share/nav_bringup/map/simulation/rmuc_2025.pgm
[0.770s] -- Symlinking: /home/lin/SX_RM_Navigation/Path_Navigation/install/nav_bringup/share/nav_bringup/map/simulation/rmuc_2025.yaml
[0.777s] -- Symlinking: /home/lin/SX_RM_Navigation/Path_Navigation/install/nav_bringup/share/nav_bringup/map/simulation/rmul_2024.pgm
[0.785s] -- Symlinking: /home/lin/SX_RM_Navigation/Path_Navigation/install/nav_bringup/share/nav_bringup/map/simulation/rmul_2024.yaml
[0.793s] -- Symlinking: /home/lin/SX_RM_Navigation/Path_Navigation/install/nav_bringup/share/nav_bringup/map/simulation/rmul_2025.pgm
[0.802s] -- Symlinking: /home/lin/SX_RM_Navigation/Path_Navigation/install/nav_bringup/share/nav_bringup/map/simulation/rmul_2025.yaml
[0.807s] -- Symlinking: /home/lin/SX_RM_Navigation/Path_Navigation/install/nav_bringup/share/nav_bringup/map/simulation/rmul_2026.pgm
[0.815s] -- Symlinking: /home/lin/SX_RM_Navigation/Path_Navigation/install/nav_bringup/share/nav_bringup/map/simulation/rmul_2026.yaml
[0.823s] -- Symlinking: /home/lin/SX_RM_Navigation/Path_Navigation/install/nav_bringup/share/nav_bringup/config/reality/mid360_user_config.json
[0.832s] -- Symlinking: /home/lin/SX_RM_Navigation/Path_Navigation/install/nav_bringup/share/nav_bringup/config/reality/nav2_params.yaml
[0.839s] -- Symlinking: /home/lin/SX_RM_Navigation/Path_Navigation/install/nav_bringup/share/nav_bringup/config/simulation/nav2_params.yaml
[0.846s] -- Symlinking: /home/lin/SX_RM_Navigation/Path_Navigation/install/nav_bringup/share/nav_bringup/behavior_trees/navigate_through_poses_w_replanning_and_recovery.xml
[0.855s] -- Symlinking: /home/lin/SX_RM_Navigation/Path_Navigation/install/nav_bringup/share/nav_bringup/behavior_trees/navigate_to_pose_w_replanning_and_recovery.xml
[0.864s] -- Symlinking: /home/lin/SX_RM_Navigation/Path_Navigation/install/nav_bringup/share/nav_bringup/rviz/nav2_default_view.rviz
[0.872s] -- Symlinking: /home/lin/SX_RM_Navigation/Path_Navigation/install/nav_bringup/share/ament_index/resource_index/package_run_dependencies/nav_bringup
[0.879s] -- Symlinking: /home/lin/SX_RM_Navigation/Path_Navigation/install/nav_bringup/share/ament_index/resource_index/parent_prefix_path/nav_bringup
[0.888s] -- Symlinking: /home/lin/SX_RM_Navigation/Path_Navigation/install/nav_bringup/share/nav_bringup/environment/ament_prefix_path.sh
[0.896s] -- Symlinking: /home/lin/SX_RM_Navigation/Path_Navigation/install/nav_bringup/share/nav_bringup/environment/ament_prefix_path.dsv
[0.905s] -- Symlinking: /home/lin/SX_RM_Navigation/Path_Navigation/install/nav_bringup/share/nav_bringup/environment/path.sh
[0.913s] -- Symlinking: /home/lin/SX_RM_Navigation/Path_Navigation/install/nav_bringup/share/nav_bringup/environment/path.dsv
[0.922s] -- Symlinking: /home/lin/SX_RM_Navigation/Path_Navigation/install/nav_bringup/share/nav_bringup/local_setup.bash
[0.931s] -- Symlinking: /home/lin/SX_RM_Navigation/Path_Navigation/install/nav_bringup/share/nav_bringup/local_setup.sh
[0.939s] -- Symlinking: /home/lin/SX_RM_Navigation/Path_Navigation/install/nav_bringup/share/nav_bringup/local_setup.zsh
[0.948s] -- Symlinking: /home/lin/SX_RM_Navigation/Path_Navigation/install/nav_bringup/share/nav_bringup/local_setup.dsv
[0.955s] -- Symlinking: /home/lin/SX_RM_Navigation/Path_Navigation/install/nav_bringup/share/nav_bringup/package.dsv
[0.963s] -- Symlinking: /home/lin/SX_RM_Navigation/Path_Navigation/install/nav_bringup/share/ament_index/resource_index/packages/nav_bringup
[0.970s] -- Symlinking: /home/lin/SX_RM_Navigation/Path_Navigation/install/nav_bringup/share/nav_bringup/cmake/nav_bringupConfig.cmake
[0.980s] -- Symlinking: /home/lin/SX_RM_Navigation/Path_Navigation/install/nav_bringup/share/nav_bringup/cmake/nav_bringupConfig-version.cmake
[0.987s] -- Symlinking: /home/lin/SX_RM_Navigation/Path_Navigation/install/nav_bringup/share/nav_bringup/package.xml
[0.997s] Invoked command in '/home/lin/SX_RM_Navigation/Path_Navigation/build/nav_bringup' returned '0': AMENT_PREFIX_PATH=/home/lin/SX_RM_Navigation/Path_Navigation/install/point_lio:/home/lin/SX_RM_Navigation/Path_Navigation/install/terrain_analysis_ext:/home/lin/SX_RM_Navigation/Path_Navigation/install/terrain_analysis:/home/lin/SX_RM_Navigation/Path_Navigation/install/small_gicp_relocalization:/home/lin/SX_RM_Navigation/Path_Navigation/install/pointcloud_to_laserscan:/home/lin/SX_RM_Navigation/Path_Navigation/install/path_tracking_controller:/home/lin/SX_RM_Navigation/Path_Navigation/install/livox_ros_driver2:${AMENT_PREFIX_PATH} CMAKE_PREFIX_PATH=/home/lin/SX_RM_Navigation/Path_Navigation/install/point_lio:/home/lin/SX_RM_Navigation/Path_Navigation/install/terrain_analysis_ext:/home/lin/SX_RM_Navigation/Path_Navigation/install/terrain_analysis:/home/lin/SX_RM_Navigation/Path_Navigation/install/small_gicp_relocalization:/home/lin/SX_RM_Navigation/Path_Navigation/install/pointcloud_to_laserscan:/home/lin/SX_RM_Navigation/Path_Navigation/install/path_tracking_controller:/home/lin/SX_RM_Navigation/Path_Navigation/install/livox_ros_driver2:/opt/ros/humble LD_LIBRARY_PATH=/home/lin/SX_RM_Navigation/Path_Navigation/install/small_gicp_relocalization/lib:/home/lin/SX_RM_Navigation/Path_Navigation/install/pointcloud_to_laserscan/lib:/home/lin/SX_RM_Navigation/Path_Navigation/install/path_tracking_controller/lib:/home/lin/SX_RM_Navigation/Path_Navigation/install/livox_ros_driver2/lib:${LD_LIBRARY_PATH} PYTHONPATH=/home/lin/SX_RM_Navigation/Path_Navigation/install/livox_ros_driver2/local/lib/python3.10/dist-packages:${PYTHONPATH} /usr/bin/cmake --install /home/lin/SX_RM_Navigation/Path_Navigation/build/nav_bringup
