[0.023s] Invoking command in '/home/lin/SX_RM_Navigation/Path_Navigation/build/terrain_analysis': CMAKE_PREFIX_PATH=${CMAKE_PREFIX_PATH}:/opt/ros/humble /usr/bin/cmake --build /home/lin/SX_RM_Navigation/Path_Navigation/build/terrain_analysis -- -j32 -l32
[0.077s] [100%] Built target terrainAnalysis
[0.096s] Invoked command in '/home/lin/SX_RM_Navigation/Path_Navigation/build/terrain_analysis' returned '0': CMAKE_PREFIX_PATH=${CMAKE_PREFIX_PATH}:/opt/ros/humble /usr/bin/cmake --build /home/lin/SX_RM_Navigation/Path_Navigation/build/terrain_analysis -- -j32 -l32
[0.097s] Invoking command in '/home/lin/SX_RM_Navigation/Path_Navigation/build/terrain_analysis': CMAKE_PREFIX_PATH=${CMAKE_PREFIX_PATH}:/opt/ros/humble /usr/bin/cmake --install /home/lin/SX_RM_Navigation/Path_Navigation/build/terrain_analysis
[0.112s] -- Install configuration: "Release"
[0.112s] -- Execute custom install script
[0.113s] -- Up-to-date symlink: /home/lin/SX_RM_Navigation/Path_Navigation/install/terrain_analysis/lib/terrain_analysis/terrainAnalysis
[0.113s] -- Up-to-date symlink: /home/lin/SX_RM_Navigation/Path_Navigation/install/terrain_analysis/share/terrain_analysis/launch/terrain_analysis.launch
[0.113s] -- Up-to-date symlink: /home/lin/SX_RM_Navigation/Path_Navigation/install/terrain_analysis/share/ament_index/resource_index/package_run_dependencies/terrain_analysis
[0.113s] -- Up-to-date symlink: /home/lin/SX_RM_Navigation/Path_Navigation/install/terrain_analysis/share/ament_index/resource_index/parent_prefix_path/terrain_analysis
[0.113s] -- Up-to-date symlink: /home/lin/SX_RM_Navigation/Path_Navigation/install/terrain_analysis/share/terrain_analysis/environment/ament_prefix_path.sh
[0.113s] -- Up-to-date symlink: /home/lin/SX_RM_Navigation/Path_Navigation/install/terrain_analysis/share/terrain_analysis/environment/ament_prefix_path.dsv
[0.113s] -- Up-to-date symlink: /home/lin/SX_RM_Navigation/Path_Navigation/install/terrain_analysis/share/terrain_analysis/environment/path.sh
[0.113s] -- Up-to-date symlink: /home/lin/SX_RM_Navigation/Path_Navigation/install/terrain_analysis/share/terrain_analysis/environment/path.dsv
[0.114s] -- Up-to-date symlink: /home/lin/SX_RM_Navigation/Path_Navigation/install/terrain_analysis/share/terrain_analysis/local_setup.bash
[0.114s] -- Up-to-date symlink: /home/lin/SX_RM_Navigation/Path_Navigation/install/terrain_analysis/share/terrain_analysis/local_setup.sh
[0.114s] -- Up-to-date symlink: /home/lin/SX_RM_Navigation/Path_Navigation/install/terrain_analysis/share/terrain_analysis/local_setup.zsh
[0.114s] -- Up-to-date symlink: /home/lin/SX_RM_Navigation/Path_Navigation/install/terrain_analysis/share/terrain_analysis/local_setup.dsv
[0.114s] -- Symlinking: /home/lin/SX_RM_Navigation/Path_Navigation/install/terrain_analysis/share/terrain_analysis/package.dsv
[0.115s] -- Up-to-date symlink: /home/lin/SX_RM_Navigation/Path_Navigation/install/terrain_analysis/share/ament_index/resource_index/packages/terrain_analysis
[0.115s] -- Up-to-date symlink: /home/lin/SX_RM_Navigation/Path_Navigation/install/terrain_analysis/share/terrain_analysis/cmake/terrain_analysisConfig.cmake
[0.115s] -- Up-to-date symlink: /home/lin/SX_RM_Navigation/Path_Navigation/install/terrain_analysis/share/terrain_analysis/cmake/terrain_analysisConfig-version.cmake
[0.116s] -- Up-to-date symlink: /home/lin/SX_RM_Navigation/Path_Navigation/install/terrain_analysis/share/terrain_analysis/package.xml
[0.172s] Invoked command in '/home/lin/SX_RM_Navigation/Path_Navigation/build/terrain_analysis' returned '0': CMAKE_PREFIX_PATH=${CMAKE_PREFIX_PATH}:/opt/ros/humble /usr/bin/cmake --install /home/lin/SX_RM_Navigation/Path_Navigation/build/terrain_analysis
