[0.024s] Invoking command in '/home/lin/SX_RM_Navigation/Path_Navigation/build/small_gicp_relocalization': CMAKE_PREFIX_PATH=${CMAKE_PREFIX_PATH}:/opt/ros/humble /usr/bin/cmake --build /home/lin/SX_RM_Navigation/Path_Navigation/build/small_gicp_relocalization -- -j32 -l32
[0.055s] [35m[1mConsolidate compiler generated dependencies of target small_gicp_relocalization[0m
[0.058s] [35m[1mConsolidate compiler generated dependencies of target small_gicp_relocalization_node[0m
[0.072s] [ 50%] Built target small_gicp_relocalization_node
[0.078s] [100%] Built target small_gicp_relocalization
[0.094s] Invoked command in '/home/lin/SX_RM_Navigation/Path_Navigation/build/small_gicp_relocalization' returned '0': CMAKE_PREFIX_PATH=${CMAKE_PREFIX_PATH}:/opt/ros/humble /usr/bin/cmake --build /home/lin/SX_RM_Navigation/Path_Navigation/build/small_gicp_relocalization -- -j32 -l32
[0.095s] Invoking command in '/home/lin/SX_RM_Navigation/Path_Navigation/build/small_gicp_relocalization': CMAKE_PREFIX_PATH=${CMAKE_PREFIX_PATH}:/opt/ros/humble /usr/bin/cmake --install /home/lin/SX_RM_Navigation/Path_Navigation/build/small_gicp_relocalization
[0.103s] -- Install configuration: "Release"
[0.104s] -- Execute custom install script
[0.105s] -- Up-to-date symlink: /home/lin/SX_RM_Navigation/Path_Navigation/install/small_gicp_relocalization/lib/small_gicp_relocalization/small_gicp_relocalization_node
[0.106s] -- Up-to-date symlink: /home/lin/SX_RM_Navigation/Path_Navigation/install/small_gicp_relocalization/include/small_gicp_relocalization/small_gicp_relocalization.hpp
[0.106s] -- Up-to-date symlink: /home/lin/SX_RM_Navigation/Path_Navigation/install/small_gicp_relocalization/share/small_gicp_relocalization/environment/library_path.sh
[0.106s] -- Up-to-date symlink: /home/lin/SX_RM_Navigation/Path_Navigation/install/small_gicp_relocalization/share/small_gicp_relocalization/environment/library_path.dsv
[0.106s] -- Up-to-date symlink: /home/lin/SX_RM_Navigation/Path_Navigation/install/small_gicp_relocalization/lib/libsmall_gicp_relocalization.so
[0.106s] -- Up-to-date symlink: /home/lin/SX_RM_Navigation/Path_Navigation/install/small_gicp_relocalization/share/small_gicp_relocalization/launch/small_gicp_relocalization_launch.py
[0.107s] -- Up-to-date symlink: /home/lin/SX_RM_Navigation/Path_Navigation/install/small_gicp_relocalization/share/ament_index/resource_index/package_run_dependencies/small_gicp_relocalization
[0.107s] -- Up-to-date symlink: /home/lin/SX_RM_Navigation/Path_Navigation/install/small_gicp_relocalization/share/ament_index/resource_index/parent_prefix_path/small_gicp_relocalization
[0.107s] -- Up-to-date symlink: /home/lin/SX_RM_Navigation/Path_Navigation/install/small_gicp_relocalization/share/small_gicp_relocalization/environment/ament_prefix_path.sh
[0.107s] -- Up-to-date symlink: /home/lin/SX_RM_Navigation/Path_Navigation/install/small_gicp_relocalization/share/small_gicp_relocalization/environment/ament_prefix_path.dsv
[0.107s] -- Up-to-date symlink: /home/lin/SX_RM_Navigation/Path_Navigation/install/small_gicp_relocalization/share/small_gicp_relocalization/environment/path.sh
[0.107s] -- Up-to-date symlink: /home/lin/SX_RM_Navigation/Path_Navigation/install/small_gicp_relocalization/share/small_gicp_relocalization/environment/path.dsv
[0.107s] -- Up-to-date symlink: /home/lin/SX_RM_Navigation/Path_Navigation/install/small_gicp_relocalization/share/small_gicp_relocalization/local_setup.bash
[0.107s] -- Up-to-date symlink: /home/lin/SX_RM_Navigation/Path_Navigation/install/small_gicp_relocalization/share/small_gicp_relocalization/local_setup.sh
[0.107s] -- Up-to-date symlink: /home/lin/SX_RM_Navigation/Path_Navigation/install/small_gicp_relocalization/share/small_gicp_relocalization/local_setup.zsh
[0.107s] -- Up-to-date symlink: /home/lin/SX_RM_Navigation/Path_Navigation/install/small_gicp_relocalization/share/small_gicp_relocalization/local_setup.dsv
[0.107s] -- Symlinking: /home/lin/SX_RM_Navigation/Path_Navigation/install/small_gicp_relocalization/share/small_gicp_relocalization/package.dsv
[0.115s] -- Up-to-date symlink: /home/lin/SX_RM_Navigation/Path_Navigation/install/small_gicp_relocalization/share/ament_index/resource_index/packages/small_gicp_relocalization
[0.117s] -- Up-to-date symlink: /home/lin/SX_RM_Navigation/Path_Navigation/install/small_gicp_relocalization/share/ament_index/resource_index/rclcpp_components/small_gicp_relocalization
[0.117s] -- Up-to-date symlink: /home/lin/SX_RM_Navigation/Path_Navigation/install/small_gicp_relocalization/share/small_gicp_relocalization/cmake/ament_cmake_export_dependencies-extras.cmake
[0.117s] -- Up-to-date symlink: /home/lin/SX_RM_Navigation/Path_Navigation/install/small_gicp_relocalization/share/small_gicp_relocalization/cmake/ament_cmake_export_include_directories-extras.cmake
[0.118s] -- Up-to-date symlink: /home/lin/SX_RM_Navigation/Path_Navigation/install/small_gicp_relocalization/share/small_gicp_relocalization/cmake/ament_cmake_export_libraries-extras.cmake
[0.118s] -- Up-to-date symlink: /home/lin/SX_RM_Navigation/Path_Navigation/install/small_gicp_relocalization/share/small_gicp_relocalization/cmake/small_gicp_relocalizationConfig.cmake
[0.119s] -- Up-to-date symlink: /home/lin/SX_RM_Navigation/Path_Navigation/install/small_gicp_relocalization/share/small_gicp_relocalization/cmake/small_gicp_relocalizationConfig-version.cmake
[0.119s] -- Up-to-date symlink: /home/lin/SX_RM_Navigation/Path_Navigation/install/small_gicp_relocalization/share/small_gicp_relocalization/package.xml
[0.167s] Invoked command in '/home/lin/SX_RM_Navigation/Path_Navigation/build/small_gicp_relocalization' returned '0': CMAKE_PREFIX_PATH=${CMAKE_PREFIX_PATH}:/opt/ros/humble /usr/bin/cmake --install /home/lin/SX_RM_Navigation/Path_Navigation/build/small_gicp_relocalization
